<?xml version="1.0"?>
<link_info>
   <banner>TI ARM Linker PC v5.2.2</banner>
   <copyright>Copyright (c) 1996-2015 Texas Instruments Incorporated</copyright>
   <link_time>0x552ddee7</link_time>
   <link_errors>0x0</link_errors>
   <output_file>LPTcpServer.out</output_file>
   <entry_point>
      <name>_c_int00</name>
      <address>0x2000b845</address>
   </entry_point>
   <input_file_list>
      <input_file id="fl-2">
         <path>.\</path>
         <kind>object</kind>
         <file>gpio_if.obj</file>
         <name>gpio_if.obj</name>
      </input_file>
      <input_file id="fl-3">
         <path>.\</path>
         <kind>object</kind>
         <file>main.obj</file>
         <name>main.obj</name>
      </input_file>
      <input_file id="fl-4">
         <path>.\</path>
         <kind>object</kind>
         <file>pinmux.obj</file>
         <name>pinmux.obj</name>
      </input_file>
      <input_file id="fl-5">
         <path>.\</path>
         <kind>object</kind>
         <file>startup_ccs.obj</file>
         <name>startup_ccs.obj</name>
      </input_file>
      <input_file id="fl-6">
         <path>.\</path>
         <kind>object</kind>
         <file>uart_if.obj</file>
         <name>uart_if.obj</name>
      </input_file>
      <input_file id="fl-7">
         <path>.\</path>
         <kind>object</kind>
         <file>udma_if.obj</file>
         <name>udma_if.obj</name>
      </input_file>
      <input_file id="fl-12f">
         <path>C:\TI\ccsv6\tools\compiler\ti-cgt-arm_5.2.2\lib\</path>
         <kind>archive</kind>
         <file>rtsv7M4_T_le_eabi.lib</file>
         <name>boot.obj</name>
      </input_file>
      <input_file id="fl-130">
         <path>C:\TI\ccsv6\tools\compiler\ti-cgt-arm_5.2.2\lib\</path>
         <kind>archive</kind>
         <file>rtsv7M4_T_le_eabi.lib</file>
         <name>copy_decompress_none.obj</name>
      </input_file>
      <input_file id="fl-131">
         <path>C:\TI\ccsv6\tools\compiler\ti-cgt-arm_5.2.2\lib\</path>
         <kind>archive</kind>
         <file>rtsv7M4_T_le_eabi.lib</file>
         <name>copy_decompress_rle.obj</name>
      </input_file>
      <input_file id="fl-132">
         <path>C:\TI\ccsv6\tools\compiler\ti-cgt-arm_5.2.2\lib\</path>
         <kind>archive</kind>
         <file>rtsv7M4_T_le_eabi.lib</file>
         <name>copy_zero_init.obj</name>
      </input_file>
      <input_file id="fl-133">
         <path>C:\TI\ccsv6\tools\compiler\ti-cgt-arm_5.2.2\lib\</path>
         <kind>archive</kind>
         <file>rtsv7M4_T_le_eabi.lib</file>
         <name>exit.obj</name>
      </input_file>
      <input_file id="fl-134">
         <path>C:\TI\ccsv6\tools\compiler\ti-cgt-arm_5.2.2\lib\</path>
         <kind>archive</kind>
         <file>rtsv7M4_T_le_eabi.lib</file>
         <name>memcpy_t2.obj</name>
      </input_file>
      <input_file id="fl-135">
         <path>C:\TI\ccsv6\tools\compiler\ti-cgt-arm_5.2.2\lib\</path>
         <kind>archive</kind>
         <file>rtsv7M4_T_le_eabi.lib</file>
         <name>memmov.obj</name>
      </input_file>
      <input_file id="fl-136">
         <path>C:\TI\ccsv6\tools\compiler\ti-cgt-arm_5.2.2\lib\</path>
         <kind>archive</kind>
         <file>rtsv7M4_T_le_eabi.lib</file>
         <name>memory.obj</name>
      </input_file>
      <input_file id="fl-137">
         <path>C:\TI\ccsv6\tools\compiler\ti-cgt-arm_5.2.2\lib\</path>
         <kind>archive</kind>
         <file>rtsv7M4_T_le_eabi.lib</file>
         <name>memset_t2.obj</name>
      </input_file>
      <input_file id="fl-138">
         <path>C:\TI\ccsv6\tools\compiler\ti-cgt-arm_5.2.2\lib\</path>
         <kind>archive</kind>
         <file>rtsv7M4_T_le_eabi.lib</file>
         <name>pre_init.obj</name>
      </input_file>
      <input_file id="fl-139">
         <path>C:\TI\ccsv6\tools\compiler\ti-cgt-arm_5.2.2\lib\</path>
         <kind>archive</kind>
         <file>rtsv7M4_T_le_eabi.lib</file>
         <name>stkdepth_vars.obj</name>
      </input_file>
      <input_file id="fl-13a">
         <path>C:\TI\ccsv6\tools\compiler\ti-cgt-arm_5.2.2\lib\</path>
         <kind>archive</kind>
         <file>rtsv7M4_T_le_eabi.lib</file>
         <name>strcmp.obj</name>
      </input_file>
      <input_file id="fl-13b">
         <path>C:\TI\ccsv6\tools\compiler\ti-cgt-arm_5.2.2\lib\</path>
         <kind>archive</kind>
         <file>rtsv7M4_T_le_eabi.lib</file>
         <name>strlen.obj</name>
      </input_file>
      <input_file id="fl-13c">
         <path>C:\TI\ccsv6\tools\compiler\ti-cgt-arm_5.2.2\lib\</path>
         <kind>archive</kind>
         <file>rtsv7M4_T_le_eabi.lib</file>
         <name>strtok.obj</name>
      </input_file>
      <input_file id="fl-13d">
         <path>C:\TI\ccsv6\tools\compiler\ti-cgt-arm_5.2.2\lib\</path>
         <kind>archive</kind>
         <file>rtsv7M4_T_le_eabi.lib</file>
         <name>strtoul.obj</name>
      </input_file>
      <input_file id="fl-13e">
         <path>C:\TI\ccsv6\tools\compiler\ti-cgt-arm_5.2.2\lib\</path>
         <kind>archive</kind>
         <file>rtsv7M4_T_le_eabi.lib</file>
         <name>vsnprintf.obj</name>
      </input_file>
      <input_file id="fl-13f">
         <path>C:\TI\ccsv6\tools\compiler\ti-cgt-arm_5.2.2\lib\</path>
         <kind>archive</kind>
         <file>rtsv7M4_T_le_eabi.lib</file>
         <name>_lock.obj</name>
      </input_file>
      <input_file id="fl-140">
         <path>C:\TI\ccsv6\tools\compiler\ti-cgt-arm_5.2.2\lib\</path>
         <kind>archive</kind>
         <file>rtsv7M4_T_le_eabi.lib</file>
         <name>_printfi.obj</name>
      </input_file>
      <input_file id="fl-141">
         <path>C:\TI\ccsv6\tools\compiler\ti-cgt-arm_5.2.2\lib\</path>
         <kind>archive</kind>
         <file>rtsv7M4_T_le_eabi.lib</file>
         <name>args_main.obj</name>
      </input_file>
      <input_file id="fl-142">
         <path>C:\TI\ccsv6\tools\compiler\ti-cgt-arm_5.2.2\lib\</path>
         <kind>archive</kind>
         <file>rtsv7M4_T_le_eabi.lib</file>
         <name>atoi.obj</name>
      </input_file>
      <input_file id="fl-143">
         <path>C:\TI\ccsv6\tools\compiler\ti-cgt-arm_5.2.2\lib\</path>
         <kind>archive</kind>
         <file>rtsv7M4_T_le_eabi.lib</file>
         <name>autoinit.obj</name>
      </input_file>
      <input_file id="fl-144">
         <path>C:\TI\ccsv6\tools\compiler\ti-cgt-arm_5.2.2\lib\</path>
         <kind>archive</kind>
         <file>rtsv7M4_T_le_eabi.lib</file>
         <name>cpy_tbl.obj</name>
      </input_file>
      <input_file id="fl-145">
         <path>C:\TI\ccsv6\tools\compiler\ti-cgt-arm_5.2.2\lib\</path>
         <kind>archive</kind>
         <file>rtsv7M4_T_le_eabi.lib</file>
         <name>ctype.obj</name>
      </input_file>
      <input_file id="fl-146">
         <path>C:\TI\ccsv6\tools\compiler\ti-cgt-arm_5.2.2\lib\</path>
         <kind>archive</kind>
         <file>rtsv7M4_T_le_eabi.lib</file>
         <name>errno.obj</name>
      </input_file>
      <input_file id="fl-147">
         <path>C:\TI\ccsv6\tools\compiler\ti-cgt-arm_5.2.2\lib\</path>
         <kind>archive</kind>
         <file>rtsv7M4_T_le_eabi.lib</file>
         <name>fd_add_t2.obj</name>
      </input_file>
      <input_file id="fl-148">
         <path>C:\TI\ccsv6\tools\compiler\ti-cgt-arm_5.2.2\lib\</path>
         <kind>archive</kind>
         <file>rtsv7M4_T_le_eabi.lib</file>
         <name>fd_cmp_t2.obj</name>
      </input_file>
      <input_file id="fl-149">
         <path>C:\TI\ccsv6\tools\compiler\ti-cgt-arm_5.2.2\lib\</path>
         <kind>archive</kind>
         <file>rtsv7M4_T_le_eabi.lib</file>
         <name>fd_div_t2.obj</name>
      </input_file>
      <input_file id="fl-14a">
         <path>C:\TI\ccsv6\tools\compiler\ti-cgt-arm_5.2.2\lib\</path>
         <kind>archive</kind>
         <file>rtsv7M4_T_le_eabi.lib</file>
         <name>fd_mul_t2.obj</name>
      </input_file>
      <input_file id="fl-14b">
         <path>C:\TI\ccsv6\tools\compiler\ti-cgt-arm_5.2.2\lib\</path>
         <kind>archive</kind>
         <file>rtsv7M4_T_le_eabi.lib</file>
         <name>fd_toi_t2.obj</name>
      </input_file>
      <input_file id="fl-14c">
         <path>C:\TI\ccsv6\tools\compiler\ti-cgt-arm_5.2.2\lib\</path>
         <kind>archive</kind>
         <file>rtsv7M4_T_le_eabi.lib</file>
         <name>frexp.obj</name>
      </input_file>
      <input_file id="fl-14d">
         <path>C:\TI\ccsv6\tools\compiler\ti-cgt-arm_5.2.2\lib\</path>
         <kind>archive</kind>
         <file>rtsv7M4_T_le_eabi.lib</file>
         <name>i_tofd_t2.obj</name>
      </input_file>
      <input_file id="fl-14e">
         <path>C:\TI\ccsv6\tools\compiler\ti-cgt-arm_5.2.2\lib\</path>
         <kind>archive</kind>
         <file>rtsv7M4_T_le_eabi.lib</file>
         <name>ldexp.obj</name>
      </input_file>
      <input_file id="fl-14f">
         <path>C:\TI\ccsv6\tools\compiler\ti-cgt-arm_5.2.2\lib\</path>
         <kind>archive</kind>
         <file>rtsv7M4_T_le_eabi.lib</file>
         <name>ltoa.obj</name>
      </input_file>
      <input_file id="fl-150">
         <path>C:\TI\ccsv6\tools\compiler\ti-cgt-arm_5.2.2\lib\</path>
         <kind>archive</kind>
         <file>rtsv7M4_T_le_eabi.lib</file>
         <name>memccpy.obj</name>
      </input_file>
      <input_file id="fl-151">
         <path>C:\TI\ccsv6\tools\compiler\ti-cgt-arm_5.2.2\lib\</path>
         <kind>archive</kind>
         <file>rtsv7M4_T_le_eabi.lib</file>
         <name>strchr.obj</name>
      </input_file>
      <input_file id="fl-152">
         <path>C:\TI\ccsv6\tools\compiler\ti-cgt-arm_5.2.2\lib\</path>
         <kind>archive</kind>
         <file>rtsv7M4_T_le_eabi.lib</file>
         <name>strcspn.obj</name>
      </input_file>
      <input_file id="fl-153">
         <path>C:\TI\ccsv6\tools\compiler\ti-cgt-arm_5.2.2\lib\</path>
         <kind>archive</kind>
         <file>rtsv7M4_T_le_eabi.lib</file>
         <name>strspn.obj</name>
      </input_file>
      <input_file id="fl-154">
         <path>C:\TI\ccsv6\tools\compiler\ti-cgt-arm_5.2.2\lib\</path>
         <kind>archive</kind>
         <file>rtsv7M4_T_le_eabi.lib</file>
         <name>ull_div_t2.obj</name>
      </input_file>
      <input_file id="fl-155">
         <path>C:\TI\ccsv6\tools\compiler\ti-cgt-arm_5.2.2\lib\</path>
         <kind>archive</kind>
         <file>rtsv7M4_T_le_eabi.lib</file>
         <name>xdclass.obj</name>
      </input_file>
      <input_file id="fl-156">
         <path>C:\TI\ccsv6\tools\compiler\ti-cgt-arm_5.2.2\lib\</path>
         <kind>archive</kind>
         <file>rtsv7M4_T_le_eabi.lib</file>
         <name>xdscale.obj</name>
      </input_file>
      <input_file id="fl-157">
         <path>C:\TI\ccsv6\tools\compiler\ti-cgt-arm_5.2.2\lib\</path>
         <kind>archive</kind>
         <file>rtsv7M4_T_le_eabi.lib</file>
         <name>xdunscal.obj</name>
      </input_file>
      <input_file id="fl-158">
         <path>C:\TI\ccsv6\tools\compiler\ti-cgt-arm_5.2.2\lib\</path>
         <kind>archive</kind>
         <file>rtsv7M4_T_le_eabi.lib</file>
         <name>xferaise.obj</name>
      </input_file>
      <input_file id="fl-159">
         <path>C:\TI\ccsv6\tools\compiler\ti-cgt-arm_5.2.2\lib\</path>
         <kind>archive</kind>
         <file>rtsv7M4_T_le_eabi.lib</file>
         <name>xvalues.obj</name>
      </input_file>
      <input_file id="fl-15a">
         <path>C:\TI\ccsv6\tools\compiler\ti-cgt-arm_5.2.2\lib\</path>
         <kind>archive</kind>
         <file>rtsv7M4_T_le_eabi.lib</file>
         <name>feraiseexcept.obj</name>
      </input_file>
      <input_file id="fl-15b">
         <path>C:\TI\ccsv6\tools\compiler\ti-cgt-arm_5.2.2\lib\</path>
         <kind>archive</kind>
         <file>rtsv7M4_T_le_eabi.lib</file>
         <name>raise.obj</name>
      </input_file>
      <input_file id="fl-15c">
         <path>C:\TI\ccsv6\tools\compiler\ti-cgt-arm_5.2.2\lib\</path>
         <kind>archive</kind>
         <file>rtsv7M4_T_le_eabi.lib</file>
         <name>signal.obj</name>
      </input_file>
      <input_file id="fl-15d">
         <path>C:\TI\ccsv6\tools\compiler\ti-cgt-arm_5.2.2\lib\</path>
         <kind>archive</kind>
         <file>rtsv7M4_T_le_eabi.lib</file>
         <name>xdnorm.obj</name>
      </input_file>
      <input_file id="fl-15e">
         <path>C:\TI\CC3200SDK_1.1.0\cc3200-sdk\example\LPTcpServer\ccs\..\..\..\simplelink\ccs\NON_OS\</path>
         <kind>archive</kind>
         <file>simplelink.a</file>
         <name>device.obj</name>
      </input_file>
      <input_file id="fl-15f">
         <path>C:\TI\CC3200SDK_1.1.0\cc3200-sdk\example\LPTcpServer\ccs\..\..\..\simplelink\ccs\NON_OS\</path>
         <kind>archive</kind>
         <file>simplelink.a</file>
         <name>driver.obj</name>
      </input_file>
      <input_file id="fl-160">
         <path>C:\TI\CC3200SDK_1.1.0\cc3200-sdk\example\LPTcpServer\ccs\..\..\..\simplelink\ccs\NON_OS\</path>
         <kind>archive</kind>
         <file>simplelink.a</file>
         <name>netapp.obj</name>
      </input_file>
      <input_file id="fl-161">
         <path>C:\TI\CC3200SDK_1.1.0\cc3200-sdk\example\LPTcpServer\ccs\..\..\..\simplelink\ccs\NON_OS\</path>
         <kind>archive</kind>
         <file>simplelink.a</file>
         <name>netcfg.obj</name>
      </input_file>
      <input_file id="fl-162">
         <path>C:\TI\CC3200SDK_1.1.0\cc3200-sdk\example\LPTcpServer\ccs\..\..\..\simplelink\ccs\NON_OS\</path>
         <kind>archive</kind>
         <file>simplelink.a</file>
         <name>nonos.obj</name>
      </input_file>
      <input_file id="fl-163">
         <path>C:\TI\CC3200SDK_1.1.0\cc3200-sdk\example\LPTcpServer\ccs\..\..\..\simplelink\ccs\NON_OS\</path>
         <kind>archive</kind>
         <file>simplelink.a</file>
         <name>socket.obj</name>
      </input_file>
      <input_file id="fl-164">
         <path>C:\TI\CC3200SDK_1.1.0\cc3200-sdk\example\LPTcpServer\ccs\..\..\..\simplelink\ccs\NON_OS\</path>
         <kind>archive</kind>
         <file>simplelink.a</file>
         <name>wlan.obj</name>
      </input_file>
      <input_file id="fl-165">
         <path>C:\TI\CC3200SDK_1.1.0\cc3200-sdk\example\LPTcpServer\ccs\..\..\..\simplelink\ccs\NON_OS\</path>
         <kind>archive</kind>
         <file>simplelink.a</file>
         <name>cc_pal.obj</name>
      </input_file>
      <input_file id="fl-166">
         <path>C:\TI\CC3200SDK_1.1.0\cc3200-sdk\example\LPTcpServer\ccs\..\..\..\driverlib\ccs\Release\</path>
         <kind>archive</kind>
         <file>driverlib.a</file>
         <name>gpio.obj</name>
      </input_file>
      <input_file id="fl-167">
         <path>C:\TI\CC3200SDK_1.1.0\cc3200-sdk\example\LPTcpServer\ccs\..\..\..\driverlib\ccs\Release\</path>
         <kind>archive</kind>
         <file>driverlib.a</file>
         <name>interrupt.obj</name>
      </input_file>
      <input_file id="fl-168">
         <path>C:\TI\CC3200SDK_1.1.0\cc3200-sdk\example\LPTcpServer\ccs\..\..\..\driverlib\ccs\Release\</path>
         <kind>archive</kind>
         <file>driverlib.a</file>
         <name>pin.obj</name>
      </input_file>
      <input_file id="fl-169">
         <path>C:\TI\CC3200SDK_1.1.0\cc3200-sdk\example\LPTcpServer\ccs\..\..\..\driverlib\ccs\Release\</path>
         <kind>archive</kind>
         <file>driverlib.a</file>
         <name>prcm.obj</name>
      </input_file>
      <input_file id="fl-16a">
         <path>C:\TI\CC3200SDK_1.1.0\cc3200-sdk\example\LPTcpServer\ccs\..\..\..\driverlib\ccs\Release\</path>
         <kind>archive</kind>
         <file>driverlib.a</file>
         <name>spi.obj</name>
      </input_file>
      <input_file id="fl-16b">
         <path>C:\TI\CC3200SDK_1.1.0\cc3200-sdk\example\LPTcpServer\ccs\..\..\..\driverlib\ccs\Release\</path>
         <kind>archive</kind>
         <file>driverlib.a</file>
         <name>uart.obj</name>
      </input_file>
      <input_file id="fl-16c">
         <path>C:\TI\CC3200SDK_1.1.0\cc3200-sdk\example\LPTcpServer\ccs\..\..\..\driverlib\ccs\Release\</path>
         <kind>archive</kind>
         <file>driverlib.a</file>
         <name>udma.obj</name>
      </input_file>
      <input_file id="fl-16d">
         <path>C:\TI\CC3200SDK_1.1.0\cc3200-sdk\example\LPTcpServer\ccs\..\..\..\driverlib\ccs\Release\</path>
         <kind>archive</kind>
         <file>driverlib.a</file>
         <name>utils.obj</name>
      </input_file>
      <input_file id="fl-16e">
         <path>C:\TI\CC3200SDK_1.1.0\cc3200-sdk\example\LPTcpServer\ccs\..\..\..\driverlib\ccs\Release\</path>
         <kind>archive</kind>
         <file>driverlib.a</file>
         <name>cpu.obj</name>
      </input_file>
      <input_file id="fl-16f">
         <path>C:\TI\CC3200SDK_1.1.0\cc3200-sdk\example\LPTcpServer\ccs\..\..\..\driverlib\ccs\Release\</path>
         <kind>archive</kind>
         <file>driverlib.a</file>
         <name>flash.obj</name>
      </input_file>
   </input_file_list>
   <object_component_list>
      <object_component id="oc-f">
         <name>.intvecs</name>
         <load_address>0x20004000</load_address>
         <run_address>0x20004000</run_address>
         <size>0x400</size>
         <input_file_ref idref="fl-5"/>
      </object_component>
      <object_component id="oc-405">
         <name>.text</name>
         <load_address>0x20004400</load_address>
         <run_address>0x20004400</run_address>
         <size>0x10a6</size>
         <input_file_ref idref="fl-140"/>
      </object_component>
      <object_component id="oc-645">
         <name>.text:IntDefaultHandler</name>
         <load_address>0x200054a6</load_address>
         <run_address>0x200054a6</run_address>
         <size>0x2</size>
         <input_file_ref idref="fl-167"/>
      </object_component>
      <object_component id="oc-9f">
         <name>.text</name>
         <load_address>0x200054a8</load_address>
         <run_address>0x200054a8</run_address>
         <size>0xfcc</size>
         <input_file_ref idref="fl-3"/>
      </object_component>
      <object_component id="oc-653">
         <name>.text:_SlDrvMsgRead</name>
         <load_address>0x20006474</load_address>
         <run_address>0x20006474</run_address>
         <size>0x5ec</size>
         <input_file_ref idref="fl-15f"/>
      </object_component>
      <object_component id="oc-1fc">
         <name>.text</name>
         <load_address>0x20006a60</load_address>
         <run_address>0x20006a60</run_address>
         <size>0x3dc</size>
         <input_file_ref idref="fl-136"/>
      </object_component>
      <object_component id="oc-13c">
         <name>.text</name>
         <load_address>0x20006e3c</load_address>
         <run_address>0x20006e3c</run_address>
         <size>0x39c</size>
         <input_file_ref idref="fl-2"/>
      </object_component>
      <object_component id="oc-cc">
         <name>.text</name>
         <load_address>0x200071d8</load_address>
         <run_address>0x200071d8</run_address>
         <size>0x280</size>
         <input_file_ref idref="fl-6"/>
      </object_component>
      <object_component id="oc-6cf">
         <name>.text:_SlDrvRxHdrRead</name>
         <load_address>0x20007458</load_address>
         <run_address>0x20007458</run_address>
         <size>0x248</size>
         <input_file_ref idref="fl-15f"/>
      </object_component>
      <object_component id="oc-16d">
         <name>.text:sl_WlanConnect</name>
         <load_address>0x200076a0</load_address>
         <run_address>0x200076a0</run_address>
         <size>0x244</size>
         <input_file_ref idref="fl-164"/>
      </object_component>
      <object_component id="oc-5b2">
         <name>.text</name>
         <load_address>0x200078e4</load_address>
         <run_address>0x200078e4</run_address>
         <size>0x1f4</size>
         <input_file_ref idref="fl-154"/>
      </object_component>
      <object_component id="oc-25a">
         <name>.text:_SlDrvReleasePoolObj</name>
         <load_address>0x20007ad8</load_address>
         <run_address>0x20007ad8</run_address>
         <size>0x1d0</size>
         <input_file_ref idref="fl-15f"/>
      </object_component>
      <object_component id="oc-503">
         <name>.text:_SlDrvMsgWrite</name>
         <load_address>0x20007ca8</load_address>
         <run_address>0x20007ca8</run_address>
         <size>0x1cc</size>
         <input_file_ref idref="fl-15f"/>
      </object_component>
      <object_component id="oc-18f">
         <name>.text</name>
         <load_address>0x20007e74</load_address>
         <run_address>0x20007e74</run_address>
         <size>0x1cc</size>
         <input_file_ref idref="fl-7"/>
      </object_component>
      <object_component id="oc-5db">
         <name>.text</name>
         <load_address>0x20008040</load_address>
         <run_address>0x20008040</run_address>
         <size>0x1b6</size>
         <input_file_ref idref="fl-147"/>
      </object_component>
      <object_component id="oc-491">
         <name>.text:_SlDrvWaitForPoolObj</name>
         <load_address>0x200081f8</load_address>
         <run_address>0x200081f8</run_address>
         <size>0x190</size>
         <input_file_ref idref="fl-15f"/>
      </object_component>
      <object_component id="oc-230">
         <name>.text:_SlDrvDriverCBInit</name>
         <load_address>0x20008388</load_address>
         <run_address>0x20008388</run_address>
         <size>0x188</size>
         <input_file_ref idref="fl-15f"/>
      </object_component>
      <object_component id="oc-6e1">
         <name>.text:_SlFindAndSetActiveObj</name>
         <load_address>0x20008510</load_address>
         <run_address>0x20008510</run_address>
         <size>0x170</size>
         <input_file_ref idref="fl-15f"/>
      </object_component>
      <object_component id="oc-236">
         <name>.text:spi_Open</name>
         <load_address>0x20008680</load_address>
         <run_address>0x20008680</run_address>
         <size>0x144</size>
         <input_file_ref idref="fl-165"/>
      </object_component>
      <object_component id="oc-160">
         <name>.text:sl_Accept</name>
         <load_address>0x200087c4</load_address>
         <run_address>0x200087c4</run_address>
         <size>0x138</size>
         <input_file_ref idref="fl-163"/>
      </object_component>
      <object_component id="oc-5c1">
         <name>.text</name>
         <load_address>0x200088fc</load_address>
         <run_address>0x200088fc</run_address>
         <size>0x136</size>
         <input_file_ref idref="fl-149"/>
      </object_component>
      <object_component id="oc-186">
         <name>.text:PRCMCC3200MCUInit</name>
         <load_address>0x20008a34</load_address>
         <run_address>0x20008a34</run_address>
         <size>0x134</size>
         <input_file_ref idref="fl-169"/>
      </object_component>
      <object_component id="oc-333">
         <name>.text:_SlDrvDataReadOp</name>
         <load_address>0x20008b68</load_address>
         <run_address>0x20008b68</run_address>
         <size>0x12c</size>
         <input_file_ref idref="fl-15f"/>
      </object_component>
      <object_component id="oc-130">
         <name>.text</name>
         <load_address>0x20008c94</load_address>
         <run_address>0x20008c94</run_address>
         <size>0x114</size>
         <input_file_ref idref="fl-13d"/>
      </object_component>
      <object_component id="oc-6ac">
         <name>.text</name>
         <load_address>0x20008da8</load_address>
         <run_address>0x20008da8</run_address>
         <size>0x110</size>
         <input_file_ref idref="fl-156"/>
      </object_component>
      <object_component id="oc-294">
         <name>.text:_SlDrvDriverCBDeinit</name>
         <load_address>0x20008eb8</load_address>
         <run_address>0x20008eb8</run_address>
         <size>0x100</size>
         <input_file_ref idref="fl-15f"/>
      </object_component>
      <object_component id="oc-73f">
         <name>.text:_SlDrvNetAppEventHandler</name>
         <load_address>0x20008fb8</load_address>
         <run_address>0x20008fb8</run_address>
         <size>0xfe</size>
         <input_file_ref idref="fl-160"/>
      </object_component>
      <object_component id="oc-5bc">
         <name>.text</name>
         <load_address>0x200090b6</load_address>
         <run_address>0x200090b6</run_address>
         <size>0xfc</size>
         <input_file_ref idref="fl-14a"/>
      </object_component>
      <object_component id="oc-6db">
         <name>.text:spi_Read</name>
         <load_address>0x200091b4</load_address>
         <run_address>0x200091b4</run_address>
         <size>0xf0</size>
         <input_file_ref idref="fl-165"/>
      </object_component>
      <object_component id="oc-3c5">
         <name>.text:uDMAChannelTransferSet</name>
         <load_address>0x200092a4</load_address>
         <run_address>0x200092a4</run_address>
         <size>0xf0</size>
         <input_file_ref idref="fl-16c"/>
      </object_component>
      <object_component id="oc-6d5">
         <name>.text:_SlDrvClassifyRxMsg</name>
         <load_address>0x20009394</load_address>
         <run_address>0x20009394</run_address>
         <size>0xd8</size>
         <input_file_ref idref="fl-15f"/>
      </object_component>
      <object_component id="oc-ed">
         <name>.text:sl_Stop</name>
         <load_address>0x2000946c</load_address>
         <run_address>0x2000946c</run_address>
         <size>0xd4</size>
         <input_file_ref idref="fl-15e"/>
      </object_component>
      <object_component id="oc-78e">
         <name>.text:_sl_HandleAsync_DnsGetHostByService</name>
         <load_address>0x20009540</load_address>
         <run_address>0x20009540</run_address>
         <size>0xc8</size>
         <input_file_ref idref="fl-160"/>
      </object_component>
      <object_component id="oc-509">
         <name>.text:_SlDrvMsgReadCmdCtx</name>
         <load_address>0x20009608</load_address>
         <run_address>0x20009608</run_address>
         <size>0xc0</size>
         <input_file_ref idref="fl-15f"/>
      </object_component>
      <object_component id="oc-4c6">
         <name>.text:_SlRemoveFromList</name>
         <load_address>0x200096c8</load_address>
         <run_address>0x200096c8</run_address>
         <size>0xc0</size>
         <input_file_ref idref="fl-15f"/>
      </object_component>
      <object_component id="oc-71b">
         <name>.text</name>
         <load_address>0x20009788</load_address>
         <run_address>0x20009788</run_address>
         <size>0xbe</size>
         <input_file_ref idref="fl-15d"/>
      </object_component>
      <object_component id="oc-db">
         <name>.text:sl_Start</name>
         <load_address>0x20009848</load_address>
         <run_address>0x20009848</run_address>
         <size>0xbc</size>
         <input_file_ref idref="fl-15e"/>
      </object_component>
      <object_component id="oc-659">
         <name>.text:_SlAsyncEventGenericHandler</name>
         <load_address>0x20009904</load_address>
         <run_address>0x20009904</run_address>
         <size>0xb8</size>
         <input_file_ref idref="fl-15f"/>
      </object_component>
      <object_component id="oc-2c3">
         <name>.text:sl_NetAppMDNSRegisterUnregisterService</name>
         <load_address>0x200099bc</load_address>
         <run_address>0x200099bc</run_address>
         <size>0xb4</size>
         <input_file_ref idref="fl-160"/>
      </object_component>
      <object_component id="oc-4ab">
         <name>.text:IntDisable</name>
         <load_address>0x20009a70</load_address>
         <run_address>0x20009a70</run_address>
         <size>0xa8</size>
         <input_file_ref idref="fl-167"/>
      </object_component>
      <object_component id="oc-180">
         <name>.text:IntEnable</name>
         <load_address>0x20009b18</load_address>
         <run_address>0x20009b18</run_address>
         <size>0xa8</size>
         <input_file_ref idref="fl-167"/>
      </object_component>
      <object_component id="oc-446">
         <name>.text:SPIConfigSetExpClk</name>
         <load_address>0x20009bc0</load_address>
         <run_address>0x20009bc0</run_address>
         <size>0xa0</size>
         <input_file_ref idref="fl-16a"/>
      </object_component>
      <object_component id="oc-4df">
         <name>.text:_SlDrvMsgReadSpawnCtx</name>
         <load_address>0x20009c60</load_address>
         <run_address>0x20009c60</run_address>
         <size>0x9c</size>
         <input_file_ref idref="fl-15f"/>
      </object_component>
      <object_component id="oc-36">
         <name>.text</name>
         <load_address>0x20009cfc</load_address>
         <run_address>0x20009cfc</run_address>
         <size>0x9c</size>
         <input_file_ref idref="fl-134"/>
      </object_component>
      <object_component id="oc-f3">
         <name>.text:sl_DevGet</name>
         <load_address>0x20009d98</load_address>
         <run_address>0x20009d98</run_address>
         <size>0x9c</size>
         <input_file_ref idref="fl-15e"/>
      </object_component>
      <object_component id="oc-661">
         <name>.text:spi_Write</name>
         <load_address>0x20009e34</load_address>
         <run_address>0x20009e34</run_address>
         <size>0x98</size>
         <input_file_ref idref="fl-165"/>
      </object_component>
      <object_component id="oc-1cc">
         <name>.text:PRCMPeripheralClockGet</name>
         <load_address>0x20009ecc</load_address>
         <run_address>0x20009ecc</run_address>
         <size>0x94</size>
         <input_file_ref idref="fl-169"/>
      </object_component>
      <object_component id="oc-74c">
         <name>.text:SetupDMAReceive</name>
         <load_address>0x20009f60</load_address>
         <run_address>0x20009f60</run_address>
         <size>0x8c</size>
         <input_file_ref idref="fl-165"/>
      </object_component>
      <object_component id="oc-6ec">
         <name>.text:SetupDMASend</name>
         <load_address>0x20009fec</load_address>
         <run_address>0x20009fec</run_address>
         <size>0x8c</size>
         <input_file_ref idref="fl-165"/>
      </object_component>
      <object_component id="oc-788">
         <name>.text:_sl_HandleAsync_DnsGetHostByName</name>
         <load_address>0x2000a078</load_address>
         <run_address>0x2000a078</run_address>
         <size>0x8c</size>
         <input_file_ref idref="fl-160"/>
      </object_component>
      <object_component id="oc-745">
         <name>.text:_sl_HandleAsync_PingResponse</name>
         <load_address>0x2000a104</load_address>
         <run_address>0x2000a104</run_address>
         <size>0x8c</size>
         <input_file_ref idref="fl-160"/>
      </object_component>
      <object_component id="oc-5a7">
         <name>.text:PinConfigSet</name>
         <load_address>0x2000a190</load_address>
         <run_address>0x2000a190</run_address>
         <size>0x88</size>
         <input_file_ref idref="fl-168"/>
      </object_component>
      <object_component id="oc-1de">
         <name>.text</name>
         <load_address>0x2000a218</load_address>
         <run_address>0x2000a218</run_address>
         <size>0x88</size>
         <input_file_ref idref="fl-13e"/>
      </object_component>
      <object_component id="oc-14e">
         <name>.text:sl_Bind</name>
         <load_address>0x2000a2a0</load_address>
         <run_address>0x2000a2a0</run_address>
         <size>0x88</size>
         <input_file_ref idref="fl-163"/>
      </object_component>
      <object_component id="oc-5b7">
         <name>.text:__aeabi_cdcmple</name>
         <load_address>0x2000a328</load_address>
         <run_address>0x2000a328</run_address>
         <size>0x86</size>
         <input_file_ref idref="fl-148"/>
      </object_component>
      <object_component id="oc-5c6">
         <name>.text:__aeabi_cdrcmple</name>
         <load_address>0x2000a3ae</load_address>
         <run_address>0x2000a3ae</run_address>
         <size>0x86</size>
         <input_file_ref idref="fl-148"/>
      </object_component>
      <object_component id="oc-22a">
         <name>.text:NwpPowerOnPreamble</name>
         <load_address>0x2000a434</load_address>
         <run_address>0x2000a434</run_address>
         <size>0x84</size>
         <input_file_ref idref="fl-165"/>
      </object_component>
      <object_component id="oc-2eb">
         <name>.text:GPIOIntTypeSet</name>
         <load_address>0x2000a4b8</load_address>
         <run_address>0x2000a4b8</run_address>
         <size>0x82</size>
         <input_file_ref idref="fl-166"/>
      </object_component>
      <object_component id="oc-27e">
         <name>.text:_SlDrvCmdOp</name>
         <load_address>0x2000a53c</load_address>
         <run_address>0x2000a53c</run_address>
         <size>0x80</size>
         <input_file_ref idref="fl-15f"/>
      </object_component>
      <object_component id="oc-752">
         <name>.text:spi_Read_CPU</name>
         <load_address>0x2000a5bc</load_address>
         <run_address>0x2000a5bc</run_address>
         <size>0x80</size>
         <input_file_ref idref="fl-165"/>
      </object_component>
      <object_component id="oc-6fe">
         <name>.text:spi_Write_CPU</name>
         <load_address>0x2000a63c</load_address>
         <run_address>0x2000a63c</run_address>
         <size>0x80</size>
         <input_file_ref idref="fl-165"/>
      </object_component>
      <object_component id="oc-709">
         <name>.text:_sl_HandleAsync_InitComplete</name>
         <load_address>0x2000a6bc</load_address>
         <run_address>0x2000a6bc</run_address>
         <size>0x7c</size>
         <input_file_ref idref="fl-15e"/>
      </object_component>
      <object_component id="oc-4f">
         <name>.text</name>
         <load_address>0x2000a738</load_address>
         <run_address>0x2000a738</run_address>
         <size>0x7a</size>
         <input_file_ref idref="fl-137"/>
      </object_component>
      <object_component id="oc-7aa">
         <name>.text:_sl_HandleAsync_Connect</name>
         <load_address>0x2000a7b4</load_address>
         <run_address>0x2000a7b4</run_address>
         <size>0x78</size>
         <input_file_ref idref="fl-163"/>
      </object_component>
      <object_component id="oc-28e">
         <name>.text:spi_Close</name>
         <load_address>0x2000a82c</load_address>
         <run_address>0x2000a82c</run_address>
         <size>0x78</size>
         <input_file_ref idref="fl-165"/>
      </object_component>
      <object_component id="oc-1d2">
         <name>.text:UARTConfigSetExpClk</name>
         <load_address>0x2000a8a4</load_address>
         <run_address>0x2000a8a4</run_address>
         <size>0x76</size>
         <input_file_ref idref="fl-16b"/>
      </object_component>
      <object_component id="oc-167">
         <name>.text:sl_Recv</name>
         <load_address>0x2000a91c</load_address>
         <run_address>0x2000a91c</run_address>
         <size>0x74</size>
         <input_file_ref idref="fl-163"/>
      </object_component>
      <object_component id="oc-e1">
         <name>.text:_SlNonOsMainLoopTask</name>
         <load_address>0x2000a990</load_address>
         <run_address>0x2000a990</run_address>
         <size>0x70</size>
         <input_file_ref idref="fl-162"/>
      </object_component>
      <object_component id="oc-7ce">
         <name>.text:_SlDrvCmdSend</name>
         <load_address>0x2000aa00</load_address>
         <run_address>0x2000aa00</run_address>
         <size>0x6c</size>
         <input_file_ref idref="fl-15f"/>
      </object_component>
      <object_component id="oc-61">
         <name>.text</name>
         <load_address>0x2000aa6c</load_address>
         <run_address>0x2000aa6c</run_address>
         <size>0x6c</size>
         <input_file_ref idref="fl-143"/>
      </object_component>
      <object_component id="oc-42">
         <name>.text</name>
         <load_address>0x2000aad8</load_address>
         <run_address>0x2000aad8</run_address>
         <size>0x6a</size>
         <input_file_ref idref="fl-131"/>
      </object_component>
      <object_component id="oc-794">
         <name>.text:_sl_NetAppSendTokenValue</name>
         <load_address>0x2000ab44</load_address>
         <run_address>0x2000ab44</run_address>
         <size>0x68</size>
         <input_file_ref idref="fl-160"/>
      </object_component>
      <object_component id="oc-10b">
         <name>.text:sl_NetCfgSet</name>
         <load_address>0x2000abac</load_address>
         <run_address>0x2000abac</run_address>
         <size>0x68</size>
         <input_file_ref idref="fl-161"/>
      </object_component>
      <object_component id="oc-111">
         <name>.text:sl_WlanSet</name>
         <load_address>0x2000ac14</load_address>
         <run_address>0x2000ac14</run_address>
         <size>0x68</size>
         <input_file_ref idref="fl-164"/>
      </object_component>
      <object_component id="oc-6a4">
         <name>.text</name>
         <load_address>0x2000ac7c</load_address>
         <run_address>0x2000ac7c</run_address>
         <size>0x66</size>
         <input_file_ref idref="fl-157"/>
      </object_component>
      <object_component id="oc-195">
         <name>.text</name>
         <load_address>0x2000ace4</load_address>
         <run_address>0x2000ace4</run_address>
         <size>0x64</size>
         <input_file_ref idref="fl-4"/>
      </object_component>
      <object_component id="oc-39b">
         <name>.text:uDMAChannelAttributeDisable</name>
         <load_address>0x2000ad48</load_address>
         <run_address>0x2000ad48</run_address>
         <size>0x64</size>
         <input_file_ref idref="fl-16c"/>
      </object_component>
      <object_component id="oc-3bf">
         <name>.text:uDMAChannelAttributeEnable</name>
         <load_address>0x2000adac</load_address>
         <run_address>0x2000adac</run_address>
         <size>0x64</size>
         <input_file_ref idref="fl-16c"/>
      </object_component>
      <object_component id="oc-7a4">
         <name>.text:_sl_HandleAsync_Accept</name>
         <load_address>0x2000ae10</load_address>
         <run_address>0x2000ae10</run_address>
         <size>0x60</size>
         <input_file_ref idref="fl-163"/>
      </object_component>
      <object_component id="oc-f9">
         <name>.text:sl_WlanPolicySet</name>
         <load_address>0x2000ae70</load_address>
         <run_address>0x2000ae70</run_address>
         <size>0x60</size>
         <input_file_ref idref="fl-164"/>
      </object_component>
      <object_component id="oc-42a">
         <name>.text:_SlNonOsSemGet</name>
         <load_address>0x2000aed0</load_address>
         <run_address>0x2000aed0</run_address>
         <size>0x5c</size>
         <input_file_ref idref="fl-162"/>
      </object_component>
      <object_component id="oc-4d9">
         <name>.text:_SlNonOsSpawn</name>
         <load_address>0x2000af2c</load_address>
         <run_address>0x2000af2c</run_address>
         <size>0x5c</size>
         <input_file_ref idref="fl-162"/>
      </object_component>
      <object_component id="oc-148">
         <name>.text:sl_Socket</name>
         <load_address>0x2000af88</load_address>
         <run_address>0x2000af88</run_address>
         <size>0x5c</size>
         <input_file_ref idref="fl-163"/>
      </object_component>
      <object_component id="oc-4b7">
         <name>.text:IntPendClear</name>
         <load_address>0x2000afe4</load_address>
         <run_address>0x2000afe4</run_address>
         <size>0x58</size>
         <input_file_ref idref="fl-167"/>
      </object_component>
      <object_component id="oc-362">
         <name>.text:PRCMPeripheralReset</name>
         <load_address>0x2000b03c</load_address>
         <run_address>0x2000b03c</run_address>
         <size>0x58</size>
         <input_file_ref idref="fl-169"/>
      </object_component>
      <object_component id="oc-5d0">
         <name>.text</name>
         <load_address>0x2000b094</load_address>
         <run_address>0x2000b094</run_address>
         <size>0x56</size>
         <input_file_ref idref="fl-14f"/>
      </object_component>
      <object_component id="oc-2f1">
         <name>.text:IntPrioritySet</name>
         <load_address>0x2000b0ec</load_address>
         <run_address>0x2000b0ec</run_address>
         <size>0x54</size>
         <input_file_ref idref="fl-167"/>
      </object_component>
      <object_component id="oc-7b0">
         <name>.text:_sl_HandleAsync_Select</name>
         <load_address>0x2000b140</load_address>
         <run_address>0x2000b140</run_address>
         <size>0x54</size>
         <input_file_ref idref="fl-163"/>
      </object_component>
      <object_component id="oc-123">
         <name>.text:sl_WlanRxFilterSet</name>
         <load_address>0x2000b194</load_address>
         <run_address>0x2000b194</run_address>
         <size>0x54</size>
         <input_file_ref idref="fl-164"/>
      </object_component>
      <object_component id="oc-70f">
         <name>.text:_sl_HandleAsync_Stop</name>
         <load_address>0x2000b1e8</load_address>
         <run_address>0x2000b1e8</run_address>
         <size>0x50</size>
         <input_file_ref idref="fl-15e"/>
      </object_component>
      <object_component id="oc-470">
         <name>.text:SPIIntEnable</name>
         <load_address>0x2000b238</load_address>
         <run_address>0x2000b238</run_address>
         <size>0x4c</size>
         <input_file_ref idref="fl-16a"/>
      </object_component>
      <object_component id="oc-66a">
         <name>.text:SPIIntNumberGet</name>
         <load_address>0x2000b284</load_address>
         <run_address>0x2000b284</run_address>
         <size>0x4c</size>
         <input_file_ref idref="fl-16a"/>
      </object_component>
      <object_component id="oc-23c">
         <name>.text:_SlDrvProtectAsyncRespSetting</name>
         <load_address>0x2000b2d0</load_address>
         <run_address>0x2000b2d0</run_address>
         <size>0x4c</size>
         <input_file_ref idref="fl-15f"/>
      </object_component>
      <object_component id="oc-269">
         <name>.text:_SlDrvRxIrqHandler</name>
         <load_address>0x2000b31c</load_address>
         <run_address>0x2000b31c</run_address>
         <size>0x4c</size>
         <input_file_ref idref="fl-15f"/>
      </object_component>
      <object_component id="oc-329">
         <name>.text:_sl_BuildAddress</name>
         <load_address>0x2000b368</load_address>
         <run_address>0x2000b368</run_address>
         <size>0x4c</size>
         <input_file_ref idref="fl-163"/>
      </object_component>
      <object_component id="oc-5fe">
         <name>.text</name>
         <load_address>0x2000b3b4</load_address>
         <run_address>0x2000b3b4</run_address>
         <size>0x4c</size>
         <input_file_ref idref="fl-142"/>
      </object_component>
      <object_component id="oc-97">
         <name>.text</name>
         <load_address>0x2000b400</load_address>
         <run_address>0x2000b400</run_address>
         <size>0x4c</size>
         <input_file_ref idref="fl-144"/>
      </object_component>
      <object_component id="oc-395">
         <name>.text:uDMAChannelAssign</name>
         <load_address>0x2000b44c</load_address>
         <run_address>0x2000b44c</run_address>
         <size>0x4c</size>
         <input_file_ref idref="fl-16c"/>
      </object_component>
      <object_component id="oc-55a">
         <name>.text:GPIOGetIntNumber</name>
         <load_address>0x2000b498</load_address>
         <run_address>0x2000b498</run_address>
         <size>0x48</size>
         <input_file_ref idref="fl-166"/>
      </object_component>
      <object_component id="oc-632">
         <name>.text:SPIIntClear</name>
         <load_address>0x2000b4e0</load_address>
         <run_address>0x2000b4e0</run_address>
         <size>0x48</size>
         <input_file_ref idref="fl-16a"/>
      </object_component>
      <object_component id="oc-2b1">
         <name>.text:_SlDrvBasicCmd</name>
         <load_address>0x2000b528</load_address>
         <run_address>0x2000b528</run_address>
         <size>0x48</size>
         <input_file_ref idref="fl-15f"/>
      </object_component>
      <object_component id="oc-5cb">
         <name>.text</name>
         <load_address>0x2000b570</load_address>
         <run_address>0x2000b570</run_address>
         <size>0x48</size>
         <input_file_ref idref="fl-14b"/>
      </object_component>
      <object_component id="oc-5e6">
         <name>.text</name>
         <load_address>0x2000b5b8</load_address>
         <run_address>0x2000b5b8</run_address>
         <size>0x46</size>
         <input_file_ref idref="fl-14e"/>
      </object_component>
      <object_component id="oc-626">
         <name>.text:SPIDmaMaskGet</name>
         <load_address>0x2000b600</load_address>
         <run_address>0x2000b600</run_address>
         <size>0x44</size>
         <input_file_ref idref="fl-16a"/>
      </object_component>
      <object_component id="oc-75f">
         <name>.text:cc_SetupTransfer</name>
         <load_address>0x2000b644</load_address>
         <run_address>0x2000b644</run_address>
         <size>0x44</size>
         <input_file_ref idref="fl-165"/>
      </object_component>
      <object_component id="oc-6d">
         <name>.text</name>
         <load_address>0x2000b688</load_address>
         <run_address>0x2000b688</run_address>
         <size>0x44</size>
         <input_file_ref idref="fl-133"/>
      </object_component>
      <object_component id="oc-5a1">
         <name>.text:PinModeSet</name>
         <load_address>0x2000b6cc</load_address>
         <run_address>0x2000b6cc</run_address>
         <size>0x40</size>
         <input_file_ref idref="fl-168"/>
      </object_component>
      <object_component id="oc-7bb">
         <name>.text</name>
         <load_address>0x2000b70c</load_address>
         <run_address>0x2000b70c</run_address>
         <size>0x40</size>
         <input_file_ref idref="fl-15c"/>
      </object_component>
      <object_component id="oc-12a">
         <name>.text</name>
         <load_address>0x2000b74c</load_address>
         <run_address>0x2000b74c</run_address>
         <size>0x40</size>
         <input_file_ref idref="fl-13c"/>
      </object_component>
      <object_component id="oc-248">
         <name>.text:NwpRegisterInterruptHandler</name>
         <load_address>0x2000b78c</load_address>
         <run_address>0x2000b78c</run_address>
         <size>0x3e</size>
         <input_file_ref idref="fl-165"/>
      </object_component>
      <object_component id="oc-79b">
         <name>.text:CopyPingResultsToReport</name>
         <load_address>0x2000b7ca</load_address>
         <run_address>0x2000b7ca</run_address>
         <size>0x3c</size>
         <input_file_ref idref="fl-160"/>
      </object_component>
      <object_component id="oc-35c">
         <name>.text:PRCMPeripheralClkEnable</name>
         <load_address>0x2000b808</load_address>
         <run_address>0x2000b808</run_address>
         <size>0x3c</size>
         <input_file_ref idref="fl-169"/>
      </object_component>
      <object_component id="oc-24">
         <name>.text</name>
         <load_address>0x2000b844</load_address>
         <run_address>0x2000b844</run_address>
         <size>0x3c</size>
         <input_file_ref idref="fl-12f"/>
      </object_component>
      <object_component id="oc-142">
         <name>.text:sl_Htons</name>
         <load_address>0x2000b880</load_address>
         <run_address>0x2000b880</run_address>
         <size>0x3c</size>
         <input_file_ref idref="fl-163"/>
      </object_component>
      <object_component id="oc-15a">
         <name>.text:sl_Listen</name>
         <load_address>0x2000b8bc</load_address>
         <run_address>0x2000b8bc</run_address>
         <size>0x3c</size>
         <input_file_ref idref="fl-163"/>
      </object_component>
      <object_component id="oc-3b9">
         <name>.text:uDMAChannelControlSet</name>
         <load_address>0x2000b8f8</load_address>
         <run_address>0x2000b8f8</run_address>
         <size>0x3c</size>
         <input_file_ref idref="fl-16c"/>
      </object_component>
      <object_component id="oc-242">
         <name>.text:NwpPowerOff</name>
         <load_address>0x2000b934</load_address>
         <run_address>0x2000b934</run_address>
         <size>0x38</size>
         <input_file_ref idref="fl-165"/>
      </object_component>
      <object_component id="oc-3ec">
         <name>.text:GPIODirModeSet</name>
         <load_address>0x2000b96c</load_address>
         <run_address>0x2000b96c</run_address>
         <size>0x36</size>
         <input_file_ref idref="fl-166"/>
      </object_component>
      <object_component id="oc-117">
         <name>.text:sl_NetAppMDNSUnRegisterService</name>
         <load_address>0x2000b9a2</load_address>
         <run_address>0x2000b9a2</run_address>
         <size>0x36</size>
         <input_file_ref idref="fl-160"/>
      </object_component>
      <object_component id="oc-44c">
         <name>.text:PRCMPeripheralStatusGet</name>
         <load_address>0x2000b9d8</load_address>
         <run_address>0x2000b9d8</run_address>
         <size>0x34</size>
         <input_file_ref idref="fl-169"/>
      </object_component>
      <object_component id="oc-464">
         <name>.text:SPIFIFOLevelSet</name>
         <load_address>0x2000ba0c</load_address>
         <run_address>0x2000ba0c</run_address>
         <size>0x34</size>
         <input_file_ref idref="fl-16a"/>
      </object_component>
      <object_component id="oc-72a">
         <name>.text</name>
         <load_address>0x2000ba40</load_address>
         <run_address>0x2000ba40</run_address>
         <size>0x34</size>
         <input_file_ref idref="fl-15a"/>
      </object_component>
      <object_component id="oc-3e6">
         <name>.text:PinTypeGPIO</name>
         <load_address>0x2000ba74</load_address>
         <run_address>0x2000ba74</run_address>
         <size>0x30</size>
         <input_file_ref idref="fl-168"/>
      </object_component>
      <object_component id="oc-3f7">
         <name>.text:UARTDisable</name>
         <load_address>0x2000baa4</load_address>
         <run_address>0x2000baa4</run_address>
         <size>0x30</size>
         <input_file_ref idref="fl-16b"/>
      </object_component>
      <object_component id="oc-673">
         <name>.text:_SlDrvDeviceEventHandler</name>
         <load_address>0x2000bad4</load_address>
         <run_address>0x2000bad4</run_address>
         <size>0x30</size>
         <input_file_ref idref="fl-15e"/>
      </object_component>
      <object_component id="oc-6b2">
         <name>.text</name>
         <load_address>0x2000bb04</load_address>
         <run_address>0x2000bb04</run_address>
         <size>0x30</size>
         <input_file_ref idref="fl-158"/>
      </object_component>
      <object_component id="oc-154">
         <name>.text:sl_Close</name>
         <load_address>0x2000bb34</load_address>
         <run_address>0x2000bb34</run_address>
         <size>0x30</size>
         <input_file_ref idref="fl-163"/>
      </object_component>
      <object_component id="oc-ff">
         <name>.text:sl_WlanProfileDel</name>
         <load_address>0x2000bb64</load_address>
         <run_address>0x2000bb64</run_address>
         <size>0x30</size>
         <input_file_ref idref="fl-164"/>
      </object_component>
      <object_component id="oc-e7">
         <name>.text:sl_WlanSetMode</name>
         <load_address>0x2000bb94</load_address>
         <run_address>0x2000bb94</run_address>
         <size>0x30</size>
         <input_file_ref idref="fl-164"/>
      </object_component>
      <object_component id="oc-5d6">
         <name>.text</name>
         <load_address>0x2000bbc4</load_address>
         <run_address>0x2000bbc4</run_address>
         <size>0x2e</size>
         <input_file_ref idref="fl-14d"/>
      </object_component>
      <object_component id="oc-77c">
         <name>.text</name>
         <load_address>0x2000bbf2</load_address>
         <run_address>0x2000bbf2</run_address>
         <size>0x2e</size>
         <input_file_ref idref="fl-15b"/>
      </object_component>
      <object_component id="oc-24e">
         <name>.text:NwpPowerOn</name>
         <load_address>0x2000bc20</load_address>
         <run_address>0x2000bc20</run_address>
         <size>0x2c</size>
         <input_file_ref idref="fl-165"/>
      </object_component>
      <object_component id="oc-36e">
         <name>.text:PRCMSysResetCauseGet</name>
         <load_address>0x2000bc4c</load_address>
         <run_address>0x2000bc4c</run_address>
         <size>0x2c</size>
         <input_file_ref idref="fl-169"/>
      </object_component>
      <object_component id="oc-2d0">
         <name>.text</name>
         <load_address>0x2000bc78</load_address>
         <run_address>0x2000bc78</run_address>
         <size>0x2a</size>
         <input_file_ref idref="fl-153"/>
      </object_component>
      <object_component id="oc-5f2">
         <name>.text</name>
         <load_address>0x2000bca2</load_address>
         <run_address>0x2000bca2</run_address>
         <size>0x2a</size>
         <input_file_ref idref="fl-155"/>
      </object_component>
      <object_component id="oc-368">
         <name>.text:PRCMPeripheralClkDisable</name>
         <load_address>0x2000bccc</load_address>
         <run_address>0x2000bccc</run_address>
         <size>0x28</size>
         <input_file_ref idref="fl-169"/>
      </object_component>
      <object_component id="oc-482">
         <name>.text:DmaSpiSwIntHandler</name>
         <load_address>0x2000bcf4</load_address>
         <run_address>0x2000bcf4</run_address>
         <size>0x24</size>
         <input_file_ref idref="fl-165"/>
      </object_component>
      <object_component id="oc-4b1">
         <name>.text:IntUnregister</name>
         <load_address>0x2000bd18</load_address>
         <run_address>0x2000bd18</run_address>
         <size>0x24</size>
         <input_file_ref idref="fl-167"/>
      </object_component>
      <object_component id="oc-3fd">
         <name>.text:UARTEnable</name>
         <load_address>0x2000bd3c</load_address>
         <run_address>0x2000bd3c</run_address>
         <size>0x24</size>
         <input_file_ref idref="fl-16b"/>
      </object_component>
      <object_component id="oc-497">
         <name>.text:_SlDrvProtectionObjLockWaitForever</name>
         <load_address>0x2000bd60</load_address>
         <run_address>0x2000bd60</run_address>
         <size>0x24</size>
         <input_file_ref idref="fl-15f"/>
      </object_component>
      <object_component id="oc-1f6">
         <name>.text</name>
         <load_address>0x2000bd84</load_address>
         <run_address>0x2000bd84</run_address>
         <size>0x24</size>
         <input_file_ref idref="fl-135"/>
      </object_component>
      <object_component id="oc-2d6">
         <name>.text</name>
         <load_address>0x2000bda8</load_address>
         <run_address>0x2000bda8</run_address>
         <size>0x24</size>
         <input_file_ref idref="fl-152"/>
      </object_component>
      <object_component id="oc-440">
         <name>.text:SPIReset</name>
         <load_address>0x2000bdcc</load_address>
         <run_address>0x2000bdcc</run_address>
         <size>0x22</size>
         <input_file_ref idref="fl-16a"/>
      </object_component>
      <object_component id="oc-6f8">
         <name>.text:SPIWordCountSet</name>
         <load_address>0x2000bdee</load_address>
         <run_address>0x2000bdee</run_address>
         <size>0x22</size>
         <input_file_ref idref="fl-16a"/>
      </object_component>
      <object_component id="oc-5e0">
         <name>.text</name>
         <load_address>0x2000be10</load_address>
         <run_address>0x2000be10</run_address>
         <size>0x22</size>
         <input_file_ref idref="fl-14c"/>
      </object_component>
      <object_component id="oc-309">
         <name>.text:GPIOPinWrite</name>
         <load_address>0x2000be32</load_address>
         <run_address>0x2000be32</run_address>
         <size>0x20</size>
         <input_file_ref idref="fl-166"/>
      </object_component>
      <object_component id="oc-46a">
         <name>.text:IntRegister</name>
         <load_address>0x2000be54</load_address>
         <run_address>0x2000be54</run_address>
         <size>0x20</size>
         <input_file_ref idref="fl-167"/>
      </object_component>
      <object_component id="oc-49d">
         <name>.text:_SlDrvProtectionObjUnLock</name>
         <load_address>0x2000be74</load_address>
         <run_address>0x2000be74</run_address>
         <size>0x20</size>
         <input_file_ref idref="fl-15f"/>
      </object_component>
      <object_component id="oc-2f7">
         <name>.text:GPIOIntRegister</name>
         <load_address>0x2000be94</load_address>
         <run_address>0x2000be94</run_address>
         <size>0x1e</size>
         <input_file_ref idref="fl-166"/>
      </object_component>
      <object_component id="oc-1d8">
         <name>.text:UARTCharPut</name>
         <load_address>0x2000beb2</load_address>
         <run_address>0x2000beb2</run_address>
         <size>0x1e</size>
         <input_file_ref idref="fl-16b"/>
      </object_component>
      <object_component id="oc-4fd">
         <name>.text:_SlDrvObjLockWaitForever</name>
         <load_address>0x2000bed0</load_address>
         <run_address>0x2000bed0</run_address>
         <size>0x1e</size>
         <input_file_ref idref="fl-15f"/>
      </object_component>
      <object_component id="oc-254">
         <name>.text:_SlDrvSyncObjWaitForever</name>
         <load_address>0x2000beee</load_address>
         <run_address>0x2000beee</run_address>
         <size>0x1e</size>
         <input_file_ref idref="fl-15f"/>
      </object_component>
      <object_component id="oc-452">
         <name>.text:cc_UDMAChannelSelect</name>
         <load_address>0x2000bf0c</load_address>
         <run_address>0x2000bf0c</run_address>
         <size>0x1e</size>
         <input_file_ref idref="fl-165"/>
      </object_component>
      <object_component id="oc-1ea">
         <name>.text:UARTCharGetNonBlocking</name>
         <load_address>0x2000bf2a</load_address>
         <run_address>0x2000bf2a</run_address>
         <size>0x1c</size>
         <input_file_ref idref="fl-16b"/>
      </object_component>
      <object_component id="oc-5f8">
         <name>.text</name>
         <load_address>0x2000bf46</load_address>
         <run_address>0x2000bf46</run_address>
         <size>0x1c</size>
         <input_file_ref idref="fl-150"/>
      </object_component>
      <object_component id="oc-3a7">
         <name>.text:uDMAChannelDisable</name>
         <load_address>0x2000bf64</load_address>
         <run_address>0x2000bf64</run_address>
         <size>0x1c</size>
         <input_file_ref idref="fl-16c"/>
      </object_component>
      <object_component id="oc-3cb">
         <name>.text:uDMAChannelEnable</name>
         <load_address>0x2000bf80</load_address>
         <run_address>0x2000bf80</run_address>
         <size>0x1c</size>
         <input_file_ref idref="fl-16c"/>
      </object_component>
      <object_component id="oc-3a1">
         <name>.text:uDMAChannelRequest</name>
         <load_address>0x2000bf9c</load_address>
         <run_address>0x2000bf9c</run_address>
         <size>0x1c</size>
         <input_file_ref idref="fl-16c"/>
      </object_component>
      <object_component id="oc-303">
         <name>.text:GPIOIntEnable</name>
         <load_address>0x2000bfb8</load_address>
         <run_address>0x2000bfb8</run_address>
         <size>0x1a</size>
         <input_file_ref idref="fl-166"/>
      </object_component>
      <object_component id="oc-3e0">
         <name>.text:PinTypeUART</name>
         <load_address>0x2000bfd2</load_address>
         <run_address>0x2000bfd2</run_address>
         <size>0x1a</size>
         <input_file_ref idref="fl-168"/>
      </object_component>
      <object_component id="oc-526">
         <name>.text:SPIDmaDisable</name>
         <load_address>0x2000bfec</load_address>
         <run_address>0x2000bfec</run_address>
         <size>0x1a</size>
         <input_file_ref idref="fl-16a"/>
      </object_component>
      <object_component id="oc-45e">
         <name>.text:SPIDmaEnable</name>
         <load_address>0x2000c006</load_address>
         <run_address>0x2000c006</run_address>
         <size>0x1a</size>
         <input_file_ref idref="fl-16a"/>
      </object_component>
      <object_component id="oc-520">
         <name>.text:SPIFIFODisable</name>
         <load_address>0x2000c020</load_address>
         <run_address>0x2000c020</run_address>
         <size>0x1a</size>
         <input_file_ref idref="fl-16a"/>
      </object_component>
      <object_component id="oc-458">
         <name>.text:SPIFIFOEnable</name>
         <load_address>0x2000c03a</load_address>
         <run_address>0x2000c03a</run_address>
         <size>0x1a</size>
         <input_file_ref idref="fl-16a"/>
      </object_component>
      <object_component id="oc-51a">
         <name>.text:SPIIntUnregister</name>
         <load_address>0x2000c054</load_address>
         <run_address>0x2000c054</run_address>
         <size>0x1a</size>
         <input_file_ref idref="fl-16a"/>
      </object_component>
      <object_component id="oc-50f">
         <name>.text:_SlDrvObjUnLock</name>
         <load_address>0x2000c06e</load_address>
         <run_address>0x2000c06e</run_address>
         <size>0x1a</size>
         <input_file_ref idref="fl-15f"/>
      </object_component>
      <object_component id="oc-4cc">
         <name>.text:_SlDrvSyncObjSignal</name>
         <load_address>0x2000c088</load_address>
         <run_address>0x2000c088</run_address>
         <size>0x1a</size>
         <input_file_ref idref="fl-15f"/>
      </object_component>
      <object_component id="oc-315">
         <name>.text:GPIOPinRead</name>
         <load_address>0x2000c0a2</load_address>
         <run_address>0x2000c0a2</run_address>
         <size>0x18</size>
         <input_file_ref idref="fl-166"/>
      </object_component>
      <object_component id="oc-434">
         <name>.text:SPICSDisable</name>
         <load_address>0x2000c0ba</load_address>
         <run_address>0x2000c0ba</run_address>
         <size>0x18</size>
         <input_file_ref idref="fl-16a"/>
      </object_component>
      <object_component id="oc-6f2">
         <name>.text:SPICSEnable</name>
         <load_address>0x2000c0d2</load_address>
         <run_address>0x2000c0d2</run_address>
         <size>0x18</size>
         <input_file_ref idref="fl-16a"/>
      </object_component>
      <object_component id="oc-43a">
         <name>.text:SPIDisable</name>
         <load_address>0x2000c0ea</load_address>
         <run_address>0x2000c0ea</run_address>
         <size>0x18</size>
         <input_file_ref idref="fl-16a"/>
      </object_component>
      <object_component id="oc-476">
         <name>.text:SPIEnable</name>
         <load_address>0x2000c102</load_address>
         <run_address>0x2000c102</run_address>
         <size>0x18</size>
         <input_file_ref idref="fl-16a"/>
      </object_component>
      <object_component id="oc-1e4">
         <name>.text:UARTCharsAvail</name>
         <load_address>0x2000c11a</load_address>
         <run_address>0x2000c11a</run_address>
         <size>0x18</size>
         <input_file_ref idref="fl-16b"/>
      </object_component>
      <object_component id="oc-424">
         <name>.text:_SlNonOsSemSet</name>
         <load_address>0x2000c132</load_address>
         <run_address>0x2000c132</run_address>
         <size>0x18</size>
         <input_file_ref idref="fl-162"/>
      </object_component>
      <object_component id="oc-260">
         <name>.text:_sl_GetStartResponseConvert</name>
         <load_address>0x2000c14c</load_address>
         <run_address>0x2000c14c</run_address>
         <size>0x18</size>
         <input_file_ref idref="fl-15e"/>
      </object_component>
      <object_component id="oc-67">
         <name>.text</name>
         <load_address>0x2000c164</load_address>
         <run_address>0x2000c164</run_address>
         <size>0x18</size>
         <input_file_ref idref="fl-141"/>
      </object_component>
      <object_component id="oc-136">
         <name>.text</name>
         <load_address>0x2000c17c</load_address>
         <run_address>0x2000c17c</run_address>
         <size>0x18</size>
         <input_file_ref idref="fl-13a"/>
      </object_component>
      <object_component id="oc-350">
         <name>.text:PRCMHIBRegRead</name>
         <load_address>0x2000c194</load_address>
         <run_address>0x2000c194</run_address>
         <size>0x16</size>
         <input_file_ref idref="fl-169"/>
      </object_component>
      <object_component id="oc-356">
         <name>.text:PRCMHIBRegWrite</name>
         <load_address>0x2000c1aa</load_address>
         <run_address>0x2000c1aa</run_address>
         <size>0x16</size>
         <input_file_ref idref="fl-169"/>
      </object_component>
      <object_component id="oc-33a">
         <name>.text:_SlDrvMemZero</name>
         <load_address>0x2000c1c0</load_address>
         <run_address>0x2000c1c0</run_address>
         <size>0x16</size>
         <input_file_ref idref="fl-15f"/>
      </object_component>
      <object_component id="oc-5ec">
         <name>.text</name>
         <load_address>0x2000c1d6</load_address>
         <run_address>0x2000c1d6</run_address>
         <size>0x16</size>
         <input_file_ref idref="fl-151"/>
      </object_component>
      <object_component id="oc-383">
         <name>.text:uDMAIntRegister</name>
         <load_address>0x2000c1ec</load_address>
         <run_address>0x2000c1ec</run_address>
         <size>0x16</size>
         <input_file_ref idref="fl-16c"/>
      </object_component>
      <object_component id="oc-345">
         <name>.text:CPUcpsie</name>
         <load_address>0x2000c202</load_address>
         <run_address>0x2000c202</run_address>
         <size>0x14</size>
         <input_file_ref idref="fl-16e"/>
      </object_component>
      <object_component id="oc-2fd">
         <name>.text:GPIOIntClear</name>
         <load_address>0x2000c216</load_address>
         <run_address>0x2000c216</run_address>
         <size>0x14</size>
         <input_file_ref idref="fl-166"/>
      </object_component>
      <object_component id="oc-174">
         <name>.text:IntVTableBaseSet</name>
         <load_address>0x2000c22c</load_address>
         <run_address>0x2000c22c</run_address>
         <size>0x14</size>
         <input_file_ref idref="fl-167"/>
      </object_component>
      <object_component id="oc-1b7">
         <name>.text</name>
         <load_address>0x2000c240</load_address>
         <run_address>0x2000c240</run_address>
         <size>0x14</size>
         <input_file_ref idref="fl-13f"/>
      </object_component>
      <object_component id="oc-1f0">
         <name>.text</name>
         <load_address>0x2000c254</load_address>
         <run_address>0x2000c254</run_address>
         <size>0x14</size>
         <input_file_ref idref="fl-13b"/>
      </object_component>
      <object_component id="oc-38f">
         <name>.text:uDMAControlBaseSet</name>
         <load_address>0x2000c268</load_address>
         <run_address>0x2000c268</run_address>
         <size>0x14</size>
         <input_file_ref idref="fl-16c"/>
      </object_component>
      <object_component id="oc-37d">
         <name>.text:uDMAIntClear</name>
         <load_address>0x2000c27c</load_address>
         <run_address>0x2000c27c</run_address>
         <size>0x14</size>
         <input_file_ref idref="fl-16c"/>
      </object_component>
      <object_component id="oc-3ad">
         <name>.text:uDMAIntUnregister</name>
         <load_address>0x2000c290</load_address>
         <run_address>0x2000c290</run_address>
         <size>0x12</size>
         <input_file_ref idref="fl-16c"/>
      </object_component>
      <object_component id="oc-2a3">
         <name>.text:_SlDrvResetCmdExt</name>
         <load_address>0x2000c2a2</load_address>
         <run_address>0x2000c2a2</run_address>
         <size>0xe</size>
         <input_file_ref idref="fl-15f"/>
      </object_component>
      <object_component id="oc-12">
         <name>.text:decompress:none</name>
         <load_address>0x2000c2b0</load_address>
         <run_address>0x2000c2b0</run_address>
         <size>0xe</size>
         <input_file_ref idref="fl-130"/>
      </object_component>
      <object_component id="oc-2d">
         <name>.text</name>
         <load_address>0x2000c2be</load_address>
         <run_address>0x2000c2be</run_address>
         <size>0xe</size>
         <input_file_ref idref="fl-5"/>
      </object_component>
      <object_component id="oc-4a4">
         <name>.text:NwpMaskInterrupt</name>
         <load_address>0x2000c2cc</load_address>
         <run_address>0x2000c2cc</run_address>
         <size>0xc</size>
         <input_file_ref idref="fl-165"/>
      </object_component>
      <object_component id="oc-4be">
         <name>.text:NwpUnMaskInterrupt</name>
         <load_address>0x2000c2d8</load_address>
         <run_address>0x2000c2d8</run_address>
         <size>0xc</size>
         <input_file_ref idref="fl-165"/>
      </object_component>
      <object_component id="oc-1e">
         <name>.text:decompress:ZI</name>
         <load_address>0x2000c2e4</load_address>
         <run_address>0x2000c2e4</run_address>
         <size>0xc</size>
         <input_file_ref idref="fl-132"/>
      </object_component>
      <object_component id="oc-105">
         <name>.text:sl_WlanDisconnect</name>
         <load_address>0x2000c2f0</load_address>
         <run_address>0x2000c2f0</run_address>
         <size>0xc</size>
         <input_file_ref idref="fl-164"/>
      </object_component>
      <object_component id="oc-3b3">
         <name>.text:uDMADisable</name>
         <load_address>0x2000c2fc</load_address>
         <run_address>0x2000c2fc</run_address>
         <size>0xc</size>
         <input_file_ref idref="fl-16c"/>
      </object_component>
      <object_component id="oc-389">
         <name>.text:uDMAEnable</name>
         <load_address>0x2000c308</load_address>
         <run_address>0x2000c308</run_address>
         <size>0xc</size>
         <input_file_ref idref="fl-16c"/>
      </object_component>
      <object_component id="oc-377">
         <name>.text:uDMAIntStatus</name>
         <load_address>0x2000c314</load_address>
         <run_address>0x2000c314</run_address>
         <size>0xc</size>
         <input_file_ref idref="fl-16c"/>
      </object_component>
      <object_component id="oc-17a">
         <name>.text:IntMasterEnable</name>
         <load_address>0x2000c320</load_address>
         <run_address>0x2000c320</run_address>
         <size>0xa</size>
         <input_file_ref idref="fl-167"/>
      </object_component>
      <object_component id="oc-166">
         <name>.text:UtilsDelay</name>
         <load_address>0x2000c32a</load_address>
         <run_address>0x2000c32a</run_address>
         <size>0x6</size>
         <input_file_ref idref="fl-16d"/>
      </object_component>
      <object_component id="oc-18">
         <name>.text:decompress:rle24</name>
         <load_address>0x2000c330</load_address>
         <run_address>0x2000c330</run_address>
         <size>0x6</size>
         <input_file_ref idref="fl-131"/>
      </object_component>
      <object_component id="oc-5b">
         <name>.text</name>
         <load_address>0x2000c336</load_address>
         <run_address>0x2000c336</run_address>
         <size>0x4</size>
         <input_file_ref idref="fl-138"/>
      </object_component>
      <object_component id="oc-2e1">
         <name>.const:.string:_ctypes_</name>
         <load_address>0x2000c33c</load_address>
         <run_address>0x2000c33c</run_address>
         <size>0x101</size>
         <input_file_ref idref="fl-145"/>
      </object_component>
      <object_component id="oc-695">
         <name>.const:g_ulPinToPadMap</name>
         <load_address>0x2000c440</load_address>
         <run_address>0x2000c440</run_address>
         <size>0x100</size>
         <input_file_ref idref="fl-168"/>
      </object_component>
      <object_component id="oc-556">
         <name>.const:g_pulRegs</name>
         <load_address>0x2000c540</load_address>
         <run_address>0x2000c540</run_address>
         <size>0xd4</size>
         <input_file_ref idref="fl-167"/>
      </object_component>
      <object_component id="oc-340">
         <name>.const:$P$T0$1</name>
         <load_address>0x2000c614</load_address>
         <run_address>0x2000c614</run_address>
         <size>0xb0</size>
         <input_file_ref idref="fl-164"/>
      </object_component>
      <object_component id="oc-579">
         <name>.const:PRCM_PeriphRegsList</name>
         <load_address>0x2000c6c4</load_address>
         <run_address>0x2000c6c4</run_address>
         <size>0xa8</size>
         <input_file_ref idref="fl-169"/>
      </object_component>
      <object_component id="oc-34c">
         <name>.const</name>
         <load_address>0x2000c76c</load_address>
         <run_address>0x2000c76c</run_address>
         <size>0x80</size>
         <input_file_ref idref="fl-167"/>
      </object_component>
      <object_component id="oc-6e8">
         <name>.const:OpcodeTranslateTable</name>
         <load_address>0x2000c7ec</load_address>
         <run_address>0x2000c7ec</run_address>
         <size>0x3c</size>
         <input_file_ref idref="fl-15f"/>
      </object_component>
      <object_component id="oc-284">
         <name>.const</name>
         <load_address>0x2000c828</load_address>
         <run_address>0x2000c828</run_address>
         <size>0x3c</size>
         <input_file_ref idref="fl-164"/>
      </object_component>
      <object_component id="oc-759">
         <name>.const:_SlActionLookupTable</name>
         <load_address>0x2000c864</load_address>
         <run_address>0x2000c864</run_address>
         <size>0x38</size>
         <input_file_ref idref="fl-15f"/>
      </object_component>
      <object_component id="oc-531">
         <name>.const</name>
         <load_address>0x2000c89c</load_address>
         <run_address>0x2000c89c</run_address>
         <size>0x34</size>
         <input_file_ref idref="fl-15f"/>
      </object_component>
      <object_component id="oc-320">
         <name>.const</name>
         <load_address>0x2000c8d0</load_address>
         <run_address>0x2000c8d0</run_address>
         <size>0x34</size>
         <input_file_ref idref="fl-163"/>
      </object_component>
      <object_component id="oc-11d">
         <name>.const:$P$T1$2</name>
         <load_address>0x2000c904</load_address>
         <run_address>0x2000c904</run_address>
         <size>0x2c</size>
         <input_file_ref idref="fl-3"/>
      </object_component>
      <object_component id="oc-539">
         <name>.const</name>
         <load_address>0x2000c930</load_address>
         <run_address>0x2000c930</run_address>
         <size>0x28</size>
         <input_file_ref idref="fl-160"/>
      </object_component>
      <object_component id="oc-705">
         <name>.const:g_ppulSPIIntMap</name>
         <load_address>0x2000c958</load_address>
         <run_address>0x2000c958</run_address>
         <size>0x24</size>
         <input_file_ref idref="fl-16a"/>
      </object_component>
      <object_component id="oc-129">
         <name>.const:.string:$P$T0$1</name>
         <load_address>0x2000c97c</load_address>
         <run_address>0x2000c97c</run_address>
         <size>0x22</size>
         <input_file_ref idref="fl-3"/>
      </object_component>
      <object_component id="oc-120">
         <name>.const</name>
         <load_address>0x2000c9a0</load_address>
         <run_address>0x2000c9a0</run_address>
         <size>0x20</size>
         <input_file_ref idref="fl-3"/>
      </object_component>
      <object_component id="oc-173">
         <name>.const:.string</name>
         <load_address>0x2000c9c0</load_address>
         <run_address>0x2000c9c0</run_address>
         <size>0x19</size>
         <input_file_ref idref="fl-3"/>
      </object_component>
      <object_component id="oc-6c9">
         <name>.const</name>
         <load_address>0x2000c9dc</load_address>
         <run_address>0x2000c9dc</run_address>
         <size>0x18</size>
         <input_file_ref idref="fl-16a"/>
      </object_component>
      <object_component id="oc-29a">
         <name>.const</name>
         <load_address>0x2000c9f4</load_address>
         <run_address>0x2000c9f4</run_address>
         <size>0x14</size>
         <input_file_ref idref="fl-15e"/>
      </object_component>
      <object_component id="oc-4d3">
         <name>.const:.string</name>
         <load_address>0x2000ca08</load_address>
         <run_address>0x2000ca08</run_address>
         <size>0x8</size>
         <input_file_ref idref="fl-15e"/>
      </object_component>
      <object_component id="oc-2b8">
         <name>.const</name>
         <load_address>0x2000ca10</load_address>
         <run_address>0x2000ca10</run_address>
         <size>0x8</size>
         <input_file_ref idref="fl-161"/>
      </object_component>
      <object_component id="oc-80f">
         <name>.cinit..data.load</name>
         <load_address>0x2000ca18</load_address>
         <run_address>0x2000ca18</run_address>
         <size>0x75</size>
      </object_component>
      <object_component id="oc-80d">
         <name>__TI_handler_table</name>
         <load_address>0x2000ca90</load_address>
         <run_address>0x2000ca90</run_address>
         <size>0xc</size>
      </object_component>
      <object_component id="oc-810">
         <name>.cinit..bss.load</name>
         <load_address>0x2000caa0</load_address>
         <run_address>0x2000caa0</run_address>
         <size>0x8</size>
      </object_component>
      <object_component id="oc-80e">
         <name>__TI_cinit_table</name>
         <load_address>0x2000caa8</load_address>
         <run_address>0x2000caa8</run_address>
         <size>0x10</size>
      </object_component>
      <object_component id="oc-2a">
         <name>.sysmem</name>
         <uninitialized>true</uninitialized>
         <run_address>0x20017000</run_address>
         <size>0x8</size>
         <input_file_ref idref="fl-136"/>
      </object_component>
      <object_component id="oc-812">
         <name>.sysmem</name>
         <uninitialized>true</uninitialized>
         <run_address>0x20017000</run_address>
         <size>0x0</size>
      </object_component>
      <object_component id="oc-29">
         <name>.stack</name>
         <uninitialized>true</uninitialized>
         <run_address>0x2002f800</run_address>
         <size>0x0</size>
         <input_file_ref idref="fl-12f"/>
      </object_component>
      <object_component id="oc-811">
         <name>.stack</name>
         <uninitialized>true</uninitialized>
         <run_address>0x2002f800</run_address>
         <size>0x0</size>
      </object_component>
      <object_component id="oc-d5">
         <name>.bss:g_ucConnectionSSID</name>
         <uninitialized>true</uninitialized>
         <run_address>0x20017f60</run_address>
         <size>0x24</size>
         <input_file_ref idref="fl-3"/>
      </object_component>
      <object_component id="oc-18c">
         <name>.bss:g_cBsdBuf</name>
         <uninitialized>true</uninitialized>
         <run_address>0x20017e68</run_address>
         <size>0x80</size>
         <input_file_ref idref="fl-3"/>
      </object_component>
      <object_component id="oc-3d7">
         <name>.bss:gfpAppCallbackHndl</name>
         <uninitialized>true</uninitialized>
         <run_address>0x20017d68</run_address>
         <size>0x100</size>
[...]
      </symbol>
      <symbol id="sm-c86">
         <name>_SlSendCmdCtrl</name>
         <value>0x2000c8dc</value>
         <object_component_ref idref="oc-320"/>
      </symbol>
      <symbol id="sm-c87">
         <name>_sl_BuildAddress</name>
         <value>0x2000b369</value>
         <object_component_ref idref="oc-329"/>
      </symbol>
      <symbol id="sm-c88">
         <name>_sl_HandleAsync_Connect</name>
         <value>0x2000a7b5</value>
         <object_component_ref idref="oc-7aa"/>
      </symbol>
      <symbol id="sm-c89">
         <name>sl_Htons</name>
         <value>0x2000b881</value>
         <object_component_ref idref="oc-142"/>
      </symbol>
      <symbol id="sm-c8a">
         <name>_SlSelectCmdCtrl</name>
         <value>0x2000c8f4</value>
         <object_component_ref idref="oc-320"/>
      </symbol>
      <symbol id="sm-c8b">
         <name>sl_Socket</name>
         <value>0x2000af89</value>
         <object_component_ref idref="oc-148"/>
      </symbol>
      <symbol id="sm-c8c">
         <name>_sl_HandleAsync_Select</name>
         <value>0x2000b141</value>
         <object_component_ref idref="oc-7b0"/>
      </symbol>
      <symbol id="sm-c8d">
         <name>_SlSockSocketCmdCtrl</name>
         <value>0x2000c8d0</value>
         <object_component_ref idref="oc-320"/>
      </symbol>
      <symbol id="sm-c8e">
         <name>_SlRecvfomCmdCtrl</name>
         <value>0x2000c8d8</value>
         <object_component_ref idref="oc-320"/>
      </symbol>
      <symbol id="sm-c8f">
         <name>_SlSetSockOptCmdCtrl</name>
         <value>0x2000c8ec</value>
         <object_component_ref idref="oc-320"/>
      </symbol>
      <symbol id="sm-c90">
         <name>_SlAcceptCmdCtrl</name>
         <value>0x2000c8e4</value>
         <object_component_ref idref="oc-320"/>
      </symbol>
      <symbol id="sm-c91">
         <name>_SlListenCmdCtrl</name>
         <value>0x2000c8e0</value>
         <object_component_ref idref="oc-320"/>
      </symbol>
      <symbol id="sm-c92">
         <name>_SlRecvCmdCtrl</name>
         <value>0x2000c8e8</value>
         <object_component_ref idref="oc-320"/>
      </symbol>
      <symbol id="sm-c93">
         <name>_SlGetSockOptCmdCtrl</name>
         <value>0x2000c8f0</value>
         <object_component_ref idref="oc-320"/>
      </symbol>
      <symbol id="sm-c94">
         <name>sl_Close</name>
         <value>0x2000bb35</value>
         <object_component_ref idref="oc-154"/>
      </symbol>
      <symbol id="sm-c95">
         <name>_sl_HandleAsync_Accept</name>
         <value>0x2000ae11</value>
         <object_component_ref idref="oc-7a4"/>
      </symbol>
      <symbol id="sm-c96">
         <name>sl_Listen</name>
         <value>0x2000b8bd</value>
         <object_component_ref idref="oc-15a"/>
      </symbol>
      <symbol id="sm-c97">
         <name>sl_Bind</name>
         <value>0x2000a2a1</value>
         <object_component_ref idref="oc-14e"/>
      </symbol>
      <symbol id="sm-d25">
         <name>sl_WlanDisconnect</name>
         <value>0x2000c2f1</value>
         <object_component_ref idref="oc-105"/>
      </symbol>
      <symbol id="sm-d26">
         <name>_SlPolicyGetCmdCtrl</name>
         <value>0x2000c82c</value>
         <object_component_ref idref="oc-284"/>
      </symbol>
      <symbol id="sm-d27">
         <name>_SlPolicySetCmdCtrl</name>
         <value>0x2000c828</value>
         <object_component_ref idref="oc-284"/>
      </symbol>
      <symbol id="sm-d28">
         <name>_SlRxFilterGetCmdCtrl</name>
         <value>0x2000c844</value>
         <object_component_ref idref="oc-284"/>
      </symbol>
      <symbol id="sm-d29">
         <name>_SlRxFilterSetCmdCtrl</name>
         <value>0x2000c840</value>
         <object_component_ref idref="oc-284"/>
      </symbol>
      <symbol id="sm-d2a">
         <name>_SlProfileGetCmdCtrl</name>
         <value>0x2000c830</value>
         <object_component_ref idref="oc-284"/>
      </symbol>
      <symbol id="sm-d2b">
         <name>_SlWlanGetNetworkListCtrl</name>
         <value>0x2000c838</value>
         <object_component_ref idref="oc-284"/>
      </symbol>
      <symbol id="sm-d2c">
         <name>sl_WlanPolicySet</name>
         <value>0x2000ae71</value>
         <object_component_ref idref="oc-f9"/>
      </symbol>
      <symbol id="sm-d2d">
         <name>_SlProfileDelCmdCtrl</name>
         <value>0x2000c834</value>
         <object_component_ref idref="oc-284"/>
      </symbol>
      <symbol id="sm-d2e">
         <name>_SlWlanSetModeCmdCtrl</name>
         <value>0x2000c84c</value>
         <object_component_ref idref="oc-284"/>
      </symbol>
      <symbol id="sm-d2f">
         <name>_SlWlanCfgSetCmdCtrl</name>
         <value>0x2000c850</value>
         <object_component_ref idref="oc-284"/>
      </symbol>
      <symbol id="sm-d30">
         <name>_SlWlanCfgGetCmdCtrl</name>
         <value>0x2000c854</value>
         <object_component_ref idref="oc-284"/>
      </symbol>
      <symbol id="sm-d31">
         <name>sl_WlanProfileDel</name>
         <value>0x2000bb65</value>
         <object_component_ref idref="oc-ff"/>
      </symbol>
      <symbol id="sm-d32">
         <name>_SlRxFilterAddtCmdCtrl</name>
         <value>0x2000c83c</value>
         <object_component_ref idref="oc-284"/>
      </symbol>
      <symbol id="sm-d33">
         <name>sl_WlanRxFilterSet</name>
         <value>0x2000b195</value>
         <object_component_ref idref="oc-123"/>
      </symbol>
      <symbol id="sm-d34">
         <name>sl_WlanConnect</name>
         <value>0x200076a1</value>
         <object_component_ref idref="oc-16d"/>
      </symbol>
      <symbol id="sm-d35">
         <name>sl_WlanSet</name>
         <value>0x2000ac15</value>
         <object_component_ref idref="oc-111"/>
      </symbol>
      <symbol id="sm-d36">
         <name>_SlSmartConfigStartCmdCtrl</name>
         <value>0x2000c848</value>
         <object_component_ref idref="oc-284"/>
      </symbol>
      <symbol id="sm-d37">
         <name>sl_WlanSetMode</name>
         <value>0x2000bb95</value>
         <object_component_ref idref="oc-e7"/>
      </symbol>
      <symbol id="sm-e49">
         <name>g_cDummy</name>
         <value>0x20017f91</value>
      </symbol>
      <symbol id="sm-e4a">
         <name>NwpMaskInterrupt</name>
         <value>0x2000c2cd</value>
         <object_component_ref idref="oc-4a4"/>
      </symbol>
      <symbol id="sm-e4b">
         <name>NwpRegisterInterruptHandler</name>
         <value>0x2000b78d</value>
         <object_component_ref idref="oc-248"/>
      </symbol>
      <symbol id="sm-e4c">
         <name>NwpPowerOnPreamble</name>
         <value>0x2000a435</value>
         <object_component_ref idref="oc-22a"/>
      </symbol>
      <symbol id="sm-e4d">
         <name>g_pHostIntHdl</name>
         <value>0x20018114</value>
         <object_component_ref idref="oc-47c"/>
      </symbol>
      <symbol id="sm-e4e">
         <name>NwpUnMaskInterrupt</name>
         <value>0x2000c2d9</value>
         <object_component_ref idref="oc-4be"/>
      </symbol>
      <symbol id="sm-e4f">
         <name>g_ucDinDout</name>
         <value>0x20017ee8</value>
         <object_component_ref idref="oc-47f"/>
      </symbol>
      <symbol id="sm-e50">
         <name>NwpPowerOff</name>
         <value>0x2000b935</value>
         <object_component_ref idref="oc-242"/>
      </symbol>
      <symbol id="sm-e51">
         <name>spi_Read</name>
         <value>0x200091b5</value>
         <object_component_ref idref="oc-6db"/>
      </symbol>
      <symbol id="sm-e52">
         <name>DmaSpiSwIntHandler</name>
         <value>0x2000bcf5</value>
         <object_component_ref idref="oc-482"/>
      </symbol>
      <symbol id="sm-e53">
         <name>NwpPowerOn</name>
         <value>0x2000bc21</value>
         <object_component_ref idref="oc-24e"/>
      </symbol>
      <symbol id="sm-e54">
         <name>spi_Close</name>
         <value>0x2000a82d</value>
         <object_component_ref idref="oc-28e"/>
      </symbol>
      <symbol id="sm-e55">
         <name>spi_Write</name>
         <value>0x20009e35</value>
         <object_component_ref idref="oc-661"/>
      </symbol>
      <symbol id="sm-e56">
         <name>spi_Open</name>
         <value>0x20008681</value>
         <object_component_ref idref="oc-236"/>
      </symbol>
      <symbol id="sm-e57">
         <name>g_ucDMAEnabled</name>
         <value>0x20018118</value>
         <object_component_ref idref="oc-47c"/>
      </symbol>
      <symbol id="sm-e58">
         <name>g_SpiFd</name>
         <value>0x20018110</value>
         <object_component_ref idref="oc-47c"/>
      </symbol>
      <symbol id="sm-eae">
         <name>GPIOIntRegister</name>
         <value>0x2000be95</value>
         <object_component_ref idref="oc-2f7"/>
      </symbol>
      <symbol id="sm-eaf">
         <name>GPIOIntEnable</name>
         <value>0x2000bfb9</value>
         <object_component_ref idref="oc-303"/>
      </symbol>
      <symbol id="sm-eb0">
         <name>GPIOIntTypeSet</name>
         <value>0x2000a4b9</value>
         <object_component_ref idref="oc-2eb"/>
      </symbol>
      <symbol id="sm-eb1">
         <name>GPIOIntClear</name>
         <value>0x2000c217</value>
         <object_component_ref idref="oc-2fd"/>
      </symbol>
      <symbol id="sm-eb2">
         <name>GPIOPinRead</name>
         <value>0x2000c0a3</value>
         <object_component_ref idref="oc-315"/>
      </symbol>
      <symbol id="sm-eb3">
         <name>GPIODirModeSet</name>
         <value>0x2000b96d</value>
         <object_component_ref idref="oc-3ec"/>
      </symbol>
      <symbol id="sm-eb4">
         <name>GPIOPinWrite</name>
         <value>0x2000be33</value>
         <object_component_ref idref="oc-309"/>
      </symbol>
      <symbol id="sm-f3a">
         <name>IntPendClear</name>
         <value>0x2000afe5</value>
         <object_component_ref idref="oc-4b7"/>
      </symbol>
      <symbol id="sm-f3b">
         <name>IntPrioritySet</name>
         <value>0x2000b0ed</value>
         <object_component_ref idref="oc-2f1"/>
      </symbol>
      <symbol id="sm-f3c">
         <name>IntVTableBaseSet</name>
         <value>0x2000c22d</value>
         <object_component_ref idref="oc-174"/>
      </symbol>
      <symbol id="sm-f3d">
         <name>IntEnable</name>
         <value>0x20009b19</value>
         <object_component_ref idref="oc-180"/>
      </symbol>
      <symbol id="sm-f3e">
         <name>IntDisable</name>
         <value>0x20009a71</value>
         <object_component_ref idref="oc-4ab"/>
      </symbol>
      <symbol id="sm-f3f">
         <name>IntRegister</name>
         <value>0x2000be55</value>
         <object_component_ref idref="oc-46a"/>
      </symbol>
      <symbol id="sm-f40">
         <name>IntUnregister</name>
         <value>0x2000bd19</value>
         <object_component_ref idref="oc-4b1"/>
      </symbol>
      <symbol id="sm-f41">
         <name>IntMasterEnable</name>
         <value>0x2000c321</value>
         <object_component_ref idref="oc-17a"/>
      </symbol>
      <symbol id="sm-f78">
         <name>PinTypeUART</name>
         <value>0x2000bfd3</value>
         <object_component_ref idref="oc-3e0"/>
      </symbol>
      <symbol id="sm-f79">
         <name>PinTypeGPIO</name>
         <value>0x2000ba75</value>
         <object_component_ref idref="oc-3e6"/>
      </symbol>
      <symbol id="sm-f7a">
         <name>PinConfigSet</name>
         <value>0x2000a191</value>
         <object_component_ref idref="oc-5a7"/>
      </symbol>
      <symbol id="sm-f7b">
         <name>PinModeSet</name>
         <value>0x2000b6cd</value>
         <object_component_ref idref="oc-5a1"/>
      </symbol>
      <symbol id="sm-100a">
         <name>PRCMPeripheralReset</name>
         <value>0x2000b03d</value>
         <object_component_ref idref="oc-362"/>
      </symbol>
      <symbol id="sm-100b">
         <name>PRCMPeripheralClkEnable</name>
         <value>0x2000b809</value>
         <object_component_ref idref="oc-35c"/>
      </symbol>
      <symbol id="sm-100c">
         <name>PRCMPeripheralClockGet</name>
         <value>0x20009ecd</value>
         <object_component_ref idref="oc-1cc"/>
      </symbol>
      <symbol id="sm-100d">
         <name>PRCMCC3200MCUInit</name>
         <value>0x20008a35</value>
         <object_component_ref idref="oc-186"/>
      </symbol>
      <symbol id="sm-100e">
         <name>PRCMHIBRegWrite</name>
         <value>0x2000c1ab</value>
         <object_component_ref idref="oc-356"/>
      </symbol>
      <symbol id="sm-100f">
         <name>PRCMSysResetCauseGet</name>
         <value>0x2000bc4d</value>
         <object_component_ref idref="oc-36e"/>
      </symbol>
      <symbol id="sm-1010">
         <name>PRCMPeripheralStatusGet</name>
         <value>0x2000b9d9</value>
         <object_component_ref idref="oc-44c"/>
      </symbol>
      <symbol id="sm-1011">
         <name>PRCMPeripheralClkDisable</name>
         <value>0x2000bccd</value>
         <object_component_ref idref="oc-368"/>
      </symbol>
      <symbol id="sm-1012">
         <name>PRCMHIBRegRead</name>
         <value>0x2000c195</value>
         <object_component_ref idref="oc-350"/>
      </symbol>
      <symbol id="sm-10cd">
         <name>SPIFIFODisable</name>
         <value>0x2000c021</value>
         <object_component_ref idref="oc-520"/>
      </symbol>
      <symbol id="sm-10ce">
         <name>SPICSEnable</name>
         <value>0x2000c0d3</value>
         <object_component_ref idref="oc-6f2"/>
      </symbol>
      <symbol id="sm-10cf">
         <name>SPIDisable</name>
         <value>0x2000c0eb</value>
         <object_component_ref idref="oc-43a"/>
      </symbol>
      <symbol id="sm-10d0">
         <name>SPIFIFOEnable</name>
         <value>0x2000c03b</value>
         <object_component_ref idref="oc-458"/>
      </symbol>
      <symbol id="sm-10d1">
         <name>SPIWordCountSet</name>
         <value>0x2000bdef</value>
         <object_component_ref idref="oc-6f8"/>
      </symbol>
      <symbol id="sm-10d2">
         <name>SPIEnable</name>
         <value>0x2000c103</value>
         <object_component_ref idref="oc-476"/>
      </symbol>
      <symbol id="sm-10d3">
         <name>SPIDmaEnable</name>
         <value>0x2000c007</value>
         <object_component_ref idref="oc-45e"/>
      </symbol>
      <symbol id="sm-10d4">
         <name>SPIConfigSetExpClk</name>
         <value>0x20009bc1</value>
         <object_component_ref idref="oc-446"/>
      </symbol>
      <symbol id="sm-10d5">
         <name>SPIIntUnregister</name>
         <value>0x2000c055</value>
         <object_component_ref idref="oc-51a"/>
      </symbol>
      <symbol id="sm-10d6">
         <name>SPIFIFOLevelSet</name>
         <value>0x2000ba0d</value>
         <object_component_ref idref="oc-464"/>
      </symbol>
      <symbol id="sm-10d7">
         <name>SPIDmaDisable</name>
         <value>0x2000bfed</value>
         <object_component_ref idref="oc-526"/>
      </symbol>
      <symbol id="sm-10d8">
         <name>SPIReset</name>
         <value>0x2000bdcd</value>
         <object_component_ref idref="oc-440"/>
      </symbol>
      <symbol id="sm-10d9">
         <name>SPIIntEnable</name>
         <value>0x2000b239</value>
         <object_component_ref idref="oc-470"/>
      </symbol>
      <symbol id="sm-10da">
         <name>SPIIntClear</name>
         <value>0x2000b4e1</value>
         <object_component_ref idref="oc-632"/>
      </symbol>
      <symbol id="sm-10db">
         <name>SPICSDisable</name>
         <value>0x2000c0bb</value>
         <object_component_ref idref="oc-434"/>
      </symbol>
      <symbol id="sm-1117">
         <name>UARTConfigSetExpClk</name>
         <value>0x2000a8a5</value>
         <object_component_ref idref="oc-1d2"/>
      </symbol>
      <symbol id="sm-1118">
         <name>UARTDisable</name>
         <value>0x2000baa5</value>
         <object_component_ref idref="oc-3f7"/>
      </symbol>
      <symbol id="sm-1119">
         <name>UARTCharsAvail</name>
         <value>0x2000c11b</value>
         <object_component_ref idref="oc-1e4"/>
      </symbol>
      <symbol id="sm-111a">
         <name>UARTCharGetNonBlocking</name>
         <value>0x2000bf2b</value>
         <object_component_ref idref="oc-1ea"/>
      </symbol>
      <symbol id="sm-111b">
         <name>UARTCharPut</name>
         <value>0x2000beb3</value>
         <object_component_ref idref="oc-1d8"/>
      </symbol>
      <symbol id="sm-111c">
         <name>UARTEnable</name>
         <value>0x2000bd3d</value>
         <object_component_ref idref="oc-3fd"/>
      </symbol>
      <symbol id="sm-11c9">
         <name>uDMAChannelControlSet</name>
         <value>0x2000b8f9</value>
         <object_component_ref idref="oc-3b9"/>
      </symbol>
      <symbol id="sm-11ca">
         <name>uDMAIntClear</name>
         <value>0x2000c27d</value>
         <object_component_ref idref="oc-37d"/>
      </symbol>
      <symbol id="sm-11cb">
         <name>uDMAChannelDisable</name>
         <value>0x2000bf65</value>
         <object_component_ref idref="oc-3a7"/>
      </symbol>
      <symbol id="sm-11cc">
         <name>uDMAIntUnregister</name>
         <value>0x2000c291</value>
         <object_component_ref idref="oc-3ad"/>
      </symbol>
      <symbol id="sm-11cd">
         <name>uDMAChannelAttributeEnable</name>
         <value>0x2000adad</value>
         <object_component_ref idref="oc-3bf"/>
      </symbol>
      <symbol id="sm-11ce">
         <name>uDMADisable</name>
         <value>0x2000c2fd</value>
         <object_component_ref idref="oc-3b3"/>
      </symbol>
      <symbol id="sm-11cf">
         <name>uDMAChannelTransferSet</name>
         <value>0x200092a5</value>
         <object_component_ref idref="oc-3c5"/>
      </symbol>
      <symbol id="sm-11d0">
         <name>uDMAIntStatus</name>
         <value>0x2000c315</value>
         <object_component_ref idref="oc-377"/>
      </symbol>
      <symbol id="sm-11d1">
         <name>uDMAChannelAssign</name>
         <value>0x2000b44d</value>
         <object_component_ref idref="oc-395"/>
      </symbol>
      <symbol id="sm-11d2">
         <name>uDMAIntRegister</name>
         <value>0x2000c1ed</value>
         <object_component_ref idref="oc-383"/>
      </symbol>
      <symbol id="sm-11d3">
         <name>uDMAEnable</name>
         <value>0x2000c309</value>
         <object_component_ref idref="oc-389"/>
      </symbol>
      <symbol id="sm-11d4">
         <name>uDMAControlBaseSet</name>
         <value>0x2000c269</value>
         <object_component_ref idref="oc-38f"/>
      </symbol>
      <symbol id="sm-11d5">
         <name>uDMAChannelAttributeDisable</name>
         <value>0x2000ad49</value>
         <object_component_ref idref="oc-39b"/>
      </symbol>
      <symbol id="sm-11d6">
         <name>uDMAChannelEnable</name>
         <value>0x2000bf81</value>
         <object_component_ref idref="oc-3cb"/>
      </symbol>
      <symbol id="sm-11d7">
         <name>uDMAChannelRequest</name>
         <value>0x2000bf9d</value>
         <object_component_ref idref="oc-3a1"/>
      </symbol>
      <symbol id="sm-11db">
         <name>UtilsDelay</name>
         <value>0x2000c32b</value>
         <object_component_ref idref="oc-166"/>
      </symbol>
      <symbol id="sm-11e5">
         <name>CPUcpsie</name>
         <value>0x2000c203</value>
         <object_component_ref idref="oc-345"/>
      </symbol>
      <symbol id="sm-11e7">
         <name>__TI_static_base__</name>
         <value>0x2000ca18</value>
      </symbol>
      <symbol id="sm-11ea">
         <name>SHT$$INIT_ARRAY$$Limit</name>
         <value>0x0</value>
      </symbol>
      <symbol id="sm-11eb">
         <name>SHT$$INIT_ARRAY$$Base</name>
         <value>0x0</value>
      </symbol>
   </symbol_table>
   <title>Link successful</title>
</link_info>
