******************************************************************************
                  TI ARM Linker PC v5.2.2                      
******************************************************************************
>> Linked Tue Apr 14 22:45:43 2015

OUTPUT FILE NAME:   <LPTcpServer.out>
ENTRY POINT SYMBOL: "_c_int00"  address: 2000b845


MEMORY CONFIGURATION

         name            origin    length      used     unused   attr    fill
----------------------  --------  ---------  --------  --------  ----  --------
  SRAM_CODE             20004000   00013000  00008ab6  0000a54a  RW X
  SRAM_DATA             20017000   00019000  0000194a  000176b6  RW X


SEGMENT ALLOCATION MAP

run origin  load origin   length   init length attrs members
----------  ----------- ---------- ----------- ----- -------
20004000    20004000    00008ab8   00008ab8    r-x
  20004000    20004000    00000400   00000400    r-- .intvecs
  20004400    20004400    00007f3a   00007f3a    r-x .text
  2000c33c    2000c33c    000006dc   000006dc    r-- .const
  2000ca18    2000ca18    000000a0   000000a0    r-- .cinit
20017000    20017000    0000114c   00000000    rw-
  20017000    20017000    00000800   00000000    rw- .sysmem
  20017800    20017800    00000796   00000000    rw- .bss
  20017f98    20017f98    000001b4   00000000    rw- .data
2002f800    2002f800    00000800   00000000    rw-
  2002f800    2002f800    00000800   00000000    rw- .stack


SECTION ALLOCATION MAP

 output                                  attributes/
section   page    origin      length       input sections
--------  ----  ----------  ----------   ----------------
.intvecs   0    20004000    00000400     
                  20004000    00000400     startup_ccs.obj (.intvecs)

.init_array 
*          0    20004000    00000000     UNINITIALIZED

.text      0    20004400    00007f3a     
                  20004400    000010a6     rtsv7M4_T_le_eabi.lib : _printfi.obj (.text)
                  200054a6    00000002     driverlib.a : interrupt.obj (.text:IntDefaultHandler)
                  200054a8    00000fcc     main.obj (.text)
                  20006474    000005ec     simplelink.a : driver.obj (.text:_SlDrvMsgRead)
                  20006a60    000003dc     rtsv7M4_T_le_eabi.lib : memory.obj (.text)
                  20006e3c    0000039c     gpio_if.obj (.text)
                  200071d8    00000280     uart_if.obj (.text)
                  20007458    00000248     simplelink.a : driver.obj (.text:_SlDrvRxHdrRead)
                  200076a0    00000244                  : wlan.obj (.text:sl_WlanConnect)
                  200078e4    000001f4     rtsv7M4_T_le_eabi.lib : ull_div_t2.obj (.text)
                  20007ad8    000001d0     simplelink.a : driver.obj (.text:_SlDrvReleasePoolObj)
                  20007ca8    000001cc                  : driver.obj (.text:_SlDrvMsgWrite)
                  20007e74    000001cc     udma_if.obj (.text)
                  20008040    000001b6     rtsv7M4_T_le_eabi.lib : fd_add_t2.obj (.text)
                  200081f6    00000002     --HOLE-- [fill = 0]
                  200081f8    00000190     simplelink.a : driver.obj (.text:_SlDrvWaitForPoolObj)
                  20008388    00000188                  : driver.obj (.text:_SlDrvDriverCBInit)
                  20008510    00000170                  : driver.obj (.text:_SlFindAndSetActiveObj)
                  20008680    00000144                  : cc_pal.obj (.text:spi_Open)
                  200087c4    00000138                  : socket.obj (.text:sl_Accept)
                  200088fc    00000136     rtsv7M4_T_le_eabi.lib : fd_div_t2.obj (.text)
                  20008a32    00000002     --HOLE-- [fill = 0]
                  20008a34    00000134     driverlib.a : prcm.obj (.text:PRCMCC3200MCUInit)
                  20008b68    0000012c     simplelink.a : driver.obj (.text:_SlDrvDataReadOp)
                  20008c94    00000114     rtsv7M4_T_le_eabi.lib : strtoul.obj (.text)
                  20008da8    00000110                           : xdscale.obj (.text)
                  20008eb8    00000100     simplelink.a : driver.obj (.text:_SlDrvDriverCBDeinit)
                  20008fb8    000000fe                  : netapp.obj (.text:_SlDrvNetAppEventHandler)
                  200090b6    000000fc     rtsv7M4_T_le_eabi.lib : fd_mul_t2.obj (.text)
                  200091b2    00000002     --HOLE-- [fill = 0]
                  200091b4    000000f0     simplelink.a : cc_pal.obj (.text:spi_Read)
                  200092a4    000000f0     driverlib.a : udma.obj (.text:uDMAChannelTransferSet)
                  20009394    000000d8     simplelink.a : driver.obj (.text:_SlDrvClassifyRxMsg)
                  2000946c    000000d4                  : device.obj (.text:sl_Stop)
                  20009540    000000c8                  : netapp.obj (.text:_sl_HandleAsync_DnsGetHostByService)
                  20009608    000000c0                  : driver.obj (.text:_SlDrvMsgReadCmdCtx)
                  200096c8    000000c0                  : driver.obj (.text:_SlRemoveFromList)
                  20009788    000000be     rtsv7M4_T_le_eabi.lib : xdnorm.obj (.text)
                  20009846    00000002     --HOLE-- [fill = 0]
                  20009848    000000bc     simplelink.a : device.obj (.text:sl_Start)
                  20009904    000000b8                  : driver.obj (.text:_SlAsyncEventGenericHandler)
                  200099bc    000000b4                  : netapp.obj (.text:sl_NetAppMDNSRegisterUnregisterService)
                  20009a70    000000a8     driverlib.a : interrupt.obj (.text:IntDisable)
                  20009b18    000000a8                 : interrupt.obj (.text:IntEnable)
                  20009bc0    000000a0                 : spi.obj (.text:SPIConfigSetExpClk)
                  20009c60    0000009c     simplelink.a : driver.obj (.text:_SlDrvMsgReadSpawnCtx)
                  20009cfc    0000009c     rtsv7M4_T_le_eabi.lib : memcpy_t2.obj (.text)
                  20009d98    0000009c     simplelink.a : device.obj (.text:sl_DevGet)
                  20009e34    00000098                  : cc_pal.obj (.text:spi_Write)
                  20009ecc    00000094     driverlib.a : prcm.obj (.text:PRCMPeripheralClockGet)
                  20009f60    0000008c     simplelink.a : cc_pal.obj (.text:SetupDMAReceive)
                  20009fec    0000008c                  : cc_pal.obj (.text:SetupDMASend)
                  2000a078    0000008c                  : netapp.obj (.text:_sl_HandleAsync_DnsGetHostByName)
                  2000a104    0000008c                  : netapp.obj (.text:_sl_HandleAsync_PingResponse)
                  2000a190    00000088     driverlib.a : pin.obj (.text:PinConfigSet)
                  2000a218    00000088     rtsv7M4_T_le_eabi.lib : vsnprintf.obj (.text)
                  2000a2a0    00000088     simplelink.a : socket.obj (.text:sl_Bind)
                  2000a328    00000086     rtsv7M4_T_le_eabi.lib : fd_cmp_t2.obj (.text:__aeabi_cdcmple)
                  2000a3ae    00000086                           : fd_cmp_t2.obj (.text:__aeabi_cdrcmple)
                  2000a434    00000084     simplelink.a : cc_pal.obj (.text:NwpPowerOnPreamble)
                  2000a4b8    00000082     driverlib.a : gpio.obj (.text:GPIOIntTypeSet)
                  2000a53a    00000002     --HOLE-- [fill = 0]
                  2000a53c    00000080     simplelink.a : driver.obj (.text:_SlDrvCmdOp)
                  2000a5bc    00000080                  : cc_pal.obj (.text:spi_Read_CPU)
                  2000a63c    00000080                  : cc_pal.obj (.text:spi_Write_CPU)
                  2000a6bc    0000007c                  : device.obj (.text:_sl_HandleAsync_InitComplete)
                  2000a738    0000007a     rtsv7M4_T_le_eabi.lib : memset_t2.obj (.text)
                  2000a7b2    00000002     --HOLE-- [fill = 0]
                  2000a7b4    00000078     simplelink.a : socket.obj (.text:_sl_HandleAsync_Connect)
                  2000a82c    00000078                  : cc_pal.obj (.text:spi_Close)
                  2000a8a4    00000076     driverlib.a : uart.obj (.text:UARTConfigSetExpClk)
                  2000a91a    00000002     --HOLE-- [fill = 0]
                  2000a91c    00000074     simplelink.a : socket.obj (.text:sl_Recv)
                  2000a990    00000070                  : nonos.obj (.text:_SlNonOsMainLoopTask)
                  2000aa00    0000006c                  : driver.obj (.text:_SlDrvCmdSend)
                  2000aa6c    0000006c     rtsv7M4_T_le_eabi.lib : autoinit.obj (.text)
                  2000aad8    0000006a                           : copy_decompress_rle.obj (.text)
                  2000ab42    00000002     --HOLE-- [fill = 0]
                  2000ab44    00000068     simplelink.a : netapp.obj (.text:_sl_NetAppSendTokenValue)
                  2000abac    00000068                  : netcfg.obj (.text:sl_NetCfgSet)
                  2000ac14    00000068                  : wlan.obj (.text:sl_WlanSet)
                  2000ac7c    00000066     rtsv7M4_T_le_eabi.lib : xdunscal.obj (.text)
                  2000ace2    00000002     --HOLE-- [fill = 0]
                  2000ace4    00000064     pinmux.obj (.text)
                  2000ad48    00000064     driverlib.a : udma.obj (.text:uDMAChannelAttributeDisable)
                  2000adac    00000064                 : udma.obj (.text:uDMAChannelAttributeEnable)
                  2000ae10    00000060     simplelink.a : socket.obj (.text:_sl_HandleAsync_Accept)
                  2000ae70    00000060                  : wlan.obj (.text:sl_WlanPolicySet)
                  2000aed0    0000005c                  : nonos.obj (.text:_SlNonOsSemGet)
                  2000af2c    0000005c                  : nonos.obj (.text:_SlNonOsSpawn)
                  2000af88    0000005c                  : socket.obj (.text:sl_Socket)
                  2000afe4    00000058     driverlib.a : interrupt.obj (.text:IntPendClear)
                  2000b03c    00000058                 : prcm.obj (.text:PRCMPeripheralReset)
                  2000b094    00000056     rtsv7M4_T_le_eabi.lib : ltoa.obj (.text)
                  2000b0ea    00000002     --HOLE-- [fill = 0]
                  2000b0ec    00000054     driverlib.a : interrupt.obj (.text:IntPrioritySet)
                  2000b140    00000054     simplelink.a : socket.obj (.text:_sl_HandleAsync_Select)
                  2000b194    00000054                  : wlan.obj (.text:sl_WlanRxFilterSet)
                  2000b1e8    00000050                  : device.obj (.text:_sl_HandleAsync_Stop)
                  2000b238    0000004c     driverlib.a : spi.obj (.text:SPIIntEnable)
                  2000b284    0000004c                 : spi.obj (.text:SPIIntNumberGet)
                  2000b2d0    0000004c     simplelink.a : driver.obj (.text:_SlDrvProtectAsyncRespSetting)
                  2000b31c    0000004c                  : driver.obj (.text:_SlDrvRxIrqHandler)
                  2000b368    0000004c                  : socket.obj (.text:_sl_BuildAddress)
                  2000b3b4    0000004c     rtsv7M4_T_le_eabi.lib : atoi.obj (.text)
                  2000b400    0000004c                           : cpy_tbl.obj (.text)
                  2000b44c    0000004c     driverlib.a : udma.obj (.text:uDMAChannelAssign)
                  2000b498    00000048                 : gpio.obj (.text:GPIOGetIntNumber)
                  2000b4e0    00000048                 : spi.obj (.text:SPIIntClear)
                  2000b528    00000048     simplelink.a : driver.obj (.text:_SlDrvBasicCmd)
                  2000b570    00000048     rtsv7M4_T_le_eabi.lib : fd_toi_t2.obj (.text)
                  2000b5b8    00000046                           : ldexp.obj (.text)
                  2000b5fe    00000002     --HOLE-- [fill = 0]
                  2000b600    00000044     driverlib.a : spi.obj (.text:SPIDmaMaskGet)
                  2000b644    00000044     simplelink.a : cc_pal.obj (.text:cc_SetupTransfer)
                  2000b688    00000044     rtsv7M4_T_le_eabi.lib : exit.obj (.text)
                  2000b6cc    00000040     driverlib.a : pin.obj (.text:PinModeSet)
                  2000b70c    00000040     rtsv7M4_T_le_eabi.lib : signal.obj (.text)
                  2000b74c    00000040                           : strtok.obj (.text)
                  2000b78c    0000003e     simplelink.a : cc_pal.obj (.text:NwpRegisterInterruptHandler)
                  2000b7ca    0000003c                  : netapp.obj (.text:CopyPingResultsToReport)
                  2000b806    00000002     --HOLE-- [fill = 0]
                  2000b808    0000003c     driverlib.a : prcm.obj (.text:PRCMPeripheralClkEnable)
                  2000b844    0000003c     rtsv7M4_T_le_eabi.lib : boot.obj (.text)
                  2000b880    0000003c     simplelink.a : socket.obj (.text:sl_Htons)
                  2000b8bc    0000003c                  : socket.obj (.text:sl_Listen)
                  2000b8f8    0000003c     driverlib.a : udma.obj (.text:uDMAChannelControlSet)
                  2000b934    00000038     simplelink.a : cc_pal.obj (.text:NwpPowerOff)
                  2000b96c    00000036     driverlib.a : gpio.obj (.text:GPIODirModeSet)
                  2000b9a2    00000036     simplelink.a : netapp.obj (.text:sl_NetAppMDNSUnRegisterService)
                  2000b9d8    00000034     driverlib.a : prcm.obj (.text:PRCMPeripheralStatusGet)
                  2000ba0c    00000034                 : spi.obj (.text:SPIFIFOLevelSet)
                  2000ba40    00000034     rtsv7M4_T_le_eabi.lib : feraiseexcept.obj (.text)
                  2000ba74    00000030     driverlib.a : pin.obj (.text:PinTypeGPIO)
                  2000baa4    00000030                 : uart.obj (.text:UARTDisable)
                  2000bad4    00000030     simplelink.a : device.obj (.text:_SlDrvDeviceEventHandler)
                  2000bb04    00000030     rtsv7M4_T_le_eabi.lib : xferaise.obj (.text)
                  2000bb34    00000030     simplelink.a : socket.obj (.text:sl_Close)
                  2000bb64    00000030                  : wlan.obj (.text:sl_WlanProfileDel)
                  2000bb94    00000030                  : wlan.obj (.text:sl_WlanSetMode)
                  2000bbc4    0000002e     rtsv7M4_T_le_eabi.lib : i_tofd_t2.obj (.text)
                  2000bbf2    0000002e                           : raise.obj (.text)
                  2000bc20    0000002c     simplelink.a : cc_pal.obj (.text:NwpPowerOn)
                  2000bc4c    0000002c     driverlib.a : prcm.obj (.text:PRCMSysResetCauseGet)
                  2000bc78    0000002a     rtsv7M4_T_le_eabi.lib : strspn.obj (.text)
                  2000bca2    0000002a                           : xdclass.obj (.text)
                  2000bccc    00000028     driverlib.a : prcm.obj (.text:PRCMPeripheralClkDisable)
                  2000bcf4    00000024     simplelink.a : cc_pal.obj (.text:DmaSpiSwIntHandler)
                  2000bd18    00000024     driverlib.a : interrupt.obj (.text:IntUnregister)
                  2000bd3c    00000024                 : uart.obj (.text:UARTEnable)
                  2000bd60    00000024     simplelink.a : driver.obj (.text:_SlDrvProtectionObjLockWaitForever)
                  2000bd84    00000024     rtsv7M4_T_le_eabi.lib : memmov.obj (.text)
                  2000bda8    00000024                           : strcspn.obj (.text)
                  2000bdcc    00000022     driverlib.a : spi.obj (.text:SPIReset)
                  2000bdee    00000022                 : spi.obj (.text:SPIWordCountSet)
                  2000be10    00000022     rtsv7M4_T_le_eabi.lib : frexp.obj (.text)
                  2000be32    00000020     driverlib.a : gpio.obj (.text:GPIOPinWrite)
                  2000be52    00000002     --HOLE-- [fill = 0]
                  2000be54    00000020                 : interrupt.obj (.text:IntRegister)
                  2000be74    00000020     simplelink.a : driver.obj (.text:_SlDrvProtectionObjUnLock)
                  2000be94    0000001e     driverlib.a : gpio.obj (.text:GPIOIntRegister)
                  2000beb2    0000001e                 : uart.obj (.text:UARTCharPut)
                  2000bed0    0000001e     simplelink.a : driver.obj (.text:_SlDrvObjLockWaitForever)
                  2000beee    0000001e                  : driver.obj (.text:_SlDrvSyncObjWaitForever)
                  2000bf0c    0000001e                  : cc_pal.obj (.text:cc_UDMAChannelSelect)
                  2000bf2a    0000001c     driverlib.a : uart.obj (.text:UARTCharGetNonBlocking)
                  2000bf46    0000001c     rtsv7M4_T_le_eabi.lib : memccpy.obj (.text)
                  2000bf62    00000002     --HOLE-- [fill = 0]
                  2000bf64    0000001c     driverlib.a : udma.obj (.text:uDMAChannelDisable)
                  2000bf80    0000001c                 : udma.obj (.text:uDMAChannelEnable)
                  2000bf9c    0000001c                 : udma.obj (.text:uDMAChannelRequest)
                  2000bfb8    0000001a                 : gpio.obj (.text:GPIOIntEnable)
                  2000bfd2    0000001a                 : pin.obj (.text:PinTypeUART)
                  2000bfec    0000001a                 : spi.obj (.text:SPIDmaDisable)
                  2000c006    0000001a                 : spi.obj (.text:SPIDmaEnable)
                  2000c020    0000001a                 : spi.obj (.text:SPIFIFODisable)
                  2000c03a    0000001a                 : spi.obj (.text:SPIFIFOEnable)
                  2000c054    0000001a                 : spi.obj (.text:SPIIntUnregister)
                  2000c06e    0000001a     simplelink.a : driver.obj (.text:_SlDrvObjUnLock)
                  2000c088    0000001a                  : driver.obj (.text:_SlDrvSyncObjSignal)
                  2000c0a2    00000018     driverlib.a : gpio.obj (.text:GPIOPinRead)
                  2000c0ba    00000018                 : spi.obj (.text:SPICSDisable)
                  2000c0d2    00000018                 : spi.obj (.text:SPICSEnable)
                  2000c0ea    00000018                 : spi.obj (.text:SPIDisable)
                  2000c102    00000018                 : spi.obj (.text:SPIEnable)
                  2000c11a    00000018                 : uart.obj (.text:UARTCharsAvail)
                  2000c132    00000018     simplelink.a : nonos.obj (.text:_SlNonOsSemSet)
                  2000c14a    00000002     --HOLE-- [fill = 0]
                  2000c14c    00000018                  : device.obj (.text:_sl_GetStartResponseConvert)
                  2000c164    00000018     rtsv7M4_T_le_eabi.lib : args_main.obj (.text)
                  2000c17c    00000018                           : strcmp.obj (.text)
                  2000c194    00000016     driverlib.a : prcm.obj (.text:PRCMHIBRegRead)
                  2000c1aa    00000016                 : prcm.obj (.text:PRCMHIBRegWrite)
                  2000c1c0    00000016     simplelink.a : driver.obj (.text:_SlDrvMemZero)
                  2000c1d6    00000016     rtsv7M4_T_le_eabi.lib : strchr.obj (.text)
                  2000c1ec    00000016     driverlib.a : udma.obj (.text:uDMAIntRegister)
                  2000c202    00000014                 : cpu.obj (.text:CPUcpsie)
                  2000c216    00000014                 : gpio.obj (.text:GPIOIntClear)
                  2000c22a    00000002     --HOLE-- [fill = 0]
                  2000c22c    00000014                 : interrupt.obj (.text:IntVTableBaseSet)
                  2000c240    00000014     rtsv7M4_T_le_eabi.lib : _lock.obj (.text)
                  2000c254    00000014                           : strlen.obj (.text)
                  2000c268    00000014     driverlib.a : udma.obj (.text:uDMAControlBaseSet)
                  2000c27c    00000014                 : udma.obj (.text:uDMAIntClear)
                  2000c290    00000012                 : udma.obj (.text:uDMAIntUnregister)
                  2000c2a2    0000000e     simplelink.a : driver.obj (.text:_SlDrvResetCmdExt)
                  2000c2b0    0000000e     rtsv7M4_T_le_eabi.lib : copy_decompress_none.obj (.text:decompress:none)
                  2000c2be    0000000e     startup_ccs.obj (.text)
                  2000c2cc    0000000c     simplelink.a : cc_pal.obj (.text:NwpMaskInterrupt)
                  2000c2d8    0000000c                  : cc_pal.obj (.text:NwpUnMaskInterrupt)
                  2000c2e4    0000000c     rtsv7M4_T_le_eabi.lib : copy_zero_init.obj (.text:decompress:ZI)
                  2000c2f0    0000000c     simplelink.a : wlan.obj (.text:sl_WlanDisconnect)
                  2000c2fc    0000000c     driverlib.a : udma.obj (.text:uDMADisable)
                  2000c308    0000000c                 : udma.obj (.text:uDMAEnable)
                  2000c314    0000000c                 : udma.obj (.text:uDMAIntStatus)
                  2000c320    0000000a                 : interrupt.obj (.text:IntMasterEnable)
                  2000c32a    00000006                 : utils.obj (.text:UtilsDelay)
                  2000c330    00000006     rtsv7M4_T_le_eabi.lib : copy_decompress_rle.obj (.text:decompress:rle24)
                  2000c336    00000004                           : pre_init.obj (.text)

.const     0    2000c33c    000006dc     
                  2000c33c    00000101     rtsv7M4_T_le_eabi.lib : ctype.obj (.const:.string:_ctypes_)
                  2000c43d    00000003     --HOLE-- [fill = 0]
                  2000c440    00000100     driverlib.a : pin.obj (.const:g_ulPinToPadMap)
                  2000c540    000000d4                 : interrupt.obj (.const:g_pulRegs)
                  2000c614    000000b0     simplelink.a : wlan.obj (.const:$P$T0$1)
                  2000c6c4    000000a8     driverlib.a : prcm.obj (.const:PRCM_PeriphRegsList)
                  2000c76c    00000080                 : interrupt.obj (.const)
                  2000c7ec    0000003c     simplelink.a : driver.obj (.const:OpcodeTranslateTable)
                  2000c828    0000003c                  : wlan.obj (.const)
                  2000c864    00000038                  : driver.obj (.const:_SlActionLookupTable)
                  2000c89c    00000034                  : driver.obj (.const)
                  2000c8d0    00000034                  : socket.obj (.const)
                  2000c904    0000002c     main.obj (.const:$P$T1$2)
                  2000c930    00000028     simplelink.a : netapp.obj (.const)
                  2000c958    00000024     driverlib.a : spi.obj (.const:g_ppulSPIIntMap)
                  2000c97c    00000022     main.obj (.const:.string:$P$T0$1)
                  2000c99e    00000002     --HOLE-- [fill = 0]
                  2000c9a0    00000020     main.obj (.const)
                  2000c9c0    00000019     main.obj (.const:.string)
                  2000c9d9    00000003     --HOLE-- [fill = 0]
                  2000c9dc    00000018     driverlib.a : spi.obj (.const)
                  2000c9f4    00000014     simplelink.a : device.obj (.const)
                  2000ca08    00000008                  : device.obj (.const:.string)
                  2000ca10    00000008                  : netcfg.obj (.const)

.cinit     0    2000ca18    000000a0     
                  2000ca18    00000075     (.cinit..data.load) [load image, compression = rle]
                  2000ca8d    00000003     --HOLE-- [fill = 0]
                  2000ca90    0000000c     (__TI_handler_table)
                  2000ca9c    00000004     --HOLE-- [fill = 0]
                  2000caa0    00000008     (.cinit..bss.load) [load image, compression = zero_init]
                  2000caa8    00000010     (__TI_cinit_table)

.sysmem    0    20017000    00000800     UNINITIALIZED
                  20017000    00000008     rtsv7M4_T_le_eabi.lib : memory.obj (.sysmem)
                  20017008    000007f8     --HOLE--

.bss       0    20017800    00000796     UNINITIALIZED
                  20017800    00000400     udma_if.obj (.bss:gpCtlTbl)
                  20017c00    00000168     simplelink.a : driver.obj (.bss:g_StatMem)
                  20017d68    00000100     udma_if.obj (.bss:gfpAppCallbackHndl)
                  20017e68    00000080     main.obj (.bss:g_cBsdBuf)
                  20017ee8    00000050     simplelink.a : cc_pal.obj (.bss:g_ucDinDout)
                  20017f38    00000028                  : nonos.obj (.bss:g__SlNonOsCB)
                  20017f60    00000024     main.obj (.bss:g_ucConnectionSSID)
                  20017f84    00000008     (.common:g_ucConnectionBSSID)
                  20017f8c    00000004     (.common:__Errorlog)
                  20017f90    00000001     (.common:RxIrqCnt)
                  20017f91    00000001     (.common:g_cDummy)
                  20017f92    00000001     (.common:g_ucLED1Pin)
                  20017f93    00000001     (.common:g_ucLED2Pin)
                  20017f94    00000001     (.common:g_ucLED3Pin)
                  20017f95    00000001     (.common:iDone)

.TI.noinit 
*          0    20017800    00000000     UNINITIALIZED

.data      0    20017f98    000001b4     UNINITIALIZED
                  20017f98    000000b0     rtsv7M4_T_le_eabi.lib : signal.obj (.data:sigtable)
                  20018048    00000080                           : xvalues.obj (.data)
                  200180c8    00000020     gpio_if.obj (.data)
                  200180e8    0000001c     main.obj (.data)
                  20018104    0000000c     rtsv7M4_T_le_eabi.lib : memory.obj (.data)
                  20018110    00000009     simplelink.a : cc_pal.obj (.data)
                  20018119    00000003     --HOLE--
                  2001811c    00000009                  : driver.obj (.data)
                  20018125    00000003     --HOLE--
                  20018128    00000008     rtsv7M4_T_le_eabi.lib : _lock.obj (.data)
                  20018130    00000008                           : exit.obj (.data)
                  20018138    00000008                           : feraiseexcept.obj (.data)
                  20018140    00000004                           : errno.obj (.data)
                  20018144    00000004                           : stkdepth_vars.obj (.data)
                  20018148    00000004                           : strtok.obj (.data)

.TI.persistent 
*          0    20017f98    00000000     UNINITIALIZED

.stack     0    2002f800    00000800     UNINITIALIZED
                  2002f800    00000800     --HOLE--


LINKER GENERATED COPY TABLES

__TI_cinit_table @ 2000caa8 records: 2, size/record: 8, table size: 16
	.data: load addr=2000ca18, load size=00000075 bytes, run addr=20017f98, run size=000001b4 bytes, compression=rle
	.bss: load addr=2000caa0, load size=00000008 bytes, run addr=20017800, run size=00000796 bytes, compression=zero_init


LINKER GENERATED HANDLER TABLE

__TI_handler_table @ 2000ca90 records: 3, size/record: 4, table size: 12
	index: 0, handler: __TI_decompress_rle24
	index: 1, handler: __TI_decompress_none
	index: 2, handler: __TI_zero_init


GLOBAL SYMBOLS: SORTED ALPHABETICALLY BY Name 

address   name                                  
-------   ----                                  
20005e35  BsdTcpServer                          
2000b689  C$$EXIT                               
2000c203  CPUcpsie                              
20007219  ClearTerm                             
2000b7cb  CopyPingResultsToReport               
20007e8b  DmaErrorIntHandler                    
2000bcf5  DmaSpiSwIntHandler                    
20007e75  DmaSwIntHandler                       
20007223  Error                                 
2000b96d  GPIODirModeSet                        
2000c217  GPIOIntClear                          
2000bfb9  GPIOIntEnable                         
2000be95  GPIOIntRegister                       
2000a4b9  GPIOIntTypeSet                        
2000c0a3  GPIOPinRead                           
2000be33  GPIOPinWrite                          
200070fd  GPIO_IF_ConfigureNIntEnable           
20007189  GPIO_IF_Get                           
200070b7  GPIO_IF_GetPortNPin                   
20006e79  GPIO_IF_LedConfigure                  
20006f6b  GPIO_IF_LedOff                        
20006eb7  GPIO_IF_LedOn                         
2000701f  GPIO_IF_LedStatus                     
20007089  GPIO_IF_LedToggle                     
20007145  GPIO_IF_Set                           
2000725b  GetCmd                                
200071d9  InitTerm                              
20009a71  IntDisable                            
20009b19  IntEnable                             
2000c321  IntMasterEnable                       
2000afe5  IntPendClear                          
2000b0ed  IntPrioritySet                        
2000be55  IntRegister                           
2000bd19  IntUnregister                         
2000c22d  IntVTableBaseSet                      
20005cf7  IpAddressParser                       
200071f7  Message                               
2000c2cd  NwpMaskInterrupt                      
2000b935  NwpPowerOff                           
2000bc21  NwpPowerOn                            
2000a435  NwpPowerOnPreamble                    
2000b78d  NwpRegisterInterruptHandler           
2000c2d9  NwpUnMaskInterrupt                    
2000c7ec  OpcodeTranslateTable                  
20008a35  PRCMCC3200MCUInit                     
2000c195  PRCMHIBRegRead                        
2000c1ab  PRCMHIBRegWrite                       
2000bccd  PRCMPeripheralClkDisable              
2000b809  PRCMPeripheralClkEnable               
20009ecd  PRCMPeripheralClockGet                
2000b03d  PRCMPeripheralReset                   
2000b9d9  PRCMPeripheralStatusGet               
2000bc4d  PRCMSysResetCauseGet                  
2000a191  PinConfigSet                          
2000b6cd  PinModeSet                            
2000ace5  PinMuxConfig                          
2000ba75  PinTypeGPIO                           
2000bfd3  PinTypeUART                           
20005dd9  ProcessTCPPacket                      
20007399  Report                                
2000c2bf  ResetISR                              
20017f90  RxIrqCnt                              
2000c8ac  RxMsgClassLUT                         
UNDEFED   SHT$$INIT_ARRAY$$Base                 
UNDEFED   SHT$$INIT_ARRAY$$Limit                
2000c0bb  SPICSDisable                          
2000c0d3  SPICSEnable                           
20009bc1  SPIConfigSetExpClk                    
2000c0eb  SPIDisable                            
2000bfed  SPIDmaDisable                         
2000c007  SPIDmaEnable                          
2000c103  SPIEnable                             
2000c021  SPIFIFODisable                        
2000c03b  SPIFIFOEnable                         
2000ba0d  SPIFIFOLevelSet                       
2000b4e1  SPIIntClear                           
2000b239  SPIIntEnable                          
2000c055  SPIIntUnregister                      
2000bdcd  SPIReset                              
2000bdef  SPIWordCountSet                       
20005685  SimpleLinkGeneralEventHandler         
20005665  SimpleLinkHttpServerCallback          
200055b7  SimpleLinkNetAppEventHandler          
200056a9  SimpleLinkSockEventHandler            
200054a9  SimpleLinkWlanEventHandler            
2000ca08  StartResponseLUT                      
20007301  TrimSpace                             
2000bf2b  UARTCharGetNonBlocking                
2000beb3  UARTCharPut                           
2000c11b  UARTCharsAvail                        
2000a8a5  UARTConfigSetExpClk                   
2000baa5  UARTDisable                           
2000bd3d  UARTEnable                            
20007eff  UDMAChannelSelect                     
20007fd3  UDMADeInit                            
20007e97  UDMAInit                              
20007f2d  UDMASetupAutoMemTransfer              
20007f61  UDMASetupPingPongTransfer             
20007fe7  UDMASetupTransfer                     
20007fbb  UDMAStartTransfer                     
20007fc7  UDMAStopTransfer                      
2000c32b  UtilsDelay                            
2000bca3  _Dclass                               
20018048  _Denorm                               
20009789  _Dnorm                                
20008da9  _Dscale                               
2000ac7d  _Dunscale                             
20018058  _Eps                                  
20018140  _Errno                                
20018138  _Fenv                                 
2000bb05  _Feraise                              
20018068  _Hugeval                              
20018078  _Inf                                  
20018088  _Nan                                  
200180a8  _Rteps                                
2000c8e4  _SlAcceptCmdCtrl                      
2000c864  _SlActionLookupTable                  
20009905  _SlAsyncEventGenericHandler           
2000ca00  _SlDeviceGetCmdCtrl                   
2000ca04  _SlDeviceSetCmdCtrl                   
2000b529  _SlDrvBasicCmd                        
20009395  _SlDrvClassifyRxMsg                   
2000a53d  _SlDrvCmdOp                           
2000aa01  _SlDrvCmdSend                         
20008b69  _SlDrvDataReadOp                      
2000bad5  _SlDrvDeviceEventHandler              
20008eb9  _SlDrvDriverCBDeinit                  
20008389  _SlDrvDriverCBInit                    
2000c1c1  _SlDrvMemZero                         
20006475  _SlDrvMsgRead                         
20009609  _SlDrvMsgReadCmdCtx                   
20009c61  _SlDrvMsgReadSpawnCtx                 
20007ca9  _SlDrvMsgWrite                        
20008fb9  _SlDrvNetAppEventHandler              
2000bed1  _SlDrvObjLockWaitForever              
2000c06f  _SlDrvObjUnLock                       
2000b2d1  _SlDrvProtectAsyncRespSetting         
2000bd61  _SlDrvProtectionObjLockWaitForever    
2000be75  _SlDrvProtectionObjUnLock             
20007ad9  _SlDrvReleasePoolObj                  
2000c2a3  _SlDrvResetCmdExt                     
20007459  _SlDrvRxHdrRead                       
2000b31d  _SlDrvRxIrqHandler                    
2000c089  _SlDrvSyncObjSignal                   
2000beef  _SlDrvSyncObjWaitForever              
200081f9  _SlDrvWaitForPoolObj                  
2000c9fc  _SlEventMaskGetCmdCtrl                
2000c9f8  _SlEventMaskSetCmdCtrl                
20008511  _SlFindAndSetActiveObj                
2000c944  _SlGetHostByNameCtrl                  
2000c940  _SlGetHostByServiceCtrl               
2000c938  _SlGetServiceListeCtrl                
2000c8f0  _SlGetSockOptCmdCtrl                  
2000c8e0  _SlListenCmdCtrl                      
2000c950  _SlNetAppGetCmdCtrl                   
2000c94c  _SlNetAppSendTokenValueCmdCtrl        
2000c948  _SlNetAppSetCmdCtrl                   
2000c930  _SlNetAppStartCtrl                    
2000c934  _SlNetAppStopCtrl                     
2000ca14  _SlNetCfgGetCmdCtrl                   
2000ca10  _SlNetCfgSetCmdCtrl                   
2000a991  _SlNonOsMainLoopTask                  
2000aed1  _SlNonOsSemGet                        
2000c133  _SlNonOsSemSet                        
2000af2d  _SlNonOsSpawn                         
2000c82c  _SlPolicyGetCmdCtrl                   
2000c828  _SlPolicySetCmdCtrl                   
2000c834  _SlProfileDelCmdCtrl                  
2000c830  _SlProfileGetCmdCtrl                  
2000c8e8  _SlRecvCmdCtrl                        
2000c8d8  _SlRecvfomCmdCtrl                     
2000c93c  _SlRegisterServiceCtrl                
200096c9  _SlRemoveFromList                     
2000c83c  _SlRxFilterAddtCmdCtrl                
2000c844  _SlRxFilterGetCmdCtrl                 
2000c840  _SlRxFilterSetCmdCtrl                 
2000c8f4  _SlSelectCmdCtrl                      
2000c8dc  _SlSendCmdCtrl                        
2000c8ec  _SlSetSockOptCmdCtrl                  
2000c848  _SlSmartConfigStartCmdCtrl            
2000c8d4  _SlSockCloseCmdCtrl                   
2000c8d0  _SlSockSocketCmdCtrl                  
2000c9f4  _SlStopCmdCtrl                        
2000c854  _SlWlanCfgGetCmdCtrl                  
2000c850  _SlWlanCfgSetCmdCtrl                  
2000c838  _SlWlanGetNetworkListCtrl             
2000c84c  _SlWlanSetModeCmdCtrl                 
20018098  _Snan                                 
2001813c  _Tls_setup__Fenv                      
200180b8  _Xbig                                 
200180c0  _Zero                                 
20030000  __STACK_END                           
00000800  __STACK_SIZE                          
00000800  __SYSMEM_SIZE                         
2000caa8  __TI_CINIT_Base                       
2000cab8  __TI_CINIT_Limit                      
2000ca90  __TI_Handler_Table_Base               
2000ca9c  __TI_Handler_Table_Limit              
2000aa6d  __TI_auto_init                        
20018130  __TI_cleanup_ptr                      
2000c2b1  __TI_decompress_none                  
2000c331  __TI_decompress_rle24                 
20018134  __TI_dtors_ptr                        
200051a1  __TI_printfi                          
2000ca18  __TI_static_base__                    
2000c2e5  __TI_zero_init                        
2000a329  __aeabi_cdcmpeq                       
2000a329  __aeabi_cdcmple                       
2000a3af  __aeabi_cdrcmple                      
2000b571  __aeabi_d2iz                          
2000804b  __aeabi_dadd                          
200088fd  __aeabi_ddiv                          
200090b7  __aeabi_dmul                          
20008041  __aeabi_dsub                          
2000bbc5  __aeabi_i2d                           
2000a739  __aeabi_memclr                        
2000a739  __aeabi_memclr4                       
2000a739  __aeabi_memclr8                       
20009cfd  __aeabi_memcpy                        
20009cfd  __aeabi_memcpy4                       
20009cfd  __aeabi_memcpy8                       
2000a73b  __aeabi_memset                        
2000a73b  __aeabi_memset4                       
2000a73b  __aeabi_memset8                       
200078e5  __aeabi_uldivmod                      
ffffffff  __binit__                             
ffffffff  __c_args__                            
2002f800  __stack                               
2000c165  _args_main                            
2000b845  _c_int00                              
2000c33c  _ctypes_                              
20018128  _lock                                 
2000c24f  _nop                                  
2000c247  _register_lock                        
2000c241  _register_unlock                      
2000b369  _sl_BuildAddress                      
2000c14d  _sl_GetStartResponseConvert           
2000ae11  _sl_HandleAsync_Accept                
2000a7b5  _sl_HandleAsync_Connect               
2000a079  _sl_HandleAsync_DnsGetHostByName      
20009541  _sl_HandleAsync_DnsGetHostByService   
2000a6bd  _sl_HandleAsync_InitComplete          
2000a105  _sl_HandleAsync_PingResponse          
2000b141  _sl_HandleAsync_Select                
2000b1e9  _sl_HandleAsync_Stop                  
2000ab45  _sl_NetAppSendTokenValue              
20017000  _sys_memory                           
2000c337  _system_pre_init                      
2001812c  _unlock                               
2000b68d  abort                                 
2000b3b5  atoi                                  
ffffffff  binit                                 
20006e09  calloc                                
2000b401  copy_in                               
2000b695  exit                                  
2000ba41  feraiseexcept                         
20006b57  free                                  
2000be11  frexp                                 
20018124  gFirstCmdMode                         
2000c8a4  g_H2NCnysPattern                      
2000c89c  g_H2NSyncPattern                      
20018110  g_SpiFd                               
20017c00  g_StatMem                             
20017f38  g__SlNonOsCB                          
20017e68  g_cBsdBuf                             
20017f91  g_cDummy                              
2001811c  g_pCB                                 
20018114  g_pHostIntHdl                         
20004000  g_pfnVectors                          
20017f84  g_ucConnectionBSSID                   
20017f60  g_ucConnectionSSID                    
200180fc  g_ucConnectionStatus                  
20018118  g_ucDMAEnabled                        
20017ee8  g_ucDinDout                           
20017f92  g_ucLED1Pin                           
20017f93  g_ucLED2Pin                           
20017f94  g_ucLED3Pin                           
200180fd  g_ucSimplelinkstarted                 
200180dc  g_uiLED1Port                          
200180e0  g_uiLED2Port                          
200180e4  g_uiLED3Port                          
200180f4  g_uiPortNum                           
200180f0  g_ulDestinationIp                     
200180ec  g_ulGatewayIP                         
20018100  g_ulIpAddr                            
200180f8  g_ulPacketCount                       
200180e8  g_ulStatus                            
20017d68  gfpAppCallbackHndl                    
20017800  gpCtlTbl                              
20017f95  iDone                                 
2000b5b9  ldexp                                 
2000b095  ltoa                                  
20006149  main                                  
20018144  main_func_sp                          
20006aef  malloc                                
20006d25  memalign                              
2000bf47  memccpy                               
20009cfd  memcpy                                
2000bd85  memmove                               
2000a741  memset                                
20006a61  minit                                 
20018120  pPingCallBackFunc                     
2000bbf3  raise                                 
20006c19  realloc                               
2000b70d  signal                                
200087c5  sl_Accept                             
2000a2a1  sl_Bind                               
2000bb35  sl_Close                              
20009d99  sl_DevGet                             
2000b881  sl_Htons                              
2000b8bd  sl_Listen                             
200099bd  sl_NetAppMDNSRegisterUnregisterService
2000b9a3  sl_NetAppMDNSUnRegisterService        
2000abad  sl_NetCfgSet                          
2000a91d  sl_Recv                               
2000af89  sl_Socket                             
20009849  sl_Start                              
2000946d  sl_Stop                               
200076a1  sl_WlanConnect                        
2000c2f1  sl_WlanDisconnect                     
2000ae71  sl_WlanPolicySet                      
2000bb65  sl_WlanProfileDel                     
2000b195  sl_WlanRxFilterSet                    
2000ac15  sl_WlanSet                            
2000bb95  sl_WlanSetMode                        
2000a82d  spi_Close                             
20008681  spi_Open                              
200091b5  spi_Read                              
20009e35  spi_Write                             
2000c1d7  strchr                                
2000c17d  strcmp                                
2000bda9  strcspn                               
2000c255  strlen                                
2000bc79  strspn                                
2000b74d  strtok                                
20008c95  strtoul                               
2000b44d  uDMAChannelAssign                     
2000ad49  uDMAChannelAttributeDisable           
2000adad  uDMAChannelAttributeEnable            
2000b8f9  uDMAChannelControlSet                 
2000bf65  uDMAChannelDisable                    
2000bf81  uDMAChannelEnable                     
2000bf9d  uDMAChannelRequest                    
200092a5  uDMAChannelTransferSet                
2000c269  uDMAControlBaseSet                    
2000c2fd  uDMADisable                           
2000c309  uDMAEnable                            
2000c27d  uDMAIntClear                          
2000c1ed  uDMAIntRegister                       
2000c315  uDMAIntStatus                         
2000c291  uDMAIntUnregister                     
2000a219  vsnprintf                             


GLOBAL SYMBOLS: SORTED BY Symbol Address 

address   name                                  
-------   ----                                  
00000800  __STACK_SIZE                          
00000800  __SYSMEM_SIZE                         
20004000  g_pfnVectors                          
200051a1  __TI_printfi                          
200054a9  SimpleLinkWlanEventHandler            
200055b7  SimpleLinkNetAppEventHandler          
20005665  SimpleLinkHttpServerCallback          
20005685  SimpleLinkGeneralEventHandler         
200056a9  SimpleLinkSockEventHandler            
20005cf7  IpAddressParser                       
20005dd9  ProcessTCPPacket                      
20005e35  BsdTcpServer                          
20006149  main                                  
20006475  _SlDrvMsgRead                         
20006a61  minit                                 
20006aef  malloc                                
20006b57  free                                  
20006c19  realloc                               
20006d25  memalign                              
20006e09  calloc                                
20006e79  GPIO_IF_LedConfigure                  
20006eb7  GPIO_IF_LedOn                         
20006f6b  GPIO_IF_LedOff                        
2000701f  GPIO_IF_LedStatus                     
20007089  GPIO_IF_LedToggle                     
200070b7  GPIO_IF_GetPortNPin                   
200070fd  GPIO_IF_ConfigureNIntEnable           
20007145  GPIO_IF_Set                           
20007189  GPIO_IF_Get                           
200071d9  InitTerm                              
200071f7  Message                               
20007219  ClearTerm                             
20007223  Error                                 
2000725b  GetCmd                                
20007301  TrimSpace                             
20007399  Report                                
20007459  _SlDrvRxHdrRead                       
200076a1  sl_WlanConnect                        
200078e5  __aeabi_uldivmod                      
20007ad9  _SlDrvReleasePoolObj                  
20007ca9  _SlDrvMsgWrite                        
20007e75  DmaSwIntHandler                       
20007e8b  DmaErrorIntHandler                    
20007e97  UDMAInit                              
20007eff  UDMAChannelSelect                     
20007f2d  UDMASetupAutoMemTransfer              
20007f61  UDMASetupPingPongTransfer             
20007fbb  UDMAStartTransfer                     
20007fc7  UDMAStopTransfer                      
20007fd3  UDMADeInit                            
20007fe7  UDMASetupTransfer                     
20008041  __aeabi_dsub                          
2000804b  __aeabi_dadd                          
200081f9  _SlDrvWaitForPoolObj                  
20008389  _SlDrvDriverCBInit                    
20008511  _SlFindAndSetActiveObj                
20008681  spi_Open                              
200087c5  sl_Accept                             
200088fd  __aeabi_ddiv                          
20008a35  PRCMCC3200MCUInit                     
20008b69  _SlDrvDataReadOp                      
20008c95  strtoul                               
20008da9  _Dscale                               
20008eb9  _SlDrvDriverCBDeinit                  
20008fb9  _SlDrvNetAppEventHandler              
200090b7  __aeabi_dmul                          
200091b5  spi_Read                              
200092a5  uDMAChannelTransferSet                
20009395  _SlDrvClassifyRxMsg                   
2000946d  sl_Stop                               
20009541  _sl_HandleAsync_DnsGetHostByService   
20009609  _SlDrvMsgReadCmdCtx                   
200096c9  _SlRemoveFromList                     
20009789  _Dnorm                                
20009849  sl_Start                              
20009905  _SlAsyncEventGenericHandler           
200099bd  sl_NetAppMDNSRegisterUnregisterService
20009a71  IntDisable                            
20009b19  IntEnable                             
20009bc1  SPIConfigSetExpClk                    
20009c61  _SlDrvMsgReadSpawnCtx                 
20009cfd  __aeabi_memcpy                        
20009cfd  __aeabi_memcpy4                       
20009cfd  __aeabi_memcpy8                       
20009cfd  memcpy                                
20009d99  sl_DevGet                             
20009e35  spi_Write                             
20009ecd  PRCMPeripheralClockGet                
2000a079  _sl_HandleAsync_DnsGetHostByName      
2000a105  _sl_HandleAsync_PingResponse          
2000a191  PinConfigSet                          
2000a219  vsnprintf                             
2000a2a1  sl_Bind                               
2000a329  __aeabi_cdcmpeq                       
2000a329  __aeabi_cdcmple                       
2000a3af  __aeabi_cdrcmple                      
2000a435  NwpPowerOnPreamble                    
2000a4b9  GPIOIntTypeSet                        
2000a53d  _SlDrvCmdOp                           
2000a6bd  _sl_HandleAsync_InitComplete          
2000a739  __aeabi_memclr                        
2000a739  __aeabi_memclr4                       
2000a739  __aeabi_memclr8                       
2000a73b  __aeabi_memset                        
2000a73b  __aeabi_memset4                       
2000a73b  __aeabi_memset8                       
2000a741  memset                                
2000a7b5  _sl_HandleAsync_Connect               
2000a82d  spi_Close                             
2000a8a5  UARTConfigSetExpClk                   
2000a91d  sl_Recv                               
2000a991  _SlNonOsMainLoopTask                  
2000aa01  _SlDrvCmdSend                         
2000aa6d  __TI_auto_init                        
2000ab45  _sl_NetAppSendTokenValue              
2000abad  sl_NetCfgSet                          
2000ac15  sl_WlanSet                            
2000ac7d  _Dunscale                             
2000ace5  PinMuxConfig                          
2000ad49  uDMAChannelAttributeDisable           
2000adad  uDMAChannelAttributeEnable            
2000ae11  _sl_HandleAsync_Accept                
2000ae71  sl_WlanPolicySet                      
2000aed1  _SlNonOsSemGet                        
2000af2d  _SlNonOsSpawn                         
2000af89  sl_Socket                             
2000afe5  IntPendClear                          
2000b03d  PRCMPeripheralReset                   
2000b095  ltoa                                  
2000b0ed  IntPrioritySet                        
2000b141  _sl_HandleAsync_Select                
2000b195  sl_WlanRxFilterSet                    
2000b1e9  _sl_HandleAsync_Stop                  
2000b239  SPIIntEnable                          
2000b2d1  _SlDrvProtectAsyncRespSetting         
2000b31d  _SlDrvRxIrqHandler                    
2000b369  _sl_BuildAddress                      
2000b3b5  atoi                                  
2000b401  copy_in                               
2000b44d  uDMAChannelAssign                     
2000b4e1  SPIIntClear                           
2000b529  _SlDrvBasicCmd                        
2000b571  __aeabi_d2iz                          
2000b5b9  ldexp                                 
2000b689  C$$EXIT                               
2000b68d  abort                                 
2000b695  exit                                  
2000b6cd  PinModeSet                            
2000b70d  signal                                
2000b74d  strtok                                
2000b78d  NwpRegisterInterruptHandler           
2000b7cb  CopyPingResultsToReport               
2000b809  PRCMPeripheralClkEnable               
2000b845  _c_int00                              
2000b881  sl_Htons                              
2000b8bd  sl_Listen                             
2000b8f9  uDMAChannelControlSet                 
2000b935  NwpPowerOff                           
2000b96d  GPIODirModeSet                        
2000b9a3  sl_NetAppMDNSUnRegisterService        
2000b9d9  PRCMPeripheralStatusGet               
2000ba0d  SPIFIFOLevelSet                       
2000ba41  feraiseexcept                         
2000ba75  PinTypeGPIO                           
2000baa5  UARTDisable                           
2000bad5  _SlDrvDeviceEventHandler              
2000bb05  _Feraise                              
2000bb35  sl_Close                              
2000bb65  sl_WlanProfileDel                     
2000bb95  sl_WlanSetMode                        
2000bbc5  __aeabi_i2d                           
2000bbf3  raise                                 
2000bc21  NwpPowerOn                            
2000bc4d  PRCMSysResetCauseGet                  
2000bc79  strspn                                
2000bca3  _Dclass                               
2000bccd  PRCMPeripheralClkDisable              
2000bcf5  DmaSpiSwIntHandler                    
2000bd19  IntUnregister                         
2000bd3d  UARTEnable                            
2000bd61  _SlDrvProtectionObjLockWaitForever    
2000bd85  memmove                               
2000bda9  strcspn                               
2000bdcd  SPIReset                              
2000bdef  SPIWordCountSet                       
2000be11  frexp                                 
2000be33  GPIOPinWrite                          
2000be55  IntRegister                           
2000be75  _SlDrvProtectionObjUnLock             
2000be95  GPIOIntRegister                       
2000beb3  UARTCharPut                           
2000bed1  _SlDrvObjLockWaitForever              
2000beef  _SlDrvSyncObjWaitForever              
2000bf2b  UARTCharGetNonBlocking                
2000bf47  memccpy                               
2000bf65  uDMAChannelDisable                    
2000bf81  uDMAChannelEnable                     
2000bf9d  uDMAChannelRequest                    
2000bfb9  GPIOIntEnable                         
2000bfd3  PinTypeUART                           
2000bfed  SPIDmaDisable                         
2000c007  SPIDmaEnable                          
2000c021  SPIFIFODisable                        
2000c03b  SPIFIFOEnable                         
2000c055  SPIIntUnregister                      
2000c06f  _SlDrvObjUnLock                       
2000c089  _SlDrvSyncObjSignal                   
2000c0a3  GPIOPinRead                           
2000c0bb  SPICSDisable                          
2000c0d3  SPICSEnable                           
2000c0eb  SPIDisable                            
2000c103  SPIEnable                             
2000c11b  UARTCharsAvail                        
2000c133  _SlNonOsSemSet                        
2000c14d  _sl_GetStartResponseConvert           
2000c165  _args_main                            
2000c17d  strcmp                                
2000c195  PRCMHIBRegRead                        
2000c1ab  PRCMHIBRegWrite                       
2000c1c1  _SlDrvMemZero                         
2000c1d7  strchr                                
2000c1ed  uDMAIntRegister                       
2000c203  CPUcpsie                              
2000c217  GPIOIntClear                          
2000c22d  IntVTableBaseSet                      
2000c241  _register_unlock                      
2000c247  _register_lock                        
2000c24f  _nop                                  
2000c255  strlen                                
2000c269  uDMAControlBaseSet                    
2000c27d  uDMAIntClear                          
2000c291  uDMAIntUnregister                     
2000c2a3  _SlDrvResetCmdExt                     
2000c2b1  __TI_decompress_none                  
2000c2bf  ResetISR                              
2000c2cd  NwpMaskInterrupt                      
2000c2d9  NwpUnMaskInterrupt                    
2000c2e5  __TI_zero_init                        
2000c2f1  sl_WlanDisconnect                     
2000c2fd  uDMADisable                           
2000c309  uDMAEnable                            
2000c315  uDMAIntStatus                         
2000c321  IntMasterEnable                       
2000c32b  UtilsDelay                            
2000c331  __TI_decompress_rle24                 
2000c337  _system_pre_init                      
2000c33c  _ctypes_                              
2000c7ec  OpcodeTranslateTable                  
2000c828  _SlPolicySetCmdCtrl                   
2000c82c  _SlPolicyGetCmdCtrl                   
2000c830  _SlProfileGetCmdCtrl                  
2000c834  _SlProfileDelCmdCtrl                  
2000c838  _SlWlanGetNetworkListCtrl             
2000c83c  _SlRxFilterAddtCmdCtrl                
2000c840  _SlRxFilterSetCmdCtrl                 
2000c844  _SlRxFilterGetCmdCtrl                 
2000c848  _SlSmartConfigStartCmdCtrl            
2000c84c  _SlWlanSetModeCmdCtrl                 
2000c850  _SlWlanCfgSetCmdCtrl                  
2000c854  _SlWlanCfgGetCmdCtrl                  
2000c864  _SlActionLookupTable                  
2000c89c  g_H2NSyncPattern                      
2000c8a4  g_H2NCnysPattern                      
2000c8ac  RxMsgClassLUT                         
2000c8d0  _SlSockSocketCmdCtrl                  
2000c8d4  _SlSockCloseCmdCtrl                   
2000c8d8  _SlRecvfomCmdCtrl                     
2000c8dc  _SlSendCmdCtrl                        
2000c8e0  _SlListenCmdCtrl                      
2000c8e4  _SlAcceptCmdCtrl                      
2000c8e8  _SlRecvCmdCtrl                        
2000c8ec  _SlSetSockOptCmdCtrl                  
2000c8f0  _SlGetSockOptCmdCtrl                  
2000c8f4  _SlSelectCmdCtrl                      
2000c930  _SlNetAppStartCtrl                    
2000c934  _SlNetAppStopCtrl                     
2000c938  _SlGetServiceListeCtrl                
2000c93c  _SlRegisterServiceCtrl                
2000c940  _SlGetHostByServiceCtrl               
2000c944  _SlGetHostByNameCtrl                  
2000c948  _SlNetAppSetCmdCtrl                   
2000c94c  _SlNetAppSendTokenValueCmdCtrl        
2000c950  _SlNetAppGetCmdCtrl                   
2000c9f4  _SlStopCmdCtrl                        
2000c9f8  _SlEventMaskSetCmdCtrl                
2000c9fc  _SlEventMaskGetCmdCtrl                
2000ca00  _SlDeviceGetCmdCtrl                   
2000ca04  _SlDeviceSetCmdCtrl                   
2000ca08  StartResponseLUT                      
2000ca10  _SlNetCfgSetCmdCtrl                   
2000ca14  _SlNetCfgGetCmdCtrl                   
2000ca18  __TI_static_base__                    
2000ca90  __TI_Handler_Table_Base               
2000ca9c  __TI_Handler_Table_Limit              
2000caa8  __TI_CINIT_Base                       
2000cab8  __TI_CINIT_Limit                      
20017000  _sys_memory                           
20017800  gpCtlTbl                              
20017c00  g_StatMem                             
20017d68  gfpAppCallbackHndl                    
20017e68  g_cBsdBuf                             
20017ee8  g_ucDinDout                           
20017f38  g__SlNonOsCB                          
20017f60  g_ucConnectionSSID                    
20017f84  g_ucConnectionBSSID                   
20017f90  RxIrqCnt                              
20017f91  g_cDummy                              
20017f92  g_ucLED1Pin                           
20017f93  g_ucLED2Pin                           
20017f94  g_ucLED3Pin                           
20017f95  iDone                                 
20018048  _Denorm                               
20018058  _Eps                                  
20018068  _Hugeval                              
20018078  _Inf                                  
20018088  _Nan                                  
20018098  _Snan                                 
200180a8  _Rteps                                
200180b8  _Xbig                                 
200180c0  _Zero                                 
200180dc  g_uiLED1Port                          
200180e0  g_uiLED2Port                          
200180e4  g_uiLED3Port                          
200180e8  g_ulStatus                            
200180ec  g_ulGatewayIP                         
200180f0  g_ulDestinationIp                     
200180f4  g_uiPortNum                           
200180f8  g_ulPacketCount                       
200180fc  g_ucConnectionStatus                  
200180fd  g_ucSimplelinkstarted                 
20018100  g_ulIpAddr                            
20018110  g_SpiFd                               
20018114  g_pHostIntHdl                         
20018118  g_ucDMAEnabled                        
2001811c  g_pCB                                 
20018120  pPingCallBackFunc                     
20018124  gFirstCmdMode                         
20018128  _lock                                 
2001812c  _unlock                               
20018130  __TI_cleanup_ptr                      
20018134  __TI_dtors_ptr                        
20018138  _Fenv                                 
2001813c  _Tls_setup__Fenv                      
20018140  _Errno                                
20018144  main_func_sp                          
2002f800  __stack                               
20030000  __STACK_END                           
ffffffff  __binit__                             
ffffffff  __c_args__                            
ffffffff  binit                                 
UNDEFED   SHT$$INIT_ARRAY$$Base                 
UNDEFED   SHT$$INIT_ARRAY$$Limit                

[352 symbols]
