<?xml version="1.0"?>
<link_info>
   <banner>TI ARM Linker PC v5.2.2</banner>
   <copyright>Copyright (c) 1996-2015 Texas Instruments Incorporated</copyright>
   <link_time>0x551f234d</link_time>
   <link_errors>0x0</link_errors>
   <output_file>tcp_socket.out</output_file>
   <entry_point>
      <name>_c_int00</name>
      <address>0x2000bd29</address>
   </entry_point>
   <input_file_list>
      <input_file id="fl-2">
         <path>.\</path>
         <kind>object</kind>
         <file>main.obj</file>
         <name>main.obj</name>
      </input_file>
      <input_file id="fl-3">
         <path>.\</path>
         <kind>object</kind>
         <file>pinmux.obj</file>
         <name>pinmux.obj</name>
      </input_file>
      <input_file id="fl-4">
         <path>.\</path>
         <kind>object</kind>
         <file>startup_ccs.obj</file>
         <name>startup_ccs.obj</name>
      </input_file>
      <input_file id="fl-5">
         <path>.\</path>
         <kind>object</kind>
         <file>uart_if.obj</file>
         <name>uart_if.obj</name>
      </input_file>
      <input_file id="fl-6">
         <path>.\</path>
         <kind>object</kind>
         <file>udma_if.obj</file>
         <name>udma_if.obj</name>
      </input_file>
      <input_file id="fl-12e">
         <path>C:\TI\ccsv6\tools\compiler\ti-cgt-arm_5.2.2\lib\</path>
         <kind>archive</kind>
         <file>rtsv7M4_T_le_eabi.lib</file>
         <name>boot.obj</name>
      </input_file>
      <input_file id="fl-12f">
         <path>C:\TI\ccsv6\tools\compiler\ti-cgt-arm_5.2.2\lib\</path>
         <kind>archive</kind>
         <file>rtsv7M4_T_le_eabi.lib</file>
         <name>copy_decompress_none.obj</name>
      </input_file>
      <input_file id="fl-130">
         <path>C:\TI\ccsv6\tools\compiler\ti-cgt-arm_5.2.2\lib\</path>
         <kind>archive</kind>
         <file>rtsv7M4_T_le_eabi.lib</file>
         <name>copy_decompress_rle.obj</name>
      </input_file>
      <input_file id="fl-131">
         <path>C:\TI\ccsv6\tools\compiler\ti-cgt-arm_5.2.2\lib\</path>
         <kind>archive</kind>
         <file>rtsv7M4_T_le_eabi.lib</file>
         <name>copy_zero_init.obj</name>
      </input_file>
      <input_file id="fl-132">
         <path>C:\TI\ccsv6\tools\compiler\ti-cgt-arm_5.2.2\lib\</path>
         <kind>archive</kind>
         <file>rtsv7M4_T_le_eabi.lib</file>
         <name>exit.obj</name>
      </input_file>
      <input_file id="fl-133">
         <path>C:\TI\ccsv6\tools\compiler\ti-cgt-arm_5.2.2\lib\</path>
         <kind>archive</kind>
         <file>rtsv7M4_T_le_eabi.lib</file>
         <name>memcpy_t2.obj</name>
      </input_file>
      <input_file id="fl-134">
         <path>C:\TI\ccsv6\tools\compiler\ti-cgt-arm_5.2.2\lib\</path>
         <kind>archive</kind>
         <file>rtsv7M4_T_le_eabi.lib</file>
         <name>memmov.obj</name>
      </input_file>
      <input_file id="fl-135">
         <path>C:\TI\ccsv6\tools\compiler\ti-cgt-arm_5.2.2\lib\</path>
         <kind>archive</kind>
         <file>rtsv7M4_T_le_eabi.lib</file>
         <name>memory.obj</name>
      </input_file>
      <input_file id="fl-136">
         <path>C:\TI\ccsv6\tools\compiler\ti-cgt-arm_5.2.2\lib\</path>
         <kind>archive</kind>
         <file>rtsv7M4_T_le_eabi.lib</file>
         <name>memset_t2.obj</name>
      </input_file>
      <input_file id="fl-137">
         <path>C:\TI\ccsv6\tools\compiler\ti-cgt-arm_5.2.2\lib\</path>
         <kind>archive</kind>
         <file>rtsv7M4_T_le_eabi.lib</file>
         <name>pre_init.obj</name>
      </input_file>
      <input_file id="fl-138">
         <path>C:\TI\ccsv6\tools\compiler\ti-cgt-arm_5.2.2\lib\</path>
         <kind>archive</kind>
         <file>rtsv7M4_T_le_eabi.lib</file>
         <name>stkdepth_vars.obj</name>
      </input_file>
      <input_file id="fl-139">
         <path>C:\TI\ccsv6\tools\compiler\ti-cgt-arm_5.2.2\lib\</path>
         <kind>archive</kind>
         <file>rtsv7M4_T_le_eabi.lib</file>
         <name>strlen.obj</name>
      </input_file>
      <input_file id="fl-13a">
         <path>C:\TI\ccsv6\tools\compiler\ti-cgt-arm_5.2.2\lib\</path>
         <kind>archive</kind>
         <file>rtsv7M4_T_le_eabi.lib</file>
         <name>strtok.obj</name>
      </input_file>
      <input_file id="fl-13b">
         <path>C:\TI\ccsv6\tools\compiler\ti-cgt-arm_5.2.2\lib\</path>
         <kind>archive</kind>
         <file>rtsv7M4_T_le_eabi.lib</file>
         <name>strtoul.obj</name>
      </input_file>
      <input_file id="fl-13c">
         <path>C:\TI\ccsv6\tools\compiler\ti-cgt-arm_5.2.2\lib\</path>
         <kind>archive</kind>
         <file>rtsv7M4_T_le_eabi.lib</file>
         <name>vsnprintf.obj</name>
      </input_file>
      <input_file id="fl-13d">
         <path>C:\TI\ccsv6\tools\compiler\ti-cgt-arm_5.2.2\lib\</path>
         <kind>archive</kind>
         <file>rtsv7M4_T_le_eabi.lib</file>
         <name>_lock.obj</name>
      </input_file>
      <input_file id="fl-13e">
         <path>C:\TI\ccsv6\tools\compiler\ti-cgt-arm_5.2.2\lib\</path>
         <kind>archive</kind>
         <file>rtsv7M4_T_le_eabi.lib</file>
         <name>_printfi.obj</name>
      </input_file>
      <input_file id="fl-13f">
         <path>C:\TI\ccsv6\tools\compiler\ti-cgt-arm_5.2.2\lib\</path>
         <kind>archive</kind>
         <file>rtsv7M4_T_le_eabi.lib</file>
         <name>args_main.obj</name>
      </input_file>
      <input_file id="fl-140">
         <path>C:\TI\ccsv6\tools\compiler\ti-cgt-arm_5.2.2\lib\</path>
         <kind>archive</kind>
         <file>rtsv7M4_T_le_eabi.lib</file>
         <name>atoi.obj</name>
      </input_file>
      <input_file id="fl-141">
         <path>C:\TI\ccsv6\tools\compiler\ti-cgt-arm_5.2.2\lib\</path>
         <kind>archive</kind>
         <file>rtsv7M4_T_le_eabi.lib</file>
         <name>autoinit.obj</name>
      </input_file>
      <input_file id="fl-142">
         <path>C:\TI\ccsv6\tools\compiler\ti-cgt-arm_5.2.2\lib\</path>
         <kind>archive</kind>
         <file>rtsv7M4_T_le_eabi.lib</file>
         <name>cpy_tbl.obj</name>
      </input_file>
      <input_file id="fl-143">
         <path>C:\TI\ccsv6\tools\compiler\ti-cgt-arm_5.2.2\lib\</path>
         <kind>archive</kind>
         <file>rtsv7M4_T_le_eabi.lib</file>
         <name>ctype.obj</name>
      </input_file>
      <input_file id="fl-144">
         <path>C:\TI\ccsv6\tools\compiler\ti-cgt-arm_5.2.2\lib\</path>
         <kind>archive</kind>
         <file>rtsv7M4_T_le_eabi.lib</file>
         <name>errno.obj</name>
      </input_file>
      <input_file id="fl-145">
         <path>C:\TI\ccsv6\tools\compiler\ti-cgt-arm_5.2.2\lib\</path>
         <kind>archive</kind>
         <file>rtsv7M4_T_le_eabi.lib</file>
         <name>fd_add_t2.obj</name>
      </input_file>
      <input_file id="fl-146">
         <path>C:\TI\ccsv6\tools\compiler\ti-cgt-arm_5.2.2\lib\</path>
         <kind>archive</kind>
         <file>rtsv7M4_T_le_eabi.lib</file>
         <name>fd_cmp_t2.obj</name>
      </input_file>
      <input_file id="fl-147">
         <path>C:\TI\ccsv6\tools\compiler\ti-cgt-arm_5.2.2\lib\</path>
         <kind>archive</kind>
         <file>rtsv7M4_T_le_eabi.lib</file>
         <name>fd_div_t2.obj</name>
      </input_file>
      <input_file id="fl-148">
         <path>C:\TI\ccsv6\tools\compiler\ti-cgt-arm_5.2.2\lib\</path>
         <kind>archive</kind>
         <file>rtsv7M4_T_le_eabi.lib</file>
         <name>fd_mul_t2.obj</name>
      </input_file>
      <input_file id="fl-149">
         <path>C:\TI\ccsv6\tools\compiler\ti-cgt-arm_5.2.2\lib\</path>
         <kind>archive</kind>
         <file>rtsv7M4_T_le_eabi.lib</file>
         <name>fd_toi_t2.obj</name>
      </input_file>
      <input_file id="fl-14a">
         <path>C:\TI\ccsv6\tools\compiler\ti-cgt-arm_5.2.2\lib\</path>
         <kind>archive</kind>
         <file>rtsv7M4_T_le_eabi.lib</file>
         <name>frexp.obj</name>
      </input_file>
      <input_file id="fl-14b">
         <path>C:\TI\ccsv6\tools\compiler\ti-cgt-arm_5.2.2\lib\</path>
         <kind>archive</kind>
         <file>rtsv7M4_T_le_eabi.lib</file>
         <name>i_tofd_t2.obj</name>
      </input_file>
      <input_file id="fl-14c">
         <path>C:\TI\ccsv6\tools\compiler\ti-cgt-arm_5.2.2\lib\</path>
         <kind>archive</kind>
         <file>rtsv7M4_T_le_eabi.lib</file>
         <name>ldexp.obj</name>
      </input_file>
      <input_file id="fl-14d">
         <path>C:\TI\ccsv6\tools\compiler\ti-cgt-arm_5.2.2\lib\</path>
         <kind>archive</kind>
         <file>rtsv7M4_T_le_eabi.lib</file>
         <name>ltoa.obj</name>
      </input_file>
      <input_file id="fl-14e">
         <path>C:\TI\ccsv6\tools\compiler\ti-cgt-arm_5.2.2\lib\</path>
         <kind>archive</kind>
         <file>rtsv7M4_T_le_eabi.lib</file>
         <name>memccpy.obj</name>
      </input_file>
      <input_file id="fl-14f">
         <path>C:\TI\ccsv6\tools\compiler\ti-cgt-arm_5.2.2\lib\</path>
         <kind>archive</kind>
         <file>rtsv7M4_T_le_eabi.lib</file>
         <name>strchr.obj</name>
      </input_file>
      <input_file id="fl-150">
         <path>C:\TI\ccsv6\tools\compiler\ti-cgt-arm_5.2.2\lib\</path>
         <kind>archive</kind>
         <file>rtsv7M4_T_le_eabi.lib</file>
         <name>strcspn.obj</name>
      </input_file>
      <input_file id="fl-151">
         <path>C:\TI\ccsv6\tools\compiler\ti-cgt-arm_5.2.2\lib\</path>
         <kind>archive</kind>
         <file>rtsv7M4_T_le_eabi.lib</file>
         <name>strspn.obj</name>
      </input_file>
      <input_file id="fl-152">
         <path>C:\TI\ccsv6\tools\compiler\ti-cgt-arm_5.2.2\lib\</path>
         <kind>archive</kind>
         <file>rtsv7M4_T_le_eabi.lib</file>
         <name>ull_div_t2.obj</name>
      </input_file>
      <input_file id="fl-153">
         <path>C:\TI\ccsv6\tools\compiler\ti-cgt-arm_5.2.2\lib\</path>
         <kind>archive</kind>
         <file>rtsv7M4_T_le_eabi.lib</file>
         <name>xdclass.obj</name>
      </input_file>
      <input_file id="fl-154">
         <path>C:\TI\ccsv6\tools\compiler\ti-cgt-arm_5.2.2\lib\</path>
         <kind>archive</kind>
         <file>rtsv7M4_T_le_eabi.lib</file>
         <name>xdscale.obj</name>
      </input_file>
      <input_file id="fl-155">
         <path>C:\TI\ccsv6\tools\compiler\ti-cgt-arm_5.2.2\lib\</path>
         <kind>archive</kind>
         <file>rtsv7M4_T_le_eabi.lib</file>
         <name>xdunscal.obj</name>
      </input_file>
      <input_file id="fl-156">
         <path>C:\TI\ccsv6\tools\compiler\ti-cgt-arm_5.2.2\lib\</path>
         <kind>archive</kind>
         <file>rtsv7M4_T_le_eabi.lib</file>
         <name>xferaise.obj</name>
      </input_file>
      <input_file id="fl-157">
         <path>C:\TI\ccsv6\tools\compiler\ti-cgt-arm_5.2.2\lib\</path>
         <kind>archive</kind>
         <file>rtsv7M4_T_le_eabi.lib</file>
         <name>xvalues.obj</name>
      </input_file>
      <input_file id="fl-158">
         <path>C:\TI\ccsv6\tools\compiler\ti-cgt-arm_5.2.2\lib\</path>
         <kind>archive</kind>
         <file>rtsv7M4_T_le_eabi.lib</file>
         <name>feraiseexcept.obj</name>
      </input_file>
      <input_file id="fl-159">
         <path>C:\TI\ccsv6\tools\compiler\ti-cgt-arm_5.2.2\lib\</path>
         <kind>archive</kind>
         <file>rtsv7M4_T_le_eabi.lib</file>
         <name>raise.obj</name>
      </input_file>
      <input_file id="fl-15a">
         <path>C:\TI\ccsv6\tools\compiler\ti-cgt-arm_5.2.2\lib\</path>
         <kind>archive</kind>
         <file>rtsv7M4_T_le_eabi.lib</file>
         <name>signal.obj</name>
      </input_file>
      <input_file id="fl-15b">
         <path>C:\TI\ccsv6\tools\compiler\ti-cgt-arm_5.2.2\lib\</path>
         <kind>archive</kind>
         <file>rtsv7M4_T_le_eabi.lib</file>
         <name>xdnorm.obj</name>
      </input_file>
      <input_file id="fl-15c">
         <path>C:\TI\CC3200SDK_1.1.0\cc3200-sdk\example\tcp_socket\ccs\..\..\..\simplelink\ccs\NON_OS\</path>
         <kind>archive</kind>
         <file>simplelink.a</file>
         <name>device.obj</name>
      </input_file>
      <input_file id="fl-15d">
         <path>C:\TI\CC3200SDK_1.1.0\cc3200-sdk\example\tcp_socket\ccs\..\..\..\simplelink\ccs\NON_OS\</path>
         <kind>archive</kind>
         <file>simplelink.a</file>
         <name>driver.obj</name>
      </input_file>
      <input_file id="fl-15e">
         <path>C:\TI\CC3200SDK_1.1.0\cc3200-sdk\example\tcp_socket\ccs\..\..\..\simplelink\ccs\NON_OS\</path>
         <kind>archive</kind>
         <file>simplelink.a</file>
         <name>netapp.obj</name>
      </input_file>
      <input_file id="fl-15f">
         <path>C:\TI\CC3200SDK_1.1.0\cc3200-sdk\example\tcp_socket\ccs\..\..\..\simplelink\ccs\NON_OS\</path>
         <kind>archive</kind>
         <file>simplelink.a</file>
         <name>netcfg.obj</name>
      </input_file>
      <input_file id="fl-160">
         <path>C:\TI\CC3200SDK_1.1.0\cc3200-sdk\example\tcp_socket\ccs\..\..\..\simplelink\ccs\NON_OS\</path>
         <kind>archive</kind>
         <file>simplelink.a</file>
         <name>nonos.obj</name>
      </input_file>
      <input_file id="fl-161">
         <path>C:\TI\CC3200SDK_1.1.0\cc3200-sdk\example\tcp_socket\ccs\..\..\..\simplelink\ccs\NON_OS\</path>
         <kind>archive</kind>
         <file>simplelink.a</file>
         <name>socket.obj</name>
      </input_file>
      <input_file id="fl-162">
         <path>C:\TI\CC3200SDK_1.1.0\cc3200-sdk\example\tcp_socket\ccs\..\..\..\simplelink\ccs\NON_OS\</path>
         <kind>archive</kind>
         <file>simplelink.a</file>
         <name>wlan.obj</name>
      </input_file>
      <input_file id="fl-163">
         <path>C:\TI\CC3200SDK_1.1.0\cc3200-sdk\example\tcp_socket\ccs\..\..\..\simplelink\ccs\NON_OS\</path>
         <kind>archive</kind>
         <file>simplelink.a</file>
         <name>cc_pal.obj</name>
      </input_file>
      <input_file id="fl-164">
         <path>C:\TI\CC3200SDK_1.1.0\cc3200-sdk\example\tcp_socket\ccs\..\..\..\driverlib\ccs\Release\</path>
         <kind>archive</kind>
         <file>driverlib.a</file>
         <name>interrupt.obj</name>
      </input_file>
      <input_file id="fl-165">
         <path>C:\TI\CC3200SDK_1.1.0\cc3200-sdk\example\tcp_socket\ccs\..\..\..\driverlib\ccs\Release\</path>
         <kind>archive</kind>
         <file>driverlib.a</file>
         <name>pin.obj</name>
      </input_file>
      <input_file id="fl-166">
         <path>C:\TI\CC3200SDK_1.1.0\cc3200-sdk\example\tcp_socket\ccs\..\..\..\driverlib\ccs\Release\</path>
         <kind>archive</kind>
         <file>driverlib.a</file>
         <name>prcm.obj</name>
      </input_file>
      <input_file id="fl-167">
         <path>C:\TI\CC3200SDK_1.1.0\cc3200-sdk\example\tcp_socket\ccs\..\..\..\driverlib\ccs\Release\</path>
         <kind>archive</kind>
         <file>driverlib.a</file>
         <name>spi.obj</name>
      </input_file>
      <input_file id="fl-168">
         <path>C:\TI\CC3200SDK_1.1.0\cc3200-sdk\example\tcp_socket\ccs\..\..\..\driverlib\ccs\Release\</path>
         <kind>archive</kind>
         <file>driverlib.a</file>
         <name>uart.obj</name>
      </input_file>
      <input_file id="fl-169">
         <path>C:\TI\CC3200SDK_1.1.0\cc3200-sdk\example\tcp_socket\ccs\..\..\..\driverlib\ccs\Release\</path>
         <kind>archive</kind>
         <file>driverlib.a</file>
         <name>udma.obj</name>
      </input_file>
      <input_file id="fl-16a">
         <path>C:\TI\CC3200SDK_1.1.0\cc3200-sdk\example\tcp_socket\ccs\..\..\..\driverlib\ccs\Release\</path>
         <kind>archive</kind>
         <file>driverlib.a</file>
         <name>utils.obj</name>
      </input_file>
      <input_file id="fl-16b">
         <path>C:\TI\CC3200SDK_1.1.0\cc3200-sdk\example\tcp_socket\ccs\..\..\..\driverlib\ccs\Release\</path>
         <kind>archive</kind>
         <file>driverlib.a</file>
         <name>cpu.obj</name>
      </input_file>
      <input_file id="fl-16c">
         <path>C:\TI\CC3200SDK_1.1.0\cc3200-sdk\example\tcp_socket\ccs\..\..\..\driverlib\ccs\Release\</path>
         <kind>archive</kind>
         <file>driverlib.a</file>
         <name>flash.obj</name>
      </input_file>
   </input_file_list>
   <object_component_list>
      <object_component id="oc-f">
         <name>.intvecs</name>
         <load_address>0x20004000</load_address>
         <run_address>0x20004000</run_address>
         <size>0x400</size>
         <input_file_ref idref="fl-4"/>
      </object_component>
      <object_component id="oc-9f">
         <name>.text</name>
         <load_address>0x20004400</load_address>
         <run_address>0x20004400</run_address>
         <size>0x157c</size>
         <input_file_ref idref="fl-2"/>
      </object_component>
      <object_component id="oc-3ed">
         <name>.text</name>
         <load_address>0x2000597c</load_address>
         <run_address>0x2000597c</run_address>
         <size>0x10a6</size>
         <input_file_ref idref="fl-13e"/>
      </object_component>
      <object_component id="oc-61d">
         <name>.text:IntDefaultHandler</name>
         <load_address>0x20006a22</load_address>
         <run_address>0x20006a22</run_address>
         <size>0x2</size>
         <input_file_ref idref="fl-164"/>
      </object_component>
      <object_component id="oc-62b">
         <name>.text:_SlDrvMsgRead</name>
         <load_address>0x20006a24</load_address>
         <run_address>0x20006a24</run_address>
         <size>0x5ec</size>
         <input_file_ref idref="fl-15d"/>
      </object_component>
      <object_component id="oc-20e">
         <name>.text</name>
         <load_address>0x20007010</load_address>
         <run_address>0x20007010</run_address>
         <size>0x3dc</size>
         <input_file_ref idref="fl-135"/>
      </object_component>
      <object_component id="oc-cc">
         <name>.text</name>
         <load_address>0x200073ec</load_address>
         <run_address>0x200073ec</run_address>
         <size>0x280</size>
         <input_file_ref idref="fl-5"/>
      </object_component>
      <object_component id="oc-6a6">
         <name>.text:_SlDrvRxHdrRead</name>
         <load_address>0x2000766c</load_address>
         <run_address>0x2000766c</run_address>
         <size>0x248</size>
         <input_file_ref idref="fl-15d"/>
      </object_component>
      <object_component id="oc-183">
         <name>.text:sl_WlanConnect</name>
         <load_address>0x200078b4</load_address>
         <run_address>0x200078b4</run_address>
         <size>0x244</size>
         <input_file_ref idref="fl-162"/>
      </object_component>
      <object_component id="oc-58a">
         <name>.text</name>
         <load_address>0x20007af8</load_address>
         <run_address>0x20007af8</run_address>
         <size>0x1f4</size>
         <input_file_ref idref="fl-152"/>
      </object_component>
      <object_component id="oc-26c">
         <name>.text:_SlDrvReleasePoolObj</name>
         <load_address>0x20007cec</load_address>
         <run_address>0x20007cec</run_address>
         <size>0x1d0</size>
         <input_file_ref idref="fl-15d"/>
      </object_component>
      <object_component id="oc-4eb">
         <name>.text:_SlDrvMsgWrite</name>
         <load_address>0x20007ebc</load_address>
         <run_address>0x20007ebc</run_address>
         <size>0x1cc</size>
         <input_file_ref idref="fl-15d"/>
      </object_component>
      <object_component id="oc-1a1">
         <name>.text</name>
         <load_address>0x20008088</load_address>
         <run_address>0x20008088</run_address>
         <size>0x1cc</size>
         <input_file_ref idref="fl-6"/>
      </object_component>
      <object_component id="oc-5b3">
         <name>.text</name>
         <load_address>0x20008254</load_address>
         <run_address>0x20008254</run_address>
         <size>0x1b6</size>
         <input_file_ref idref="fl-145"/>
      </object_component>
      <object_component id="oc-479">
         <name>.text:_SlDrvWaitForPoolObj</name>
         <load_address>0x2000840c</load_address>
         <run_address>0x2000840c</run_address>
         <size>0x190</size>
         <input_file_ref idref="fl-15d"/>
      </object_component>
      <object_component id="oc-242">
         <name>.text:_SlDrvDriverCBInit</name>
         <load_address>0x2000859c</load_address>
         <run_address>0x2000859c</run_address>
         <size>0x188</size>
         <input_file_ref idref="fl-15d"/>
      </object_component>
      <object_component id="oc-6b8">
         <name>.text:_SlFindAndSetActiveObj</name>
         <load_address>0x20008724</load_address>
         <run_address>0x20008724</run_address>
         <size>0x170</size>
         <input_file_ref idref="fl-15d"/>
      </object_component>
      <object_component id="oc-248">
         <name>.text:spi_Open</name>
         <load_address>0x20008894</load_address>
         <run_address>0x20008894</run_address>
         <size>0x144</size>
         <input_file_ref idref="fl-163"/>
      </object_component>
      <object_component id="oc-173">
         <name>.text:sl_Accept</name>
         <load_address>0x200089d8</load_address>
         <run_address>0x200089d8</run_address>
         <size>0x138</size>
         <input_file_ref idref="fl-161"/>
      </object_component>
      <object_component id="oc-599">
         <name>.text</name>
         <load_address>0x20008b10</load_address>
         <run_address>0x20008b10</run_address>
         <size>0x136</size>
         <input_file_ref idref="fl-147"/>
      </object_component>
      <object_component id="oc-19b">
         <name>.text:PRCMCC3200MCUInit</name>
         <load_address>0x20008c48</load_address>
         <run_address>0x20008c48</run_address>
         <size>0x134</size>
         <input_file_ref idref="fl-166"/>
      </object_component>
      <object_component id="oc-321">
         <name>.text:_SlDrvDataReadOp</name>
         <load_address>0x20008d7c</load_address>
         <run_address>0x20008d7c</run_address>
         <size>0x12c</size>
         <input_file_ref idref="fl-15d"/>
      </object_component>
      <object_component id="oc-130">
         <name>.text</name>
         <load_address>0x20008ea8</load_address>
         <run_address>0x20008ea8</run_address>
         <size>0x114</size>
         <input_file_ref idref="fl-13b"/>
      </object_component>
      <object_component id="oc-683">
         <name>.text</name>
         <load_address>0x20008fbc</load_address>
         <run_address>0x20008fbc</run_address>
         <size>0x110</size>
         <input_file_ref idref="fl-154"/>
      </object_component>
      <object_component id="oc-316">
         <name>.text:_SlDrvDataWriteOp</name>
         <load_address>0x200090cc</load_address>
         <run_address>0x200090cc</run_address>
         <size>0x108</size>
         <input_file_ref idref="fl-15d"/>
      </object_component>
      <object_component id="oc-14e">
         <name>.text:sl_Connect</name>
         <load_address>0x200091d4</load_address>
         <run_address>0x200091d4</run_address>
         <size>0x108</size>
         <input_file_ref idref="fl-161"/>
      </object_component>
      <object_component id="oc-15a">
         <name>.text:sl_Send</name>
         <load_address>0x200092dc</load_address>
         <run_address>0x200092dc</run_address>
         <size>0x108</size>
         <input_file_ref idref="fl-161"/>
      </object_component>
      <object_component id="oc-2a6">
         <name>.text:_SlDrvDriverCBDeinit</name>
         <load_address>0x200093e4</load_address>
         <run_address>0x200093e4</run_address>
         <size>0x100</size>
         <input_file_ref idref="fl-15d"/>
      </object_component>
      <object_component id="oc-716">
         <name>.text:_SlDrvNetAppEventHandler</name>
         <load_address>0x200094e4</load_address>
         <run_address>0x200094e4</run_address>
         <size>0xfe</size>
         <input_file_ref idref="fl-15e"/>
      </object_component>
      <object_component id="oc-594">
         <name>.text</name>
         <load_address>0x200095e2</load_address>
         <run_address>0x200095e2</run_address>
         <size>0xfc</size>
         <input_file_ref idref="fl-148"/>
      </object_component>
      <object_component id="oc-6b2">
         <name>.text:spi_Read</name>
         <load_address>0x200096e0</load_address>
         <run_address>0x200096e0</run_address>
         <size>0xf0</size>
         <input_file_ref idref="fl-163"/>
      </object_component>
      <object_component id="oc-3b9">
         <name>.text:uDMAChannelTransferSet</name>
         <load_address>0x200097d0</load_address>
         <run_address>0x200097d0</run_address>
         <size>0xf0</size>
         <input_file_ref idref="fl-169"/>
      </object_component>
      <object_component id="oc-6ac">
         <name>.text:_SlDrvClassifyRxMsg</name>
         <load_address>0x200098c0</load_address>
         <run_address>0x200098c0</run_address>
         <size>0xd8</size>
         <input_file_ref idref="fl-15d"/>
      </object_component>
      <object_component id="oc-ed">
         <name>.text:sl_Stop</name>
         <load_address>0x20009998</load_address>
         <run_address>0x20009998</run_address>
         <size>0xd4</size>
         <input_file_ref idref="fl-15c"/>
      </object_component>
      <object_component id="oc-765">
         <name>.text:_sl_HandleAsync_DnsGetHostByService</name>
         <load_address>0x20009a6c</load_address>
         <run_address>0x20009a6c</run_address>
         <size>0xc8</size>
         <input_file_ref idref="fl-15e"/>
      </object_component>
      <object_component id="oc-4f1">
         <name>.text:_SlDrvMsgReadCmdCtx</name>
         <load_address>0x20009b34</load_address>
         <run_address>0x20009b34</run_address>
         <size>0xc0</size>
         <input_file_ref idref="fl-15d"/>
      </object_component>
      <object_component id="oc-4ae">
         <name>.text:_SlRemoveFromList</name>
         <load_address>0x20009bf4</load_address>
         <run_address>0x20009bf4</run_address>
         <size>0xc0</size>
         <input_file_ref idref="fl-15d"/>
      </object_component>
      <object_component id="oc-6f2">
         <name>.text</name>
         <load_address>0x20009cb4</load_address>
         <run_address>0x20009cb4</run_address>
         <size>0xbe</size>
         <input_file_ref idref="fl-15b"/>
      </object_component>
      <object_component id="oc-db">
         <name>.text:sl_Start</name>
         <load_address>0x20009d74</load_address>
         <run_address>0x20009d74</run_address>
         <size>0xbc</size>
         <input_file_ref idref="fl-15c"/>
      </object_component>
      <object_component id="oc-631">
         <name>.text:_SlAsyncEventGenericHandler</name>
         <load_address>0x20009e30</load_address>
         <run_address>0x20009e30</run_address>
         <size>0xb8</size>
         <input_file_ref idref="fl-15d"/>
      </object_component>
      <object_component id="oc-2d5">
         <name>.text:sl_NetAppMDNSRegisterUnregisterService</name>
         <load_address>0x20009ee8</load_address>
         <run_address>0x20009ee8</run_address>
         <size>0xb4</size>
         <input_file_ref idref="fl-15e"/>
      </object_component>
      <object_component id="oc-493">
         <name>.text:IntDisable</name>
         <load_address>0x20009f9c</load_address>
         <run_address>0x20009f9c</run_address>
         <size>0xa8</size>
         <input_file_ref idref="fl-164"/>
      </object_component>
      <object_component id="oc-195">
         <name>.text:IntEnable</name>
         <load_address>0x2000a044</load_address>
         <run_address>0x2000a044</run_address>
         <size>0xa8</size>
         <input_file_ref idref="fl-164"/>
      </object_component>
      <object_component id="oc-42e">
         <name>.text:SPIConfigSetExpClk</name>
         <load_address>0x2000a0ec</load_address>
         <run_address>0x2000a0ec</run_address>
         <size>0xa0</size>
         <input_file_ref idref="fl-167"/>
      </object_component>
      <object_component id="oc-4c7">
         <name>.text:_SlDrvMsgReadSpawnCtx</name>
         <load_address>0x2000a18c</load_address>
         <run_address>0x2000a18c</run_address>
         <size>0x9c</size>
         <input_file_ref idref="fl-15d"/>
      </object_component>
      <object_component id="oc-36">
         <name>.text</name>
         <load_address>0x2000a228</load_address>
         <run_address>0x2000a228</run_address>
         <size>0x9c</size>
         <input_file_ref idref="fl-133"/>
      </object_component>
      <object_component id="oc-f3">
         <name>.text:sl_DevGet</name>
         <load_address>0x2000a2c4</load_address>
         <run_address>0x2000a2c4</run_address>
         <size>0x9c</size>
         <input_file_ref idref="fl-15c"/>
      </object_component>
      <object_component id="oc-639">
         <name>.text:spi_Write</name>
         <load_address>0x2000a360</load_address>
         <run_address>0x2000a360</run_address>
         <size>0x98</size>
         <input_file_ref idref="fl-163"/>
      </object_component>
      <object_component id="oc-1de">
         <name>.text:PRCMPeripheralClockGet</name>
         <load_address>0x2000a3f8</load_address>
         <run_address>0x2000a3f8</run_address>
         <size>0x94</size>
         <input_file_ref idref="fl-166"/>
      </object_component>
      <object_component id="oc-723">
         <name>.text:SetupDMAReceive</name>
         <load_address>0x2000a48c</load_address>
         <run_address>0x2000a48c</run_address>
         <size>0x8c</size>
         <input_file_ref idref="fl-163"/>
      </object_component>
      <object_component id="oc-6c3">
         <name>.text:SetupDMASend</name>
         <load_address>0x2000a518</load_address>
         <run_address>0x2000a518</run_address>
         <size>0x8c</size>
         <input_file_ref idref="fl-163"/>
      </object_component>
      <object_component id="oc-75f">
         <name>.text:_sl_HandleAsync_DnsGetHostByName</name>
         <load_address>0x2000a5a4</load_address>
         <run_address>0x2000a5a4</run_address>
         <size>0x8c</size>
         <input_file_ref idref="fl-15e"/>
      </object_component>
      <object_component id="oc-71c">
         <name>.text:_sl_HandleAsync_PingResponse</name>
         <load_address>0x2000a630</load_address>
         <run_address>0x2000a630</run_address>
         <size>0x8c</size>
         <input_file_ref idref="fl-15e"/>
      </object_component>
      <object_component id="oc-581">
         <name>.text:PinConfigSet</name>
         <load_address>0x2000a6bc</load_address>
         <run_address>0x2000a6bc</run_address>
         <size>0x88</size>
         <input_file_ref idref="fl-165"/>
      </object_component>
      <object_component id="oc-1f0">
         <name>.text</name>
         <load_address>0x2000a744</load_address>
         <run_address>0x2000a744</run_address>
         <size>0x88</size>
         <input_file_ref idref="fl-13c"/>
      </object_component>
      <object_component id="oc-161">
         <name>.text:sl_Bind</name>
         <load_address>0x2000a7cc</load_address>
         <run_address>0x2000a7cc</run_address>
         <size>0x88</size>
         <input_file_ref idref="fl-161"/>
      </object_component>
      <object_component id="oc-58f">
         <name>.text:__aeabi_cdcmple</name>
         <load_address>0x2000a854</load_address>
         <run_address>0x2000a854</run_address>
         <size>0x86</size>
         <input_file_ref idref="fl-146"/>
      </object_component>
      <object_component id="oc-59e">
         <name>.text:__aeabi_cdrcmple</name>
         <load_address>0x2000a8da</load_address>
         <run_address>0x2000a8da</run_address>
         <size>0x86</size>
         <input_file_ref idref="fl-146"/>
      </object_component>
      <object_component id="oc-23c">
         <name>.text:NwpPowerOnPreamble</name>
         <load_address>0x2000a960</load_address>
         <run_address>0x2000a960</run_address>
         <size>0x84</size>
         <input_file_ref idref="fl-163"/>
      </object_component>
      <object_component id="oc-290">
         <name>.text:_SlDrvCmdOp</name>
         <load_address>0x2000a9e4</load_address>
         <run_address>0x2000a9e4</run_address>
         <size>0x80</size>
         <input_file_ref idref="fl-15d"/>
      </object_component>
      <object_component id="oc-729">
         <name>.text:spi_Read_CPU</name>
         <load_address>0x2000aa64</load_address>
         <run_address>0x2000aa64</run_address>
         <size>0x80</size>
         <input_file_ref idref="fl-163"/>
      </object_component>
      <object_component id="oc-6d5">
         <name>.text:spi_Write_CPU</name>
         <load_address>0x2000aae4</load_address>
         <run_address>0x2000aae4</run_address>
         <size>0x80</size>
         <input_file_ref idref="fl-163"/>
      </object_component>
      <object_component id="oc-6e0">
         <name>.text:_sl_HandleAsync_InitComplete</name>
         <load_address>0x2000ab64</load_address>
         <run_address>0x2000ab64</run_address>
         <size>0x7c</size>
         <input_file_ref idref="fl-15c"/>
      </object_component>
      <object_component id="oc-4f">
         <name>.text</name>
         <load_address>0x2000abe0</load_address>
         <run_address>0x2000abe0</run_address>
         <size>0x7a</size>
         <input_file_ref idref="fl-136"/>
      </object_component>
      <object_component id="oc-781">
         <name>.text:_sl_HandleAsync_Connect</name>
         <load_address>0x2000ac5c</load_address>
         <run_address>0x2000ac5c</run_address>
         <size>0x78</size>
         <input_file_ref idref="fl-161"/>
      </object_component>
      <object_component id="oc-2a0">
         <name>.text:spi_Close</name>
         <load_address>0x2000acd4</load_address>
         <run_address>0x2000acd4</run_address>
         <size>0x78</size>
         <input_file_ref idref="fl-163"/>
      </object_component>
      <object_component id="oc-1e4">
         <name>.text:UARTConfigSetExpClk</name>
         <load_address>0x2000ad4c</load_address>
         <run_address>0x2000ad4c</run_address>
         <size>0x76</size>
         <input_file_ref idref="fl-168"/>
      </object_component>
      <object_component id="oc-17a">
         <name>.text:sl_Recv</name>
         <load_address>0x2000adc4</load_address>
         <run_address>0x2000adc4</run_address>
         <size>0x74</size>
         <input_file_ref idref="fl-161"/>
      </object_component>
      <object_component id="oc-e1">
         <name>.text:_SlNonOsMainLoopTask</name>
         <load_address>0x2000ae38</load_address>
         <run_address>0x2000ae38</run_address>
         <size>0x70</size>
         <input_file_ref idref="fl-160"/>
      </object_component>
      <object_component id="oc-7a5">
         <name>.text:_SlDrvCmdSend</name>
         <load_address>0x2000aea8</load_address>
         <run_address>0x2000aea8</run_address>
         <size>0x6c</size>
         <input_file_ref idref="fl-15d"/>
      </object_component>
      <object_component id="oc-61">
         <name>.text</name>
         <load_address>0x2000af14</load_address>
         <run_address>0x2000af14</run_address>
         <size>0x6c</size>
         <input_file_ref idref="fl-141"/>
      </object_component>
      <object_component id="oc-42">
         <name>.text</name>
         <load_address>0x2000af80</load_address>
         <run_address>0x2000af80</run_address>
         <size>0x6a</size>
         <input_file_ref idref="fl-130"/>
      </object_component>
      <object_component id="oc-76b">
         <name>.text:_sl_NetAppSendTokenValue</name>
         <load_address>0x2000afec</load_address>
         <run_address>0x2000afec</run_address>
         <size>0x68</size>
         <input_file_ref idref="fl-15e"/>
      </object_component>
      <object_component id="oc-10b">
         <name>.text:sl_NetCfgSet</name>
         <load_address>0x2000b054</load_address>
         <run_address>0x2000b054</run_address>
         <size>0x68</size>
         <input_file_ref idref="fl-15f"/>
      </object_component>
      <object_component id="oc-16d">
         <name>.text:sl_SetSockOpt</name>
         <load_address>0x2000b0bc</load_address>
         <run_address>0x2000b0bc</run_address>
         <size>0x68</size>
         <input_file_ref idref="fl-161"/>
      </object_component>
      <object_component id="oc-111">
         <name>.text:sl_WlanSet</name>
         <load_address>0x2000b124</load_address>
         <run_address>0x2000b124</run_address>
         <size>0x68</size>
         <input_file_ref idref="fl-162"/>
      </object_component>
      <object_component id="oc-67b">
         <name>.text</name>
         <load_address>0x2000b18c</load_address>
         <run_address>0x2000b18c</run_address>
         <size>0x66</size>
         <input_file_ref idref="fl-155"/>
      </object_component>
      <object_component id="oc-38f">
         <name>.text:uDMAChannelAttributeDisable</name>
         <load_address>0x2000b1f4</load_address>
         <run_address>0x2000b1f4</run_address>
         <size>0x64</size>
         <input_file_ref idref="fl-169"/>
      </object_component>
      <object_component id="oc-3b3">
         <name>.text:uDMAChannelAttributeEnable</name>
         <load_address>0x2000b258</load_address>
         <run_address>0x2000b258</run_address>
         <size>0x64</size>
         <input_file_ref idref="fl-169"/>
      </object_component>
      <object_component id="oc-77b">
         <name>.text:_sl_HandleAsync_Accept</name>
         <load_address>0x2000b2bc</load_address>
         <run_address>0x2000b2bc</run_address>
         <size>0x60</size>
         <input_file_ref idref="fl-161"/>
      </object_component>
      <object_component id="oc-f9">
         <name>.text:sl_WlanPolicySet</name>
         <load_address>0x2000b31c</load_address>
         <run_address>0x2000b31c</run_address>
         <size>0x60</size>
         <input_file_ref idref="fl-162"/>
      </object_component>
      <object_component id="oc-412">
         <name>.text:_SlNonOsSemGet</name>
         <load_address>0x2000b37c</load_address>
         <run_address>0x2000b37c</run_address>
         <size>0x5c</size>
         <input_file_ref idref="fl-160"/>
      </object_component>
      <object_component id="oc-4c1">
         <name>.text:_SlNonOsSpawn</name>
         <load_address>0x2000b3d8</load_address>
         <run_address>0x2000b3d8</run_address>
         <size>0x5c</size>
         <input_file_ref idref="fl-160"/>
      </object_component>
      <object_component id="oc-148">
         <name>.text:sl_Socket</name>
         <load_address>0x2000b434</load_address>
         <run_address>0x2000b434</run_address>
         <size>0x5c</size>
         <input_file_ref idref="fl-161"/>
      </object_component>
      <object_component id="oc-49f">
         <name>.text:IntPendClear</name>
         <load_address>0x2000b490</load_address>
         <run_address>0x2000b490</run_address>
         <size>0x58</size>
         <input_file_ref idref="fl-164"/>
      </object_component>
      <object_component id="oc-352">
         <name>.text:PRCMPeripheralReset</name>
         <load_address>0x2000b4e8</load_address>
         <run_address>0x2000b4e8</run_address>
         <size>0x58</size>
         <input_file_ref idref="fl-166"/>
      </object_component>
      <object_component id="oc-5a8">
         <name>.text</name>
         <load_address>0x2000b540</load_address>
         <run_address>0x2000b540</run_address>
         <size>0x56</size>
         <input_file_ref idref="fl-14d"/>
      </object_component>
      <object_component id="oc-371">
         <name>.text:IntPrioritySet</name>
         <load_address>0x2000b598</load_address>
         <run_address>0x2000b598</run_address>
         <size>0x54</size>
         <input_file_ref idref="fl-164"/>
      </object_component>
      <object_component id="oc-787">
         <name>.text:_sl_HandleAsync_Select</name>
         <load_address>0x2000b5ec</load_address>
         <run_address>0x2000b5ec</run_address>
         <size>0x54</size>
         <input_file_ref idref="fl-161"/>
      </object_component>
      <object_component id="oc-123">
         <name>.text:sl_WlanRxFilterSet</name>
         <load_address>0x2000b640</load_address>
         <run_address>0x2000b640</run_address>
         <size>0x54</size>
         <input_file_ref idref="fl-162"/>
      </object_component>
      <object_component id="oc-6e6">
         <name>.text:_sl_HandleAsync_Stop</name>
         <load_address>0x2000b694</load_address>
         <run_address>0x2000b694</run_address>
         <size>0x50</size>
         <input_file_ref idref="fl-15c"/>
      </object_component>
      <object_component id="oc-458">
         <name>.text:SPIIntEnable</name>
         <load_address>0x2000b6e4</load_address>
         <run_address>0x2000b6e4</run_address>
         <size>0x4c</size>
         <input_file_ref idref="fl-167"/>
      </object_component>
      <object_component id="oc-642">
         <name>.text:SPIIntNumberGet</name>
         <load_address>0x2000b730</load_address>
         <run_address>0x2000b730</run_address>
         <size>0x4c</size>
         <input_file_ref idref="fl-167"/>
      </object_component>
      <object_component id="oc-24e">
         <name>.text:_SlDrvProtectAsyncRespSetting</name>
         <load_address>0x2000b77c</load_address>
         <run_address>0x2000b77c</run_address>
         <size>0x4c</size>
         <input_file_ref idref="fl-15d"/>
      </object_component>
      <object_component id="oc-27b">
         <name>.text:_SlDrvRxIrqHandler</name>
         <load_address>0x2000b7c8</load_address>
         <run_address>0x2000b7c8</run_address>
         <size>0x4c</size>
         <input_file_ref idref="fl-15d"/>
      </object_component>
      <object_component id="oc-308">
         <name>.text:_sl_BuildAddress</name>
         <load_address>0x2000b814</load_address>
         <run_address>0x2000b814</run_address>
         <size>0x4c</size>
         <input_file_ref idref="fl-161"/>
      </object_component>
      <object_component id="oc-5d6">
         <name>.text</name>
         <load_address>0x2000b860</load_address>
         <run_address>0x2000b860</run_address>
         <size>0x4c</size>
         <input_file_ref idref="fl-140"/>
      </object_component>
      <object_component id="oc-97">
         <name>.text</name>
         <load_address>0x2000b8ac</load_address>
         <run_address>0x2000b8ac</run_address>
         <size>0x4c</size>
         <input_file_ref idref="fl-142"/>
      </object_component>
      <object_component id="oc-389">
         <name>.text:uDMAChannelAssign</name>
         <load_address>0x2000b8f8</load_address>
         <run_address>0x2000b8f8</run_address>
         <size>0x4c</size>
         <input_file_ref idref="fl-169"/>
      </object_component>
      <object_component id="oc-60a">
         <name>.text:SPIIntClear</name>
         <load_address>0x2000b944</load_address>
         <run_address>0x2000b944</run_address>
         <size>0x48</size>
         <input_file_ref idref="fl-167"/>
      </object_component>
      <object_component id="oc-2c3">
         <name>.text:_SlDrvBasicCmd</name>
         <load_address>0x2000b98c</load_address>
         <run_address>0x2000b98c</run_address>
         <size>0x48</size>
         <input_file_ref idref="fl-15d"/>
      </object_component>
      <object_component id="oc-5a3">
         <name>.text</name>
         <load_address>0x2000b9d4</load_address>
         <run_address>0x2000b9d4</run_address>
         <size>0x48</size>
         <input_file_ref idref="fl-149"/>
      </object_component>
      <object_component id="oc-5be">
         <name>.text</name>
         <load_address>0x2000ba1c</load_address>
         <run_address>0x2000ba1c</run_address>
         <size>0x46</size>
         <input_file_ref idref="fl-14c"/>
      </object_component>
      <object_component id="oc-5fe">
         <name>.text:SPIDmaMaskGet</name>
         <load_address>0x2000ba64</load_address>
         <run_address>0x2000ba64</run_address>
         <size>0x44</size>
         <input_file_ref idref="fl-167"/>
      </object_component>
      <object_component id="oc-736">
         <name>.text:cc_SetupTransfer</name>
         <load_address>0x2000baa8</load_address>
         <run_address>0x2000baa8</run_address>
         <size>0x44</size>
         <input_file_ref idref="fl-163"/>
      </object_component>
      <object_component id="oc-6d">
         <name>.text</name>
         <load_address>0x2000baec</load_address>
         <run_address>0x2000baec</run_address>
         <size>0x44</size>
         <input_file_ref idref="fl-132"/>
      </object_component>
      <object_component id="oc-142">
         <name>.text:sl_Htonl</name>
         <load_address>0x2000bb30</load_address>
         <run_address>0x2000bb30</run_address>
         <size>0x42</size>
         <input_file_ref idref="fl-161"/>
      </object_component>
      <object_component id="oc-57b">
         <name>.text:PinModeSet</name>
         <load_address>0x2000bb74</load_address>
         <run_address>0x2000bb74</run_address>
         <size>0x40</size>
         <input_file_ref idref="fl-165"/>
      </object_component>
      <object_component id="oc-792">
         <name>.text</name>
         <load_address>0x2000bbb4</load_address>
         <run_address>0x2000bbb4</run_address>
         <size>0x40</size>
         <input_file_ref idref="fl-15a"/>
      </object_component>
      <object_component id="oc-12a">
         <name>.text</name>
         <load_address>0x2000bbf4</load_address>
         <run_address>0x2000bbf4</run_address>
         <size>0x40</size>
         <input_file_ref idref="fl-13a"/>
      </object_component>
      <object_component id="oc-25a">
         <name>.text:NwpRegisterInterruptHandler</name>
         <load_address>0x2000bc34</load_address>
         <run_address>0x2000bc34</run_address>
         <size>0x3e</size>
         <input_file_ref idref="fl-163"/>
      </object_component>
      <object_component id="oc-772">
         <name>.text:CopyPingResultsToReport</name>
         <load_address>0x2000bc72</load_address>
         <run_address>0x2000bc72</run_address>
         <size>0x3c</size>
         <input_file_ref idref="fl-15e"/>
      </object_component>
      <object_component id="oc-34c">
         <name>.text:PRCMPeripheralClkEnable</name>
         <load_address>0x2000bcb0</load_address>
         <run_address>0x2000bcb0</run_address>
         <size>0x3c</size>
         <input_file_ref idref="fl-166"/>
      </object_component>
      <object_component id="oc-310">
         <name>.text:_sl_TruncatePayloadByProtocol</name>
         <load_address>0x2000bcec</load_address>
         <run_address>0x2000bcec</run_address>
         <size>0x3c</size>
         <input_file_ref idref="fl-161"/>
      </object_component>
      <object_component id="oc-24">
         <name>.text</name>
         <load_address>0x2000bd28</load_address>
         <run_address>0x2000bd28</run_address>
         <size>0x3c</size>
         <input_file_ref idref="fl-12e"/>
      </object_component>
      <object_component id="oc-13c">
         <name>.text:sl_Htons</name>
         <load_address>0x2000bd64</load_address>
         <run_address>0x2000bd64</run_address>
         <size>0x3c</size>
         <input_file_ref idref="fl-161"/>
      </object_component>
      <object_component id="oc-167">
         <name>.text:sl_Listen</name>
         <load_address>0x2000bda0</load_address>
         <run_address>0x2000bda0</run_address>
         <size>0x3c</size>
         <input_file_ref idref="fl-161"/>
      </object_component>
      <object_component id="oc-3ad">
         <name>.text:uDMAChannelControlSet</name>
         <load_address>0x2000bddc</load_address>
         <run_address>0x2000bddc</run_address>
         <size>0x3c</size>
         <input_file_ref idref="fl-169"/>
      </object_component>
      <object_component id="oc-254">
         <name>.text:NwpPowerOff</name>
         <load_address>0x2000be18</load_address>
         <run_address>0x2000be18</run_address>
         <size>0x38</size>
         <input_file_ref idref="fl-163"/>
      </object_component>
      <object_component id="oc-117">
         <name>.text:sl_NetAppMDNSUnRegisterService</name>
         <load_address>0x2000be50</load_address>
         <run_address>0x2000be50</run_address>
         <size>0x36</size>
         <input_file_ref idref="fl-15e"/>
      </object_component>
      <object_component id="oc-434">
         <name>.text:PRCMPeripheralStatusGet</name>
         <load_address>0x2000be88</load_address>
         <run_address>0x2000be88</run_address>
         <size>0x34</size>
         <input_file_ref idref="fl-166"/>
      </object_component>
      <object_component id="oc-44c">
         <name>.text:SPIFIFOLevelSet</name>
         <load_address>0x2000bebc</load_address>
         <run_address>0x2000bebc</run_address>
         <size>0x34</size>
         <input_file_ref idref="fl-167"/>
      </object_component>
      <object_component id="oc-701">
         <name>.text</name>
         <load_address>0x2000bef0</load_address>
         <run_address>0x2000bef0</run_address>
         <size>0x34</size>
         <input_file_ref idref="fl-158"/>
      </object_component>
      <object_component id="oc-3df">
         <name>.text:UARTDisable</name>
         <load_address>0x2000bf24</load_address>
         <run_address>0x2000bf24</run_address>
         <size>0x30</size>
         <input_file_ref idref="fl-168"/>
      </object_component>
      <object_component id="oc-64b">
         <name>.text:_SlDrvDeviceEventHandler</name>
         <load_address>0x2000bf54</load_address>
         <run_address>0x2000bf54</run_address>
         <size>0x30</size>
         <input_file_ref idref="fl-15c"/>
      </object_component>
      <object_component id="oc-689">
         <name>.text</name>
         <load_address>0x2000bf84</load_address>
         <run_address>0x2000bf84</run_address>
         <size>0x30</size>
         <input_file_ref idref="fl-156"/>
      </object_component>
      <object_component id="oc-154">
         <name>.text:sl_Close</name>
         <load_address>0x2000bfb4</load_address>
         <run_address>0x2000bfb4</run_address>
         <size>0x30</size>
         <input_file_ref idref="fl-161"/>
      </object_component>
      <object_component id="oc-ff">
         <name>.text:sl_WlanProfileDel</name>
         <load_address>0x2000bfe4</load_address>
         <run_address>0x2000bfe4</run_address>
         <size>0x30</size>
         <input_file_ref idref="fl-162"/>
      </object_component>
      <object_component id="oc-e7">
         <name>.text:sl_WlanSetMode</name>
         <load_address>0x2000c014</load_address>
         <run_address>0x2000c014</run_address>
         <size>0x30</size>
         <input_file_ref idref="fl-162"/>
      </object_component>
      <object_component id="oc-5ae">
         <name>.text</name>
         <load_address>0x2000c044</load_address>
         <run_address>0x2000c044</run_address>
         <size>0x2e</size>
         <input_file_ref idref="fl-14b"/>
      </object_component>
      <object_component id="oc-753">
         <name>.text</name>
         <load_address>0x2000c072</load_address>
         <run_address>0x2000c072</run_address>
         <size>0x2e</size>
         <input_file_ref idref="fl-159"/>
      </object_component>
      <object_component id="oc-260">
         <name>.text:NwpPowerOn</name>
         <load_address>0x2000c0a0</load_address>
         <run_address>0x2000c0a0</run_address>
         <size>0x2c</size>
         <input_file_ref idref="fl-163"/>
      </object_component>
      <object_component id="oc-35e">
         <name>.text:PRCMSysResetCauseGet</name>
         <load_address>0x2000c0cc</load_address>
         <run_address>0x2000c0cc</run_address>
         <size>0x2c</size>
         <input_file_ref idref="fl-166"/>
      </object_component>
      <object_component id="oc-2e2">
         <name>.text</name>
         <load_address>0x2000c0f8</load_address>
         <run_address>0x2000c0f8</run_address>
         <size>0x2a</size>
         <input_file_ref idref="fl-151"/>
      </object_component>
      <object_component id="oc-5ca">
         <name>.text</name>
         <load_address>0x2000c122</load_address>
         <run_address>0x2000c122</run_address>
         <size>0x2a</size>
         <input_file_ref idref="fl-153"/>
      </object_component>
      <object_component id="oc-358">
         <name>.text:PRCMPeripheralClkDisable</name>
         <load_address>0x2000c14c</load_address>
         <run_address>0x2000c14c</run_address>
         <size>0x28</size>
         <input_file_ref idref="fl-166"/>
      </object_component>
      <object_component id="oc-46a">
         <name>.text:DmaSpiSwIntHandler</name>
         <load_address>0x2000c174</load_address>
         <run_address>0x2000c174</run_address>
         <size>0x24</size>
         <input_file_ref idref="fl-163"/>
      </object_component>
      <object_component id="oc-499">
         <name>.text:IntUnregister</name>
         <load_address>0x2000c198</load_address>
         <run_address>0x2000c198</run_address>
         <size>0x24</size>
         <input_file_ref idref="fl-164"/>
      </object_component>
      <object_component id="oc-3e5">
         <name>.text:UARTEnable</name>
         <load_address>0x2000c1bc</load_address>
         <run_address>0x2000c1bc</run_address>
         <size>0x24</size>
         <input_file_ref idref="fl-168"/>
      </object_component>
      <object_component id="oc-47f">
         <name>.text:_SlDrvProtectionObjLockWaitForever</name>
         <load_address>0x2000c1e0</load_address>
         <run_address>0x2000c1e0</run_address>
         <size>0x24</size>
         <input_file_ref idref="fl-15d"/>
      </object_component>
      <object_component id="oc-208">
         <name>.text</name>
         <load_address>0x2000c204</load_address>
         <run_address>0x2000c204</run_address>
         <size>0x24</size>
         <input_file_ref idref="fl-134"/>
      </object_component>
      <object_component id="oc-2e8">
         <name>.text</name>
         <load_address>0x2000c228</load_address>
         <run_address>0x2000c228</run_address>
         <size>0x24</size>
         <input_file_ref idref="fl-150"/>
      </object_component>
      <object_component id="oc-428">
         <name>.text:SPIReset</name>
         <load_address>0x2000c24c</load_address>
         <run_address>0x2000c24c</run_address>
         <size>0x22</size>
         <input_file_ref idref="fl-167"/>
      </object_component>
      <object_component id="oc-6cf">
         <name>.text:SPIWordCountSet</name>
         <load_address>0x2000c26e</load_address>
         <run_address>0x2000c26e</run_address>
         <size>0x22</size>
         <input_file_ref idref="fl-167"/>
      </object_component>
      <object_component id="oc-5b8">
         <name>.text</name>
         <load_address>0x2000c290</load_address>
         <run_address>0x2000c290</run_address>
         <size>0x22</size>
         <input_file_ref idref="fl-14a"/>
      </object_component>
      <object_component id="oc-452">
         <name>.text:IntRegister</name>
         <load_address>0x2000c2b4</load_address>
         <run_address>0x2000c2b4</run_address>
         <size>0x20</size>
         <input_file_ref idref="fl-164"/>
      </object_component>
      <object_component id="oc-485">
         <name>.text:_SlDrvProtectionObjUnLock</name>
         <load_address>0x2000c2d4</load_address>
         <run_address>0x2000c2d4</run_address>
         <size>0x20</size>
         <input_file_ref idref="fl-15d"/>
      </object_component>
      <object_component id="oc-1ea">
         <name>.text:UARTCharPut</name>
         <load_address>0x2000c2f4</load_address>
         <run_address>0x2000c2f4</run_address>
         <size>0x1e</size>
         <input_file_ref idref="fl-168"/>
      </object_component>
      <object_component id="oc-4e5">
         <name>.text:_SlDrvObjLockWaitForever</name>
         <load_address>0x2000c312</load_address>
         <run_address>0x2000c312</run_address>
         <size>0x1e</size>
         <input_file_ref idref="fl-15d"/>
      </object_component>
      <object_component id="oc-266">
         <name>.text:_SlDrvSyncObjWaitForever</name>
         <load_address>0x2000c330</load_address>
         <run_address>0x2000c330</run_address>
         <size>0x1e</size>
         <input_file_ref idref="fl-15d"/>
      </object_component>
      <object_component id="oc-43a">
         <name>.text:cc_UDMAChannelSelect</name>
         <load_address>0x2000c34e</load_address>
         <run_address>0x2000c34e</run_address>
         <size>0x1e</size>
         <input_file_ref idref="fl-163"/>
      </object_component>
      <object_component id="oc-1fc">
         <name>.text:UARTCharGetNonBlocking</name>
         <load_address>0x2000c36c</load_address>
         <run_address>0x2000c36c</run_address>
         <size>0x1c</size>
         <input_file_ref idref="fl-168"/>
      </object_component>
      <object_component id="oc-1a7">
         <name>.text</name>
         <load_address>0x2000c388</load_address>
         <run_address>0x2000c388</run_address>
         <size>0x1c</size>
         <input_file_ref idref="fl-3"/>
      </object_component>
      <object_component id="oc-5d0">
         <name>.text</name>
         <load_address>0x2000c3a4</load_address>
         <run_address>0x2000c3a4</run_address>
         <size>0x1c</size>
         <input_file_ref idref="fl-14e"/>
      </object_component>
      <object_component id="oc-39b">
         <name>.text:uDMAChannelDisable</name>
         <load_address>0x2000c3c0</load_address>
         <run_address>0x2000c3c0</run_address>
         <size>0x1c</size>
         <input_file_ref idref="fl-169"/>
      </object_component>
      <object_component id="oc-3bf">
         <name>.text:uDMAChannelEnable</name>
         <load_address>0x2000c3dc</load_address>
         <run_address>0x2000c3dc</run_address>
         <size>0x1c</size>
         <input_file_ref idref="fl-169"/>
      </object_component>
      <object_component id="oc-395">
         <name>.text:uDMAChannelRequest</name>
         <load_address>0x2000c3f8</load_address>
         <run_address>0x2000c3f8</run_address>
         <size>0x1c</size>
         <input_file_ref idref="fl-169"/>
      </object_component>
      <object_component id="oc-3d4">
         <name>.text:PinTypeUART</name>
         <load_address>0x2000c414</load_address>
         <run_address>0x2000c414</run_address>
         <size>0x1a</size>
         <input_file_ref idref="fl-165"/>
      </object_component>
      <object_component id="oc-50e">
         <name>.text:SPIDmaDisable</name>
         <load_address>0x2000c42e</load_address>
         <run_address>0x2000c42e</run_address>
         <size>0x1a</size>
         <input_file_ref idref="fl-167"/>
      </object_component>
      <object_component id="oc-446">
         <name>.text:SPIDmaEnable</name>
         <load_address>0x2000c448</load_address>
         <run_address>0x2000c448</run_address>
         <size>0x1a</size>
         <input_file_ref idref="fl-167"/>
      </object_component>
      <object_component id="oc-508">
         <name>.text:SPIFIFODisable</name>
         <load_address>0x2000c462</load_address>
         <run_address>0x2000c462</run_address>
         <size>0x1a</size>
         <input_file_ref idref="fl-167"/>
      </object_component>
      <object_component id="oc-440">
         <name>.text:SPIFIFOEnable</name>
         <load_address>0x2000c47c</load_address>
         <run_address>0x2000c47c</run_address>
         <size>0x1a</size>
         <input_file_ref idref="fl-167"/>
      </object_component>
      <object_component id="oc-502">
         <name>.text:SPIIntUnregister</name>
         <load_address>0x2000c496</load_address>
         <run_address>0x2000c496</run_address>
         <size>0x1a</size>
         <input_file_ref idref="fl-167"/>
      </object_component>
      <object_component id="oc-4f7">
         <name>.text:_SlDrvObjUnLock</name>
         <load_address>0x2000c4b0</load_address>
         <run_address>0x2000c4b0</run_address>
         <size>0x1a</size>
         <input_file_ref idref="fl-15d"/>
      </object_component>
      <object_component id="oc-4b4">
         <name>.text:_SlDrvSyncObjSignal</name>
         <load_address>0x2000c4ca</load_address>
         <run_address>0x2000c4ca</run_address>
         <size>0x1a</size>
         <input_file_ref idref="fl-15d"/>
      </object_component>
      <object_component id="oc-41c">
         <name>.text:SPICSDisable</name>
         <load_address>0x2000c4e4</load_address>
         <run_address>0x2000c4e4</run_address>
         <size>0x18</size>
         <input_file_ref idref="fl-167"/>
      </object_component>
      <object_component id="oc-6c9">
         <name>.text:SPICSEnable</name>
         <load_address>0x2000c4fc</load_address>
         <run_address>0x2000c4fc</run_address>
         <size>0x18</size>
         <input_file_ref idref="fl-167"/>
      </object_component>
      <object_component id="oc-422">
         <name>.text:SPIDisable</name>
         <load_address>0x2000c514</load_address>
         <run_address>0x2000c514</run_address>
         <size>0x18</size>
         <input_file_ref idref="fl-167"/>
      </object_component>
      <object_component id="oc-45e">
         <name>.text:SPIEnable</name>
         <load_address>0x2000c52c</load_address>
         <run_address>0x2000c52c</run_address>
         <size>0x18</size>
         <input_file_ref idref="fl-167"/>
      </object_component>
      <object_component id="oc-1f6">
         <name>.text:UARTCharsAvail</name>
         <load_address>0x2000c544</load_address>
         <run_address>0x2000c544</run_address>
         <size>0x18</size>
         <input_file_ref idref="fl-168"/>
      </object_component>
      <object_component id="oc-40c">
         <name>.text:_SlNonOsSemSet</name>
         <load_address>0x2000c55c</load_address>
         <run_address>0x2000c55c</run_address>
         <size>0x18</size>
         <input_file_ref idref="fl-160"/>
      </object_component>
      <object_component id="oc-272">
         <name>.text:_sl_GetStartResponseConvert</name>
         <load_address>0x2000c574</load_address>
         <run_address>0x2000c574</run_address>
         <size>0x18</size>
         <input_file_ref idref="fl-15c"/>
      </object_component>
      <object_component id="oc-67">
         <name>.text</name>
         <load_address>0x2000c58c</load_address>
         <run_address>0x2000c58c</run_address>
         <size>0x18</size>
         <input_file_ref idref="fl-13f"/>
      </object_component>
      <object_component id="oc-340">
         <name>.text:PRCMHIBRegRead</name>
         <load_address>0x2000c5a4</load_address>
         <run_address>0x2000c5a4</run_address>
         <size>0x16</size>
         <input_file_ref idref="fl-166"/>
      </object_component>
      <object_component id="oc-346">
         <name>.text:PRCMHIBRegWrite</name>
         <load_address>0x2000c5ba</load_address>
         <run_address>0x2000c5ba</run_address>
         <size>0x16</size>
         <input_file_ref idref="fl-166"/>
      </object_component>
      <object_component id="oc-136">
         <name>.text:UARTCharGet</name>
         <load_address>0x2000c5d0</load_address>
         <run_address>0x2000c5d0</run_address>
         <size>0x16</size>
         <input_file_ref idref="fl-168"/>
      </object_component>
      <object_component id="oc-32a">
         <name>.text:_SlDrvMemZero</name>
         <load_address>0x2000c5e6</load_address>
         <run_address>0x2000c5e6</run_address>
         <size>0x16</size>
         <input_file_ref idref="fl-15d"/>
      </object_component>
      <object_component id="oc-5c4">
         <name>.text</name>
         <load_address>0x2000c5fc</load_address>
         <run_address>0x2000c5fc</run_address>
         <size>0x16</size>
         <input_file_ref idref="fl-14f"/>
      </object_component>
      <object_component id="oc-377">
         <name>.text:uDMAIntRegister</name>
         <load_address>0x2000c612</load_address>
         <run_address>0x2000c612</run_address>
         <size>0x16</size>
         <input_file_ref idref="fl-169"/>
      </object_component>
      <object_component id="oc-335">
         <name>.text:CPUcpsie</name>
         <load_address>0x2000c628</load_address>
         <run_address>0x2000c628</run_address>
         <size>0x14</size>
         <input_file_ref idref="fl-16b"/>
      </object_component>
      <object_component id="oc-189">
         <name>.text:IntVTableBaseSet</name>
         <load_address>0x2000c63c</load_address>
         <run_address>0x2000c63c</run_address>
         <size>0x14</size>
         <input_file_ref idref="fl-164"/>
      </object_component>
      <object_component id="oc-1c9">
         <name>.text</name>
         <load_address>0x2000c650</load_address>
         <run_address>0x2000c650</run_address>
         <size>0x14</size>
         <input_file_ref idref="fl-13d"/>
      </object_component>
      <object_component id="oc-202">
         <name>.text</name>
         <load_address>0x2000c664</load_address>
         <run_address>0x2000c664</run_address>
         <size>0x14</size>
         <input_file_ref idref="fl-139"/>
      </object_component>
      <object_component id="oc-383">
         <name>.text:uDMAControlBaseSet</name>
         <load_address>0x2000c678</load_address>
         <run_address>0x2000c678</run_address>
         <size>0x14</size>
         <input_file_ref idref="fl-169"/>
      </object_component>
      <object_component id="oc-36b">
         <name>.text:uDMAIntClear</name>
         <load_address>0x2000c68c</load_address>
         <run_address>0x2000c68c</run_address>
         <size>0x14</size>
         <input_file_ref idref="fl-169"/>
      </object_component>
      <object_component id="oc-3a1">
         <name>.text:uDMAIntUnregister</name>
         <load_address>0x2000c6a0</load_address>
         <run_address>0x2000c6a0</run_address>
         <size>0x12</size>
         <input_file_ref idref="fl-169"/>
      </object_component>
      <object_component id="oc-2b5">
         <name>.text:_SlDrvResetCmdExt</name>
         <load_address>0x2000c6b2</load_address>
         <run_address>0x2000c6b2</run_address>
         <size>0xe</size>
         <input_file_ref idref="fl-15d"/>
      </object_component>
      <object_component id="oc-12">
         <name>.text:decompress:none</name>
         <load_address>0x2000c6c0</load_address>
         <run_address>0x2000c6c0</run_address>
         <size>0xe</size>
         <input_file_ref idref="fl-12f"/>
      </object_component>
      <object_component id="oc-2d">
         <name>.text</name>
         <load_address>0x2000c6ce</load_address>
         <run_address>0x2000c6ce</run_address>
         <size>0xe</size>
         <input_file_ref idref="fl-4"/>
      </object_component>
      <object_component id="oc-48c">
         <name>.text:NwpMaskInterrupt</name>
         <load_address>0x2000c6dc</load_address>
         <run_address>0x2000c6dc</run_address>
         <size>0xc</size>
         <input_file_ref idref="fl-163"/>
      </object_component>
      <object_component id="oc-4a6">
         <name>.text:NwpUnMaskInterrupt</name>
         <load_address>0x2000c6e8</load_address>
         <run_address>0x2000c6e8</run_address>
         <size>0xc</size>
         <input_file_ref idref="fl-163"/>
      </object_component>
      <object_component id="oc-1e">
         <name>.text:decompress:ZI</name>
         <load_address>0x2000c6f4</load_address>
         <run_address>0x2000c6f4</run_address>
         <size>0xc</size>
         <input_file_ref idref="fl-131"/>
      </object_component>
      <object_component id="oc-105">
         <name>.text:sl_WlanDisconnect</name>
         <load_address>0x2000c700</load_address>
         <run_address>0x2000c700</run_address>
         <size>0xc</size>
         <input_file_ref idref="fl-162"/>
      </object_component>
      <object_component id="oc-3a7">
         <name>.text:uDMADisable</name>
         <load_address>0x2000c70c</load_address>
         <run_address>0x2000c70c</run_address>
         <size>0xc</size>
         <input_file_ref idref="fl-169"/>
      </object_component>
      <object_component id="oc-37d">
         <name>.text:uDMAEnable</name>
         <load_address>0x2000c718</load_address>
         <run_address>0x2000c718</run_address>
         <size>0xc</size>
         <input_file_ref idref="fl-169"/>
      </object_component>
      <object_component id="oc-365">
         <name>.text:uDMAIntStatus</name>
         <load_address>0x2000c724</load_address>
         <run_address>0x2000c724</run_address>
         <size>0xc</size>
         <input_file_ref idref="fl-169"/>
      </object_component>
      <object_component id="oc-18f">
         <name>.text:IntMasterEnable</name>
         <load_address>0x2000c730</load_address>
         <run_address>0x2000c730</run_address>
         <size>0xa</size>
         <input_file_ref idref="fl-164"/>
      </object_component>
      <object_component id="oc-179">
         <name>.text:UtilsDelay</name>
         <load_address>0x2000c73a</load_address>
         <run_address>0x2000c73a</run_address>
         <size>0x6</size>
         <input_file_ref idref="fl-16a"/>
      </object_component>
      <object_component id="oc-18">
         <name>.text:decompress:rle24</name>
         <load_address>0x2000c740</load_address>
         <run_address>0x2000c740</run_address>
         <size>0x6</size>
         <input_file_ref idref="fl-130"/>
      </object_component>
      <object_component id="oc-5b">
         <name>.text</name>
         <load_address>0x2000c746</load_address>
         <run_address>0x2000c746</run_address>
         <size>0x4</size>
         <input_file_ref idref="fl-137"/>
      </object_component>
      <object_component id="oc-2f3">
         <name>.const:.string:_ctypes_</name>
         <load_address>0x2000c74c</load_address>
         <run_address>0x2000c74c</run_address>
         <size>0x101</size>
         <input_file_ref idref="fl-143"/>
      </object_component>
      <object_component id="oc-66c">
         <name>.const:g_ulPinToPadMap</name>
         <load_address>0x2000c850</load_address>
         <run_address>0x2000c850</run_address>
         <size>0x100</size>
         <input_file_ref idref="fl-165"/>
      </object_component>
      <object_component id="oc-559">
         <name>.const:g_pulRegs</name>
         <load_address>0x2000c950</load_address>
         <run_address>0x2000c950</run_address>
         <size>0xd4</size>
         <input_file_ref idref="fl-164"/>
      </object_component>
      <object_component id="oc-330">
         <name>.const:$P$T0$1</name>
         <load_address>0x2000ca24</load_address>
         <run_address>0x2000ca24</run_address>
         <size>0xb0</size>
         <input_file_ref idref="fl-162"/>
      </object_component>
      <object_component id="oc-54f">
         <name>.const:PRCM_PeriphRegsList</name>
         <load_address>0x2000cad4</load_address>
         <run_address>0x2000cad4</run_address>
         <size>0xa8</size>
         <input_file_ref idref="fl-166"/>
      </object_component>
      <object_component id="oc-33c">
         <name>.const</name>
         <load_address>0x2000cb7c</load_address>
         <run_address>0x2000cb7c</run_address>
         <size>0x80</size>
         <input_file_ref idref="fl-164"/>
      </object_component>
      <object_component id="oc-6bf">
         <name>.const:OpcodeTranslateTable</name>
         <load_address>0x2000cbfc</load_address>
         <run_address>0x2000cbfc</run_address>
         <size>0x3c</size>
         <input_file_ref idref="fl-15d"/>
      </object_component>
      <object_component id="oc-296">
         <name>.const</name>
         <load_address>0x2000cc38</load_address>
         <run_address>0x2000cc38</run_address>
         <size>0x3c</size>
         <input_file_ref idref="fl-162"/>
      </object_component>
      <object_component id="oc-730">
         <name>.const:_SlActionLookupTable</name>
         <load_address>0x2000cc74</load_address>
         <run_address>0x2000cc74</run_address>
         <size>0x38</size>
         <input_file_ref idref="fl-15d"/>
      </object_component>
      <object_component id="oc-519">
         <name>.const</name>
         <load_address>0x2000ccac</load_address>
         <run_address>0x2000ccac</run_address>
         <size>0x34</size>
         <input_file_ref idref="fl-15d"/>
      </object_component>
      <object_component id="oc-2ff">
         <name>.const</name>
         <load_address>0x2000cce0</load_address>
         <run_address>0x2000cce0</run_address>
         <size>0x34</size>
         <input_file_ref idref="fl-161"/>
      </object_component>
      <object_component id="oc-11d">
         <name>.const:$P$T1$2</name>
         <load_address>0x2000cd14</load_address>
         <run_address>0x2000cd14</run_address>
         <size>0x2c</size>
         <input_file_ref idref="fl-2"/>
      </object_component>
      <object_component id="oc-160">
         <name>.const:.string</name>
         <load_address>0x2000cd40</load_address>
         <run_address>0x2000cd40</run_address>
         <size>0x2b</size>
         <input_file_ref idref="fl-2"/>
      </object_component>
      <object_component id="oc-521">
         <name>.const</name>
         <load_address>0x2000cd6c</load_address>
         <run_address>0x2000cd6c</run_address>
         <size>0x28</size>
         <input_file_ref idref="fl-15e"/>
      </object_component>
      <object_component id="oc-6dc">
         <name>.const:g_ppulSPIIntMap</name>
         <load_address>0x2000cd94</load_address>
         <run_address>0x2000cd94</run_address>
         <size>0x24</size>
         <input_file_ref idref="fl-167"/>
      </object_component>
      <object_component id="oc-129">
         <name>.const:.string:$P$T0$1</name>
         <load_address>0x2000cdb8</load_address>
         <run_address>0x2000cdb8</run_address>
         <size>0x22</size>
         <input_file_ref idref="fl-2"/>
      </object_component>
      <object_component id="oc-120">
         <name>.const</name>
         <load_address>0x2000cddc</load_address>
         <run_address>0x2000cddc</run_address>
         <size>0x20</size>
         <input_file_ref idref="fl-2"/>
      </object_component>
      <object_component id="oc-6a0">
         <name>.const</name>
         <load_address>0x2000cdfc</load_address>
         <run_address>0x2000cdfc</run_address>
         <size>0x18</size>
         <input_file_ref idref="fl-167"/>
      </object_component>
      <object_component id="oc-2ac">
         <name>.const</name>
         <load_address>0x2000ce14</load_address>
         <run_address>0x2000ce14</run_address>
         <size>0x14</size>
         <input_file_ref idref="fl-15c"/>
      </object_component>
      <object_component id="oc-540">
         <name>.const:.string</name>
         <load_address>0x2000ce28</load_address>
         <run_address>0x2000ce28</run_address>
         <size>0x10</size>
         <input_file_ref idref="fl-161"/>
      </object_component>
      <object_component id="oc-4bb">
         <name>.const:.string</name>
         <load_address>0x2000ce38</load_address>
         <run_address>0x2000ce38</run_address>
         <size>0x8</size>
         <input_file_ref idref="fl-15c"/>
      </object_component>
      <object_component id="oc-2ca">
         <name>.const</name>
         <load_address>0x2000ce40</load_address>
         <run_address>0x2000ce40</run_address>
         <size>0x8</size>
         <input_file_ref idref="fl-15f"/>
      </object_component>
      <object_component id="oc-7e6">
         <name>.cinit..data.load</name>
         <load_address>0x2000ce48</load_address>
         <run_address>0x2000ce48</run_address>
         <size>0x60</size>
      </object_component>
      <object_component id="oc-7e4">
         <name>__TI_handler_table</name>
         <load_address>0x2000cea8</load_address>
         <run_address>0x2000cea8</run_address>
         <size>0xc</size>
      </object_component>
      <object_component id="oc-7e7">
         <name>.cinit..bss.load</name>
         <load_address>0x2000ceb8</load_address>
         <run_address>0x2000ceb8</run_address>
         <size>0x8</size>
      </object_component>
      <object_component id="oc-7e5">
         <name>__TI_cinit_table</name>
         <load_address>0x2000cec0</load_address>
         <run_address>0x2000cec0</run_address>
         <size>0x10</size>
      </object_component>
      <object_component id="oc-2a">
         <name>.sysmem</name>
         <uninitialized>true</uninitialized>
         <run_address>0x20017ca0</run_address>
         <size>0x8</size>
         <input_file_ref idref="fl-135"/>
      </object_component>
      <object_component id="oc-7e9">
         <name>.sysmem</name>
         <uninitialized>true</uninitialized>
         <run_address>0x20017ca0</run_address>
         <size>0x0</size>
      </object_component>
      <object_component id="oc-29">
         <name>.stack</name>
         <uninitialized>true</uninitialized>
         <run_address>0x2002f800</run_address>
         <size>0x0</size>
         <input_file_ref idref="fl-12e"/>
      </object_component>
      <object_component id="oc-7e8">
         <name>.stack</name>
         <uninitialized>true</uninitialized>
         <run_address>0x2002f800</run_address>
         <size>0x0</size>
      </object_component>
      <object_component id="oc-d5">
         <name>.bss:g_ucConnectionSSID</name>
         <uninitialized>true</uninitialized>
         <run_address>0x20017c78</run_address>
         <size>0x24</size>
         <input_file_ref idref="fl-2"/>
      </object_component>
      <object_component id="oc-180">
         <name>.bss:g_cBsdBuf</name>
         <uninitialized>true</uninitialized>
         <run_address>0x20017000</run_address>
         <size>0x578</size>
         <input_file_ref idref="fl-2"/>
      </object_component>
      <object_component id="oc-3cb">
         <name>.bss:gfpAppCallbackHndl</name>
         <uninitialized>true</uninitialized>
         <run_address>0x200176e0</run_address>
         <size>0x100</size>
         <input_file_ref idref="fl-6"/>
      </object_component>
      <object_component id="oc-3c8">
         <name>.bss:gpCtlTbl</name>
         <uninitialized>true</uninitialized>
         <run_address>0x20017800</run_address>
         <size>0x400</size>
         <input_file_ref idref="fl-6"/>
      </object_component>
      <object_component id="oc-418">
         <name>.bss:g_StatMem</name>
         <uninitialized>true</uninitialized>
         <run_address>0x20017578</run_address>
         <size>0x168</size>
         <input_file_ref idref="fl-15d"/>
      </object_component>
      <object_component id="oc-288">
         <name>.bss:g__SlNonOsCB</name>
         <uninitialized>true</uninitialized>
         <run_address>0x20017c50</run_address>
         <size>0x28</size>
         <input_file_ref idref="fl-160"/>
      </object_component>
      <object_component id="oc-467">
         <name>.bss:g_ucDinDout</name>
         <uninitialized>true</uninitialized>
         <run_address>0x20017c00</run_address>
         <size>0x50</size>
         <input_file_ref idref="fl-163"/>
      </object_component>
      <object_component id="oc-d8">
         <name>.common:g_ucConnectionBSSID</name>
         <uninitialized>true</uninitialized>
         <run_address>0x200177e0</run_address>
         <size>0x8</size>
      </object_component>
      <object_component id="oc-214">
         <name>.common:__Errorlog</name>
         <uninitialized>true</uninitialized>
[...]
      </symbol>
      <symbol id="sm-cd1">
         <name>_SlSockCloseCmdCtrl</name>
         <value>0x2000cce4</value>
         <object_component_ref idref="oc-2ff"/>
      </symbol>
      <symbol id="sm-cd2">
         <name>_SlSendCmdCtrl</name>
         <value>0x2000ccec</value>
         <object_component_ref idref="oc-2ff"/>
      </symbol>
      <symbol id="sm-cd3">
         <name>_sl_BuildAddress</name>
         <value>0x2000b815</value>
         <object_component_ref idref="oc-308"/>
      </symbol>
      <symbol id="sm-cd4">
         <name>sl_Send</name>
         <value>0x200092dd</value>
         <object_component_ref idref="oc-15a"/>
      </symbol>
      <symbol id="sm-cd5">
         <name>_sl_HandleAsync_Connect</name>
         <value>0x2000ac5d</value>
         <object_component_ref idref="oc-781"/>
      </symbol>
      <symbol id="sm-cd6">
         <name>sl_Htonl</name>
         <value>0x2000bb31</value>
         <object_component_ref idref="oc-142"/>
      </symbol>
      <symbol id="sm-cd7">
         <name>sl_Htons</name>
         <value>0x2000bd65</value>
         <object_component_ref idref="oc-13c"/>
      </symbol>
      <symbol id="sm-cd8">
         <name>_SlSelectCmdCtrl</name>
         <value>0x2000cd04</value>
         <object_component_ref idref="oc-2ff"/>
      </symbol>
      <symbol id="sm-cd9">
         <name>sl_Connect</name>
         <value>0x200091d5</value>
         <object_component_ref idref="oc-14e"/>
      </symbol>
      <symbol id="sm-cda">
         <name>sl_Socket</name>
         <value>0x2000b435</value>
         <object_component_ref idref="oc-148"/>
      </symbol>
      <symbol id="sm-cdb">
         <name>_sl_HandleAsync_Select</name>
         <value>0x2000b5ed</value>
         <object_component_ref idref="oc-787"/>
      </symbol>
      <symbol id="sm-cdc">
         <name>_SlSockSocketCmdCtrl</name>
         <value>0x2000cce0</value>
         <object_component_ref idref="oc-2ff"/>
      </symbol>
      <symbol id="sm-cdd">
         <name>_SlRecvfomCmdCtrl</name>
         <value>0x2000cce8</value>
         <object_component_ref idref="oc-2ff"/>
      </symbol>
      <symbol id="sm-cde">
         <name>_SlSetSockOptCmdCtrl</name>
         <value>0x2000ccfc</value>
         <object_component_ref idref="oc-2ff"/>
      </symbol>
      <symbol id="sm-cdf">
         <name>_SlAcceptCmdCtrl</name>
         <value>0x2000ccf4</value>
         <object_component_ref idref="oc-2ff"/>
      </symbol>
      <symbol id="sm-ce0">
         <name>_SlPayloadByProtocolLUT</name>
         <value>0x2000ce28</value>
         <object_component_ref idref="oc-540"/>
      </symbol>
      <symbol id="sm-ce1">
         <name>_SlListenCmdCtrl</name>
         <value>0x2000ccf0</value>
         <object_component_ref idref="oc-2ff"/>
      </symbol>
      <symbol id="sm-ce2">
         <name>_SlRecvCmdCtrl</name>
         <value>0x2000ccf8</value>
         <object_component_ref idref="oc-2ff"/>
      </symbol>
      <symbol id="sm-ce3">
         <name>_SlGetSockOptCmdCtrl</name>
         <value>0x2000cd00</value>
         <object_component_ref idref="oc-2ff"/>
      </symbol>
      <symbol id="sm-ce4">
         <name>_sl_TruncatePayloadByProtocol</name>
         <value>0x2000bced</value>
         <object_component_ref idref="oc-310"/>
      </symbol>
      <symbol id="sm-ce5">
         <name>sl_Close</name>
         <value>0x2000bfb5</value>
         <object_component_ref idref="oc-154"/>
      </symbol>
      <symbol id="sm-ce6">
         <name>_sl_HandleAsync_Accept</name>
         <value>0x2000b2bd</value>
         <object_component_ref idref="oc-77b"/>
      </symbol>
      <symbol id="sm-ce7">
         <name>sl_SetSockOpt</name>
         <value>0x2000b0bd</value>
         <object_component_ref idref="oc-16d"/>
      </symbol>
      <symbol id="sm-ce8">
         <name>sl_Listen</name>
         <value>0x2000bda1</value>
         <object_component_ref idref="oc-167"/>
      </symbol>
      <symbol id="sm-ce9">
         <name>sl_Bind</name>
         <value>0x2000a7cd</value>
         <object_component_ref idref="oc-161"/>
      </symbol>
      <symbol id="sm-d77">
         <name>sl_WlanDisconnect</name>
         <value>0x2000c701</value>
         <object_component_ref idref="oc-105"/>
      </symbol>
      <symbol id="sm-d78">
         <name>_SlPolicyGetCmdCtrl</name>
         <value>0x2000cc3c</value>
         <object_component_ref idref="oc-296"/>
      </symbol>
      <symbol id="sm-d79">
         <name>_SlPolicySetCmdCtrl</name>
         <value>0x2000cc38</value>
         <object_component_ref idref="oc-296"/>
      </symbol>
      <symbol id="sm-d7a">
         <name>_SlRxFilterGetCmdCtrl</name>
         <value>0x2000cc54</value>
         <object_component_ref idref="oc-296"/>
      </symbol>
      <symbol id="sm-d7b">
         <name>_SlRxFilterSetCmdCtrl</name>
         <value>0x2000cc50</value>
         <object_component_ref idref="oc-296"/>
      </symbol>
      <symbol id="sm-d7c">
         <name>_SlProfileGetCmdCtrl</name>
         <value>0x2000cc40</value>
         <object_component_ref idref="oc-296"/>
      </symbol>
      <symbol id="sm-d7d">
         <name>_SlWlanGetNetworkListCtrl</name>
         <value>0x2000cc48</value>
         <object_component_ref idref="oc-296"/>
      </symbol>
      <symbol id="sm-d7e">
         <name>sl_WlanPolicySet</name>
         <value>0x2000b31d</value>
         <object_component_ref idref="oc-f9"/>
      </symbol>
      <symbol id="sm-d7f">
         <name>_SlProfileDelCmdCtrl</name>
         <value>0x2000cc44</value>
         <object_component_ref idref="oc-296"/>
      </symbol>
      <symbol id="sm-d80">
         <name>_SlWlanSetModeCmdCtrl</name>
         <value>0x2000cc5c</value>
         <object_component_ref idref="oc-296"/>
      </symbol>
      <symbol id="sm-d81">
         <name>_SlWlanCfgSetCmdCtrl</name>
         <value>0x2000cc60</value>
         <object_component_ref idref="oc-296"/>
      </symbol>
      <symbol id="sm-d82">
         <name>_SlWlanCfgGetCmdCtrl</name>
         <value>0x2000cc64</value>
         <object_component_ref idref="oc-296"/>
      </symbol>
      <symbol id="sm-d83">
         <name>sl_WlanProfileDel</name>
         <value>0x2000bfe5</value>
         <object_component_ref idref="oc-ff"/>
      </symbol>
      <symbol id="sm-d84">
         <name>_SlRxFilterAddtCmdCtrl</name>
         <value>0x2000cc4c</value>
         <object_component_ref idref="oc-296"/>
      </symbol>
      <symbol id="sm-d85">
         <name>sl_WlanRxFilterSet</name>
         <value>0x2000b641</value>
         <object_component_ref idref="oc-123"/>
      </symbol>
      <symbol id="sm-d86">
         <name>sl_WlanConnect</name>
         <value>0x200078b5</value>
         <object_component_ref idref="oc-183"/>
      </symbol>
      <symbol id="sm-d87">
         <name>sl_WlanSet</name>
         <value>0x2000b125</value>
         <object_component_ref idref="oc-111"/>
      </symbol>
      <symbol id="sm-d88">
         <name>_SlSmartConfigStartCmdCtrl</name>
         <value>0x2000cc58</value>
         <object_component_ref idref="oc-296"/>
      </symbol>
      <symbol id="sm-d89">
         <name>sl_WlanSetMode</name>
         <value>0x2000c015</value>
         <object_component_ref idref="oc-e7"/>
      </symbol>
      <symbol id="sm-e9b">
         <name>g_cDummy</name>
         <value>0x200177ed</value>
      </symbol>
      <symbol id="sm-e9c">
         <name>NwpMaskInterrupt</name>
         <value>0x2000c6dd</value>
         <object_component_ref idref="oc-48c"/>
      </symbol>
      <symbol id="sm-e9d">
         <name>NwpRegisterInterruptHandler</name>
         <value>0x2000bc35</value>
         <object_component_ref idref="oc-25a"/>
      </symbol>
      <symbol id="sm-e9e">
         <name>NwpPowerOnPreamble</name>
         <value>0x2000a961</value>
         <object_component_ref idref="oc-23c"/>
      </symbol>
      <symbol id="sm-e9f">
         <name>g_pHostIntHdl</name>
         <value>0x200185fc</value>
         <object_component_ref idref="oc-464"/>
      </symbol>
      <symbol id="sm-ea0">
         <name>NwpUnMaskInterrupt</name>
         <value>0x2000c6e9</value>
         <object_component_ref idref="oc-4a6"/>
      </symbol>
      <symbol id="sm-ea1">
         <name>g_ucDinDout</name>
         <value>0x20017c00</value>
         <object_component_ref idref="oc-467"/>
      </symbol>
      <symbol id="sm-ea2">
         <name>NwpPowerOff</name>
         <value>0x2000be19</value>
         <object_component_ref idref="oc-254"/>
      </symbol>
      <symbol id="sm-ea3">
         <name>spi_Read</name>
         <value>0x200096e1</value>
         <object_component_ref idref="oc-6b2"/>
      </symbol>
      <symbol id="sm-ea4">
         <name>DmaSpiSwIntHandler</name>
         <value>0x2000c175</value>
         <object_component_ref idref="oc-46a"/>
      </symbol>
      <symbol id="sm-ea5">
         <name>NwpPowerOn</name>
         <value>0x2000c0a1</value>
         <object_component_ref idref="oc-260"/>
      </symbol>
      <symbol id="sm-ea6">
         <name>spi_Close</name>
         <value>0x2000acd5</value>
         <object_component_ref idref="oc-2a0"/>
      </symbol>
      <symbol id="sm-ea7">
         <name>spi_Write</name>
         <value>0x2000a361</value>
         <object_component_ref idref="oc-639"/>
      </symbol>
      <symbol id="sm-ea8">
         <name>spi_Open</name>
         <value>0x20008895</value>
         <object_component_ref idref="oc-248"/>
      </symbol>
      <symbol id="sm-ea9">
         <name>g_ucDMAEnabled</name>
         <value>0x20018600</value>
         <object_component_ref idref="oc-464"/>
      </symbol>
      <symbol id="sm-eaa">
         <name>g_SpiFd</name>
         <value>0x200185f8</value>
         <object_component_ref idref="oc-464"/>
      </symbol>
      <symbol id="sm-f30">
         <name>IntPendClear</name>
         <value>0x2000b491</value>
         <object_component_ref idref="oc-49f"/>
      </symbol>
      <symbol id="sm-f31">
         <name>IntPrioritySet</name>
         <value>0x2000b599</value>
         <object_component_ref idref="oc-371"/>
      </symbol>
      <symbol id="sm-f32">
         <name>IntVTableBaseSet</name>
         <value>0x2000c63d</value>
         <object_component_ref idref="oc-189"/>
      </symbol>
      <symbol id="sm-f33">
         <name>IntEnable</name>
         <value>0x2000a045</value>
         <object_component_ref idref="oc-195"/>
      </symbol>
      <symbol id="sm-f34">
         <name>IntDisable</name>
         <value>0x20009f9d</value>
         <object_component_ref idref="oc-493"/>
      </symbol>
      <symbol id="sm-f35">
         <name>IntRegister</name>
         <value>0x2000c2b5</value>
         <object_component_ref idref="oc-452"/>
      </symbol>
      <symbol id="sm-f36">
         <name>IntUnregister</name>
         <value>0x2000c199</value>
         <object_component_ref idref="oc-499"/>
      </symbol>
      <symbol id="sm-f37">
         <name>IntMasterEnable</name>
         <value>0x2000c731</value>
         <object_component_ref idref="oc-18f"/>
      </symbol>
      <symbol id="sm-f64">
         <name>PinTypeUART</name>
         <value>0x2000c415</value>
         <object_component_ref idref="oc-3d4"/>
      </symbol>
      <symbol id="sm-f65">
         <name>PinConfigSet</name>
         <value>0x2000a6bd</value>
         <object_component_ref idref="oc-581"/>
      </symbol>
      <symbol id="sm-f66">
         <name>PinModeSet</name>
         <value>0x2000bb75</value>
         <object_component_ref idref="oc-57b"/>
      </symbol>
      <symbol id="sm-ff5">
         <name>PRCMPeripheralReset</name>
         <value>0x2000b4e9</value>
         <object_component_ref idref="oc-352"/>
      </symbol>
      <symbol id="sm-ff6">
         <name>PRCMPeripheralClkEnable</name>
         <value>0x2000bcb1</value>
         <object_component_ref idref="oc-34c"/>
      </symbol>
      <symbol id="sm-ff7">
         <name>PRCMPeripheralClockGet</name>
         <value>0x2000a3f9</value>
         <object_component_ref idref="oc-1de"/>
      </symbol>
      <symbol id="sm-ff8">
         <name>PRCMCC3200MCUInit</name>
         <value>0x20008c49</value>
         <object_component_ref idref="oc-19b"/>
      </symbol>
      <symbol id="sm-ff9">
         <name>PRCMHIBRegWrite</name>
         <value>0x2000c5bb</value>
         <object_component_ref idref="oc-346"/>
      </symbol>
      <symbol id="sm-ffa">
         <name>PRCMSysResetCauseGet</name>
         <value>0x2000c0cd</value>
         <object_component_ref idref="oc-35e"/>
      </symbol>
      <symbol id="sm-ffb">
         <name>PRCMPeripheralStatusGet</name>
         <value>0x2000be89</value>
         <object_component_ref idref="oc-434"/>
      </symbol>
      <symbol id="sm-ffc">
         <name>PRCMPeripheralClkDisable</name>
         <value>0x2000c14d</value>
         <object_component_ref idref="oc-358"/>
      </symbol>
      <symbol id="sm-ffd">
         <name>PRCMHIBRegRead</name>
         <value>0x2000c5a5</value>
         <object_component_ref idref="oc-340"/>
      </symbol>
      <symbol id="sm-10b8">
         <name>SPIFIFODisable</name>
         <value>0x2000c463</value>
         <object_component_ref idref="oc-508"/>
      </symbol>
      <symbol id="sm-10b9">
         <name>SPICSEnable</name>
         <value>0x2000c4fd</value>
         <object_component_ref idref="oc-6c9"/>
      </symbol>
      <symbol id="sm-10ba">
         <name>SPIDisable</name>
         <value>0x2000c515</value>
         <object_component_ref idref="oc-422"/>
      </symbol>
      <symbol id="sm-10bb">
         <name>SPIFIFOEnable</name>
         <value>0x2000c47d</value>
         <object_component_ref idref="oc-440"/>
      </symbol>
      <symbol id="sm-10bc">
         <name>SPIWordCountSet</name>
         <value>0x2000c26f</value>
         <object_component_ref idref="oc-6cf"/>
      </symbol>
      <symbol id="sm-10bd">
         <name>SPIEnable</name>
         <value>0x2000c52d</value>
         <object_component_ref idref="oc-45e"/>
      </symbol>
      <symbol id="sm-10be">
         <name>SPIDmaEnable</name>
         <value>0x2000c449</value>
         <object_component_ref idref="oc-446"/>
      </symbol>
      <symbol id="sm-10bf">
         <name>SPIConfigSetExpClk</name>
         <value>0x2000a0ed</value>
         <object_component_ref idref="oc-42e"/>
      </symbol>
      <symbol id="sm-10c0">
         <name>SPIIntUnregister</name>
         <value>0x2000c497</value>
         <object_component_ref idref="oc-502"/>
      </symbol>
      <symbol id="sm-10c1">
         <name>SPIFIFOLevelSet</name>
         <value>0x2000bebd</value>
         <object_component_ref idref="oc-44c"/>
      </symbol>
      <symbol id="sm-10c2">
         <name>SPIDmaDisable</name>
         <value>0x2000c42f</value>
         <object_component_ref idref="oc-50e"/>
      </symbol>
      <symbol id="sm-10c3">
         <name>SPIReset</name>
         <value>0x2000c24d</value>
         <object_component_ref idref="oc-428"/>
      </symbol>
      <symbol id="sm-10c4">
         <name>SPIIntEnable</name>
         <value>0x2000b6e5</value>
         <object_component_ref idref="oc-458"/>
      </symbol>
      <symbol id="sm-10c5">
         <name>SPIIntClear</name>
         <value>0x2000b945</value>
         <object_component_ref idref="oc-60a"/>
      </symbol>
      <symbol id="sm-10c6">
         <name>SPICSDisable</name>
         <value>0x2000c4e5</value>
         <object_component_ref idref="oc-41c"/>
      </symbol>
      <symbol id="sm-110b">
         <name>UARTConfigSetExpClk</name>
         <value>0x2000ad4d</value>
         <object_component_ref idref="oc-1e4"/>
      </symbol>
      <symbol id="sm-110c">
         <name>UARTDisable</name>
         <value>0x2000bf25</value>
         <object_component_ref idref="oc-3df"/>
      </symbol>
      <symbol id="sm-110d">
         <name>UARTCharsAvail</name>
         <value>0x2000c545</value>
         <object_component_ref idref="oc-1f6"/>
      </symbol>
      <symbol id="sm-110e">
         <name>UARTCharGetNonBlocking</name>
         <value>0x2000c36d</value>
         <object_component_ref idref="oc-1fc"/>
      </symbol>
      <symbol id="sm-110f">
         <name>UARTCharPut</name>
         <value>0x2000c2f5</value>
         <object_component_ref idref="oc-1ea"/>
      </symbol>
      <symbol id="sm-1110">
         <name>UARTEnable</name>
         <value>0x2000c1bd</value>
         <object_component_ref idref="oc-3e5"/>
      </symbol>
      <symbol id="sm-1111">
         <name>UARTCharGet</name>
         <value>0x2000c5d1</value>
         <object_component_ref idref="oc-136"/>
      </symbol>
      <symbol id="sm-11be">
         <name>uDMAChannelControlSet</name>
         <value>0x2000bddd</value>
         <object_component_ref idref="oc-3ad"/>
      </symbol>
      <symbol id="sm-11bf">
         <name>uDMAIntClear</name>
         <value>0x2000c68d</value>
         <object_component_ref idref="oc-36b"/>
      </symbol>
      <symbol id="sm-11c0">
         <name>uDMAChannelDisable</name>
         <value>0x2000c3c1</value>
         <object_component_ref idref="oc-39b"/>
      </symbol>
      <symbol id="sm-11c1">
         <name>uDMAIntUnregister</name>
         <value>0x2000c6a1</value>
         <object_component_ref idref="oc-3a1"/>
      </symbol>
      <symbol id="sm-11c2">
         <name>uDMAChannelAttributeEnable</name>
         <value>0x2000b259</value>
         <object_component_ref idref="oc-3b3"/>
      </symbol>
      <symbol id="sm-11c3">
         <name>uDMADisable</name>
         <value>0x2000c70d</value>
         <object_component_ref idref="oc-3a7"/>
      </symbol>
      <symbol id="sm-11c4">
         <name>uDMAChannelTransferSet</name>
         <value>0x200097d1</value>
         <object_component_ref idref="oc-3b9"/>
      </symbol>
      <symbol id="sm-11c5">
         <name>uDMAIntStatus</name>
         <value>0x2000c725</value>
         <object_component_ref idref="oc-365"/>
      </symbol>
      <symbol id="sm-11c6">
         <name>uDMAChannelAssign</name>
         <value>0x2000b8f9</value>
         <object_component_ref idref="oc-389"/>
      </symbol>
      <symbol id="sm-11c7">
         <name>uDMAIntRegister</name>
         <value>0x2000c613</value>
         <object_component_ref idref="oc-377"/>
      </symbol>
      <symbol id="sm-11c8">
         <name>uDMAEnable</name>
         <value>0x2000c719</value>
         <object_component_ref idref="oc-37d"/>
      </symbol>
      <symbol id="sm-11c9">
         <name>uDMAControlBaseSet</name>
         <value>0x2000c679</value>
         <object_component_ref idref="oc-383"/>
      </symbol>
      <symbol id="sm-11ca">
         <name>uDMAChannelAttributeDisable</name>
         <value>0x2000b1f5</value>
         <object_component_ref idref="oc-38f"/>
      </symbol>
      <symbol id="sm-11cb">
         <name>uDMAChannelEnable</name>
         <value>0x2000c3dd</value>
         <object_component_ref idref="oc-3bf"/>
      </symbol>
      <symbol id="sm-11cc">
         <name>uDMAChannelRequest</name>
         <value>0x2000c3f9</value>
         <object_component_ref idref="oc-395"/>
      </symbol>
      <symbol id="sm-11d0">
         <name>UtilsDelay</name>
         <value>0x2000c73b</value>
         <object_component_ref idref="oc-179"/>
      </symbol>
      <symbol id="sm-11da">
         <name>CPUcpsie</name>
         <value>0x2000c629</value>
         <object_component_ref idref="oc-335"/>
      </symbol>
      <symbol id="sm-11dc">
         <name>__TI_static_base__</name>
         <value>0x2000ce48</value>
      </symbol>
      <symbol id="sm-11df">
         <name>SHT$$INIT_ARRAY$$Limit</name>
         <value>0x0</value>
      </symbol>
      <symbol id="sm-11e0">
         <name>SHT$$INIT_ARRAY$$Base</name>
         <value>0x0</value>
      </symbol>
   </symbol_table>
   <title>Link successful</title>
</link_info>
